<?xml version="1.0" encoding="utf-8"?><testsuites><testsuite name="pytest" errors="0" failures="3" skipped="0" tests="1517" time="97.904" timestamp="2024-04-17T20:00:58.880180" hostname="b69bb4ffea3d"><testcase classname="database.tests.unit.test_events" name="test_shelter_repo_sync" time="0.358" /><testcase classname="database.tests.unit.test_model_utils.TestArchiveField" name="test_archive_getter_db_field_set" time="0.005" /><testcase classname="database.tests.unit.test_model_utils.TestArchiveField" name="test_archive_getter_archive_field_set" time="0.007" /><testcase classname="database.tests.unit.test_model_utils.TestArchiveField" name="test_archive_getter_file_not_in_storage" time="0.114" /><testcase classname="database.tests.unit.test_model_utils.TestArchiveField" name="test_archive_setter_db_field" time="0.009" /><testcase classname="database.tests.unit.test_model_utils.TestArchiveField" name="test_archive_setter_archive_field" time="0.009" /><testcase classname="database.tests.unit.test_models.TestReprModels" name="test_owner_repr" time="0.011" /><testcase classname="database.tests.unit.test_models.TestReprModels" name="test_repo_repr" time="0.009" /><testcase classname="database.tests.unit.test_models.TestReprModels" name="test_commit_repr" time="0.012" /><testcase classname="database.tests.unit.test_models.TestReprModels" name="test_branch_repr" time="0.010" /><testcase classname="database.tests.unit.test_models.TestReprModels" name="test_pull_repr" time="0.011" /><testcase classname="database.tests.unit.test_models.TestReprModels" name="test_notification_repr" time="0.011" /><testcase classname="database.tests.unit.test_models.TestReprModels" name="test_commit_compare_repr" time="0.008" /><testcase classname="database.tests.unit.test_models.TestReprModels" name="test_commit_notified" time="0.010" /><testcase classname="database.tests.unit.test_models.TestPullModel" name="test_updatestamp_update" time="0.010" /><testcase classname="database.tests.unit.test_models.TestReportDetailsModel" name="test_get_files_array_from_db" time="0.014" /><testcase classname="database.tests.unit.test_models.TestReportDetailsModel" name="test_get_files_array_from_storage" time="0.013" /><testcase classname="database.tests.unit.test_models.TestReportDetailsModel" name="test_get_files_array_from_storage_error" time="0.118" /><testcase classname="database.tests.unit.test_models.TestReportDetailsModel" name="test__should_write_to_storage" time="0.024" /><testcase classname="database.tests.unit.test_models.TestReportDetailsModel" name="test_set_files_array_to_db" time="0.014" /><testcase classname="database.tests.unit.test_models.TestReportDetailsModel" name="test_set_files_array_to_storage" time="0.014" /><testcase classname="database.tests.unit.test_models.TestCommitModel" name="test_get_report_from_db" time="0.011" /><testcase classname="database.tests.unit.test_models.TestCommitModel" name="test_get_report_from_storage" time="0.013" /><testcase classname="database.tests.unit.test_models.TestCommitModel" name="test_get_report_from_storage_file_not_found" time="0.115" /><testcase classname="database.tests.unit.test_models.TestGithubAppInstallationModel" name="test_covers_all_repos" time="0.021" /><testcase classname="database.tests.unit.test_models.TestGithubAppInstallationModel" name="test_covers_some_repos" time="0.016" /><testcase classname="database.tests.unit.test_models.TestGithubAppInstallationModel" name="test_is_configured" time="0.006" /><testcase classname="helpers.tests.unit.test_commit_error.TestSaveCommitError" name="test_save_commit_error" time="0.015" /><testcase classname="helpers.tests.unit.test_commit_error.TestSaveCommitError" name="test_save_commit_error_already_saved" time="0.013" /><testcase classname="helpers.tests.unit.test_github_installation" name="test_get_installation_name_for_owner_for_task" time="0.010" /><testcase classname="helpers.tests.unit.test_telemetry.TestMetricContext" name="test_populate_complete" time="0.016" /><testcase classname="helpers.tests.unit.test_telemetry.TestMetricContext" name="test_populate_no_repo" time="0.013" /><testcase classname="helpers.tests.unit.test_telemetry.TestMetricContext" name="test_log_simple_metric" time="3.715" /><testcase classname="helpers.tests.unit.test_telemetry.TestMetricContext" name="test_attempt_log_simple_metric" time="0.012" /><testcase classname="helpers.tests.unit.test_telemetry.TestTimeseriesTimer" name="test_sync" time="0.005" /><testcase classname="helpers.tests.unit.test_telemetry.TestTimeseriesTimer" name="test_async" time="0.006" /><testcase classname="services.comparison.tests.unit.test_get_or_create_comparison.TestGetOrCreateComparison" name="test_get_or_create_existing_comparison" time="0.014" /><testcase classname="services.comparison.tests.unit.test_get_or_create_comparison.TestGetOrCreateComparison" name="test_get_or_create_new_comparison" time="0.012" /><testcase classname="services.comparison.tests.unit.overlay.test_critical_path" name="test_load_critical_path_report" time="0.018" /><testcase classname="services.comparison.tests.unit.overlay.test_critical_path" name="test_load_critical_path_report_not_summarized" time="0.017" /><testcase classname="services.comparison.tests.unit.overlay.test_critical_path" name="test_load_critical_path_report_no_commit" time="0.014" /><testcase classname="services.comparison.tests.unit.overlay.test_critical_path" name="test_load_critical_path_report_yes_commit_no_storage" time="0.016" /><testcase classname="services.comparison.tests.unit.overlay.test_critical_path" name="test_critical_files_from_yaml_no_paths" time="0.014" /><testcase classname="services.comparison.tests.unit.overlay.test_critical_path" name="test_critical_files_from_yaml_with_paths" time="0.013" /><testcase classname="services.comparison.tests.unit.overlay.test_critical_path" name="test_critical_files_from_yaml_with_paths_get_yaml_from_provider" time="0.017" /><testcase classname="services.comparison.tests.unit.overlay.test_critical_path.TestCriticalPathOverlay" name="test_search_files_for_critical_changes_none_report" time="0.013" /><testcase classname="services.comparison.tests.unit.overlay.test_critical_path.TestCriticalPathOverlay" name="test_search_files_for_critical_changes_none_report_with_yaml_path" time="0.012" /><testcase classname="services.comparison.tests.unit.overlay.test_critical_path.TestCriticalPathOverlay" name="test_find_impacted_endpoints_no_analyzer" time="0.012" /><testcase classname="services.comparison.tests.unit.overlay.test_critical_path.TestCriticalPathOverlay" name="test_find_impacted_endpoints" time="0.022" /><testcase classname="services.notification.notifiers.tests.integration.test_comment.TestCommentNotifierIntegration" name="test_notify" time="0.183" /><testcase classname="services.notification.notifiers.tests.integration.test_comment.TestCommentNotifierIntegration" name="test_notify_upgrade" time="0.029" /><testcase classname="services.notification.notifiers.tests.integration.test_comment.TestCommentNotifierIntegration" name="test_notify_upload_limited" time="0.029" /><testcase classname="services.notification.notifiers.tests.integration.test_comment.TestCommentNotifierIntegration" name="test_notify_gitlab" time="0.064" /><testcase classname="services.notification.notifiers.tests.integration.test_comment.TestCommentNotifierIntegration" name="test_notify_new_layout" time="0.140" /><testcase classname="services.notification.notifiers.tests.integration.test_comment.TestCommentNotifierIntegration" name="test_notify_with_components" time="0.134" /><testcase classname="services.notification.notifiers.tests.unit.test_checks.TestChecksWithFallback" name="test_checks_403_failure" time="0.120" /><testcase classname="services.notification.notifiers.tests.unit.test_checks.TestChecksWithFallback" name="test_checks_failure" time="0.023" /><testcase classname="services.notification.notifiers.tests.unit.test_checks.TestChecksWithFallback" name="test_checks_no_pull" time="0.014" /><testcase classname="services.notification.notifiers.tests.unit.test_checks.TestChecksWithFallback" name="test_notify_pull_request_not_in_provider" time="0.015" /><testcase classname="services.notification.notifiers.tests.unit.test_checks.TestChecksWithFallback" name="test_notify_closed_pull_request" time="0.018" /><testcase classname="services.notification.notifiers.tests.unit.test_checks.TestBaseChecksNotifier" name="test_create_annotations_single_segment" time="0.014" /><testcase classname="services.notification.notifiers.tests.unit.test_checks.TestBaseChecksNotifier" name="test_create_annotations_multiple_segments" time="0.013" /><testcase classname="services.notification.notifiers.tests.unit.test_checks.TestBaseChecksNotifier" name="test_get_lines_to_annotate_no_consecutive_lines" time="0.014" /><testcase classname="services.notification.notifiers.tests.unit.test_checks.TestBaseChecksNotifier" name="test_get_lines_to_annotate_consecutive_lines" time="0.013" /><testcase classname="services.notification.notifiers.tests.unit.test_checks.TestPatchChecksNotifier" name="test_paginate_annotations" time="0.018" /><testcase classname="services.notification.notifiers.tests.unit.test_checks.TestPatchChecksNotifier" name="test_build_flag_payload" time="0.019" /><testcase classname="services.notification.notifiers.tests.unit.test_checks.TestPatchChecksNotifier" name="test_build_upgrade_payload" time="0.019" /><testcase classname="services.notification.notifiers.tests.unit.test_checks.TestPatchChecksNotifier" name="test_build_default_payload" time="0.021" /><testcase classname="services.notification.notifiers.tests.unit.test_checks.TestPatchChecksNotifier" name="test_build_payload_target_coverage_failure" time="0.019" /><testcase classname="services.notification.notifiers.tests.unit.test_checks.TestPatchChecksNotifier" name="test_build_payload_without_base_report" time="0.018" /><testcase classname="services.notification.notifiers.tests.unit.test_checks.TestPatchChecksNotifier" name="test_build_payload_target_coverage_failure_witinh_threshold" time="0.021" /><testcase classname="services.notification.notifiers.tests.unit.test_checks.TestPatchChecksNotifier" name="test_build_payload_with_multiple_changes" time="0.050" /><testcase classname="services.notification.notifiers.tests.unit.test_checks.TestPatchChecksNotifier" name="test_build_payload_no_diff" time="0.020" /><testcase classname="services.notification.notifiers.tests.unit.test_checks.TestPatchChecksNotifier" name="test_send_notification" time="0.018" /><testcase classname="services.notification.notifiers.tests.unit.test_checks.TestPatchChecksNotifier" name="test_send_notification_annotations_paginations" time="0.018" /><testcase classname="services.notification.notifiers.tests.unit.test_checks.TestPatchChecksNotifier" name="test_notify" time="0.022" /><testcase classname="services.notification.notifiers.tests.unit.test_checks.TestPatchChecksNotifier" name="test_notify_passing_empty_upload" time="0.022" /><testcase classname="services.notification.notifiers.tests.unit.test_checks.TestPatchChecksNotifier" name="test_notify_failing_empty_upload" time="0.020" /><testcase classname="services.notification.notifiers.tests.unit.test_checks.TestPatchChecksNotifier" name="test_notification_exception" time="0.016" /><testcase classname="services.notification.notifiers.tests.unit.test_checks.TestPatchChecksNotifier" name="test_checks_with_after_n_builds" time="0.016" /><testcase classname="services.notification.notifiers.tests.unit.test_checks.TestChangesChecksNotifier" name="test_build_payload" time="0.022" /><testcase classname="services.notification.notifiers.tests.unit.test_checks.TestChangesChecksNotifier" name="test_build_upgrade_payload" time="0.020" /><testcase classname="services.notification.notifiers.tests.unit.test_checks.TestChangesChecksNotifier" name="test_build_payload_with_multiple_changes" time="0.132" /><testcase classname="services.notification.notifiers.tests.unit.test_checks.TestChangesChecksNotifier" name="test_build_payload_without_base_report" time="0.018" /><testcase classname="services.notification.notifiers.tests.unit.test_checks.TestChangesChecksNotifier" name="test_build_failing_empty_upload_payload" time="0.019" /><testcase classname="services.notification.notifiers.tests.unit.test_checks.TestProjectChecksNotifier" name="test_analytics_url" time="0.021" /><testcase classname="services.notification.notifiers.tests.unit.test_checks.TestProjectChecksNotifier" name="test_build_flag_payload" time="0.020" /><testcase classname="services.notification.notifiers.tests.unit.test_checks.TestProjectChecksNotifier" name="test_build_upgrade_payload" time="0.019" /><testcase classname="services.notification.notifiers.tests.unit.test_checks.TestProjectChecksNotifier" name="test_build_passing_empty_upload_payload" time="0.017" /><testcase classname="services.notification.notifiers.tests.unit.test_checks.TestProjectChecksNotifier" name="test_build_default_payload" time="0.024" /><testcase classname="services.notification.notifiers.tests.unit.test_checks.TestProjectChecksNotifier" name="test_build_default_payload_with_flags" time="0.023" /><testcase classname="services.notification.notifiers.tests.unit.test_checks.TestProjectChecksNotifier" name="test_build_default_payload_with_flags_and_footer" time="0.022" /><testcase classname="services.notification.notifiers.tests.unit.test_checks.TestProjectChecksNotifier" name="test_build_default_payload_comment_off" time="0.020" /><testcase classname="services.notification.notifiers.tests.unit.test_checks.TestProjectChecksNotifier" name="test_build_default_payload_negative_change_comment_off" time="0.021" /><testcase classname="services.notification.notifiers.tests.unit.test_checks.TestProjectChecksNotifier" name="test_build_payload_not_auto" time="0.019" /><testcase classname="services.notification.notifiers.tests.unit.test_checks.TestProjectChecksNotifier" name="test_build_payload_no_base_report" time="0.018" /><testcase classname="services.notification.notifiers.tests.unit.test_checks.TestProjectChecksNotifier" name="test_check_notify_no_path_match" time="0.021" /><testcase classname="services.notification.notifiers.tests.unit.test_checks.TestProjectChecksNotifier" name="test_check_notify_single_path_match" time="0.021" /><testcase classname="services.notification.notifiers.tests.unit.test_checks.TestProjectChecksNotifier" name="test_check_notify_multiple_path_match" time="0.022" /><testcase classname="services.notification.notifiers.tests.unit.test_checks.TestProjectChecksNotifier" name="test_check_notify_with_paths" time="0.021" /><testcase classname="services.notification.notifiers.tests.unit.test_checks.TestProjectChecksNotifier" name="test_notify_pass_behavior_when_coverage_not_uploaded" time="0.041" /><testcase classname="services.notification.notifiers.tests.unit.test_checks.TestProjectChecksNotifier" name="test_notify_pass_behavior_when_coverage_uploaded" time="0.035" /><testcase classname="services.notification.notifiers.tests.unit.test_checks.TestProjectChecksNotifier" name="test_notify_include_behavior_when_coverage_not_uploaded" time="0.036" /><testcase classname="services.notification.notifiers.tests.unit.test_checks.TestProjectChecksNotifier" name="test_notify_exclude_behavior_when_coverage_not_uploaded" time="0.033" /><testcase classname="services.notification.notifiers.tests.unit.test_checks.TestProjectChecksNotifier" name="test_notify_exclude_behavior_when_coverage_uploaded" time="0.037" /><testcase classname="services.notification.notifiers.tests.unit.test_checks.TestProjectChecksNotifier" name="test_notify_exclude_behavior_when_some_coverage_uploaded" time="0.034" /><testcase classname="services.notification.notifiers.tests.unit.test_checks.TestProjectChecksNotifier" name="test_notify_exclude_behavior_no_flags" time="0.037" /><testcase classname="services.notification.notifiers.tests.unit.test_checks.TestProjectChecksNotifier" name="test_build_payload_comments_true" time="0.016" /><testcase classname="services.notification.notifiers.tests.unit.test_checks.TestProjectChecksNotifier" name="test_build_payload_comments_false" time="0.016" /><testcase classname="services.notification.notifiers.tests.unit.test_codecov_slack_app.TestCodecovSlackAppNotifier" name="test_is_enabled" time="0.015" /><testcase classname="services.notification.notifiers.tests.unit.test_codecov_slack_app.TestCodecovSlackAppNotifier" name="test_is_enable_false" time="0.015" /><testcase classname="services.notification.notifiers.tests.unit.test_codecov_slack_app.TestCodecovSlackAppNotifier" name="test_notification_type" time="0.014" /><testcase classname="services.notification.notifiers.tests.unit.test_codecov_slack_app.TestCodecovSlackAppNotifier" name="test_notify" time="0.017" /><testcase classname="services.notification.notifiers.tests.unit.test_codecov_slack_app.TestCodecovSlackAppNotifier" name="test_notify_failure" time="0.016" /><testcase classname="services.notification.notifiers.tests.unit.test_codecov_slack_app.TestCodecovSlackAppNotifier" name="test_notify_request_being_called" time="0.017" /><testcase classname="services.notification.notifiers.tests.unit.test_comment.TestCommentNotifierHelpers" name="test__possibly_write_gh_app_login_announcement_should_add_announcement" time="0.011" /><testcase classname="services.notification.notifiers.tests.unit.test_comment.TestCommentNotifierHelpers" name="test__possibly_write_gh_app_login_announcement_already_using_integration" time="0.008" /><testcase classname="services.notification.notifiers.tests.unit.test_comment.TestCommentNotifierHelpers" name="test__possibly_write_gh_app_login_announcement_has_ghapp_installation" time="0.011" /><testcase classname="services.notification.notifiers.tests.unit.test_comment.TestCommentNotifierHelpers" name="test__possibly_write_gh_app_login_announcement_enterprise" time="0.010" /><testcase classname="services.notification.notifiers.tests.unit.test_comment.TestCommentNotifier" name="test_is_enabled_settings_individual_settings_false" time="0.008" /><testcase classname="services.notification.notifiers.tests.unit.test_comment.TestCommentNotifier" name="test_is_enabled_settings_individual_settings_none" time="0.008" /><testcase classname="services.notification.notifiers.tests.unit.test_comment.TestCommentNotifier" name="test_is_enabled_settings_individual_settings_true" time="0.008" /><testcase classname="services.notification.notifiers.tests.unit.test_comment.TestCommentNotifier" name="test_is_enabled_settings_individual_settings_dict" time="0.007" /><testcase classname="services.notification.notifiers.tests.unit.test_comment.TestCommentNotifier" name="test_create_message_files_section" time="0.029" /><testcase classname="services.notification.notifiers.tests.unit.test_comment.TestCommentNotifier" name="test_create_message_files_section_with_critical_files" time="0.030" /><testcase classname="services.notification.notifiers.tests.unit.test_comment.TestCommentNotifier" name="test_build_message" time="0.026" /><testcase classname="services.notification.notifiers.tests.unit.test_comment.TestCommentNotifier" name="test_build_message_flags_empty_coverage" time="0.025" /><testcase classname="services.notification.notifiers.tests.unit.test_comment.TestCommentNotifier" name="test_build_message_more_sections" time="0.027" /><testcase classname="services.notification.notifiers.tests.unit.test_comment.TestCommentNotifier" name="test_build_upgrade_message" time="0.018" /><testcase classname="services.notification.notifiers.tests.unit.test_comment.TestCommentNotifier" name="test_build_limited_upload_message" time="0.017" /><testcase classname="services.notification.notifiers.tests.unit.test_comment.TestCommentNotifier" name="test_build_passing_empty_upload" time="0.017" /><testcase classname="services.notification.notifiers.tests.unit.test_comment.TestCommentNotifier" name="test_build_failing_empty_upload" time="0.017" /><testcase classname="services.notification.notifiers.tests.unit.test_comment.TestCommentNotifier" name="test_processing_upload" time="0.017" /><testcase classname="services.notification.notifiers.tests.unit.test_comment.TestCommentNotifier" name="test_build_upgrade_message_enterprise" time="0.017" /><testcase classname="services.notification.notifiers.tests.unit.test_comment.TestCommentNotifier" name="test_build_message_hide_complexity" time="0.026" /><testcase classname="services.notification.notifiers.tests.unit.test_comment.TestCommentNotifier" name="test_build_message_no_base_report" time="0.025" /><testcase classname="services.notification.notifiers.tests.unit.test_comment.TestCommentNotifier" name="test_build_message_no_base_commit" time="0.023" /><testcase classname="services.notification.notifiers.tests.unit.test_comment.TestCommentNotifier" name="test_build_message_no_change" time="0.025" /><testcase classname="services.notification.notifiers.tests.unit.test_comment.TestCommentNotifier" name="test_build_message_negative_change" time="0.027" /><testcase classname="services.notification.notifiers.tests.unit.test_comment.TestCommentNotifier" name="test_build_message_negative_change_tricky_rounding" time="0.375" /><testcase classname="services.notification.notifiers.tests.unit.test_comment.TestCommentNotifier" name="test_build_message_negative_change_tricky_rounding_newheader" time="0.371" /><testcase classname="services.notification.notifiers.tests.unit.test_comment.TestCommentNotifier" name="test_build_message_show_carriedforward_flags_no_cf_coverage" time="0.093" /><testcase classname="services.notification.notifiers.tests.unit.test_comment.TestCommentNotifier" name="test_build_message_with_without_flags" time="0.043" /><testcase classname="services.notification.notifiers.tests.unit.test_comment.TestCommentNotifier" name="test_build_message_show_carriedforward_flags_has_cf_coverage" time="0.044" /><testcase classname="services.notification.notifiers.tests.unit.test_comment.TestCommentNotifier" name="test_build_message_hide_carriedforward_flags_has_cf_coverage" time="0.044" /><testcase classname="services.notification.notifiers.tests.unit.test_comment.TestCommentNotifier" name="test_send_actual_notification_spammy" time="0.022" /><testcase classname="services.notification.notifiers.tests.unit.test_comment.TestCommentNotifier" name="test_build_message_no_flags" time="0.026" /><testcase classname="services.notification.notifiers.tests.unit.test_comment.TestCommentNotifier" name="test_send_actual_notification_new_no_permissions" time="0.024" /><testcase classname="services.notification.notifiers.tests.unit.test_comment.TestCommentNotifier" name="test_send_actual_notification_new" time="0.022" /><testcase classname="services.notification.notifiers.tests.unit.test_comment.TestCommentNotifier" name="test_send_actual_notification_new_no_permissions_post" time="0.022" /><testcase classname="services.notification.notifiers.tests.unit.test_comment.TestCommentNotifier" name="test_send_actual_notification_new_deleted_comment" time="0.024" /><testcase classname="services.notification.notifiers.tests.unit.test_comment.TestCommentNotifier" name="test_send_actual_notification_once_deleted_comment" time="0.023" /><testcase classname="services.notification.notifiers.tests.unit.test_comment.TestCommentNotifier" name="test_send_actual_notification_once_non_existing_comment" time="0.022" /><testcase classname="services.notification.notifiers.tests.unit.test_comment.TestCommentNotifier" name="test_send_actual_notification_once" time="0.022" /><testcase classname="services.notification.notifiers.tests.unit.test_comment.TestCommentNotifier" name="test_send_actual_notification_once_no_permissions" time="0.023" /><testcase classname="services.notification.notifiers.tests.unit.test_comment.TestCommentNotifier" name="test_send_actual_notification_default" time="0.023" /><testcase classname="services.notification.notifiers.tests.unit.test_comment.TestCommentNotifier" name="test_send_actual_notification_default_no_permissions_edit" time="0.024" /><testcase classname="services.notification.notifiers.tests.unit.test_comment.TestCommentNotifier" name="test_send_actual_notification_default_no_permissions_twice" time="0.023" /><testcase classname="services.notification.notifiers.tests.unit.test_comment.TestCommentNotifier" name="test_send_actual_notification_default_comment_not_found" time="0.022" /><testcase classname="services.notification.notifiers.tests.unit.test_comment.TestCommentNotifier" name="test_notify_no_pull_request" time="0.013" /><testcase classname="services.notification.notifiers.tests.unit.test_comment.TestCommentNotifier" name="test_notify_pull_head_doesnt_match" time="0.016" /><testcase classname="services.notification.notifiers.tests.unit.test_comment.TestCommentNotifier" name="test_notify_pull_request_not_in_provider" time="0.016" /><testcase classname="services.notification.notifiers.tests.unit.test_comment.TestCommentNotifier" name="test_notify_server_unreachable" time="0.018" /><testcase classname="services.notification.notifiers.tests.unit.test_comment.TestCommentNotifier" name="test_store_results" time="0.017" /><testcase classname="services.notification.notifiers.tests.unit.test_comment.TestCommentNotifier" name="test_store_results_deleted_comment" time="0.018" /><testcase classname="services.notification.notifiers.tests.unit.test_comment.TestCommentNotifier" name="test_store_results_no_succesfull_result" time="0.015" /><testcase classname="services.notification.notifiers.tests.unit.test_comment.TestCommentNotifier" name="test_notify_closed_pull_request" time="0.016" /><testcase classname="services.notification.notifiers.tests.unit.test_comment.TestCommentNotifier" name="test_notify_unable_to_fetch_info" time="0.017" /><testcase classname="services.notification.notifiers.tests.unit.test_comment.TestCommentNotifier" name="test_notify_not_enough_builds" time="0.015" /><testcase classname="services.notification.notifiers.tests.unit.test_comment.TestCommentNotifier" name="test_notify_with_enough_builds" time="0.018" /><testcase classname="services.notification.notifiers.tests.unit.test_comment.TestCommentNotifier" name="test_has_enough_changes" time="0.023" /><testcase classname="services.notification.notifiers.tests.unit.test_comment.TestCommentNotifier" name="test_has_enough_changes_no_diff" time="0.021" /><testcase classname="services.notification.notifiers.tests.unit.test_comment.TestCommentNotifier" name="test_has_enough_changes_exact_same_report_diff_intersection_report" time="0.024" /><testcase classname="services.notification.notifiers.tests.unit.test_comment.TestCommentNotifier" name="test_has_enough_changes_exact_same_report_diff_unrelated_report" time="0.024" /><testcase classname="services.notification.notifiers.tests.unit.test_comment.TestCommentNotifier" name="test_has_enough_changes_exact_same_report_where_diff_has_covered_lines" time="0.024" /><testcase classname="services.notification.notifiers.tests.unit.test_comment.TestCommentNotifier" name="test_notify_exact_same_report_diff_unrelated_report" time="0.024" /><testcase classname="services.notification.notifiers.tests.unit.test_comment.TestCommentNotifier" name="test_notify_exact_same_report_diff_unrelated_report_deleting_comment" time="0.024" /><testcase classname="services.notification.notifiers.tests.unit.test_comment.TestCommentNotifier" name="test_notify_exact_same_report_diff_unrelated_report_deleting_comment_cant_delete" time="0.024" /><testcase classname="services.notification.notifiers.tests.unit.test_comment.TestCommentNotifier" name="test_message_hide_details_github" time="0.028" /><testcase classname="services.notification.notifiers.tests.unit.test_comment.TestCommentNotifier" name="test_message_announcements_only" time="0.026" /><testcase classname="services.notification.notifiers.tests.unit.test_comment.TestCommentNotifier" name="test_message_hide_details_bitbucket" time="0.027" /><testcase classname="services.notification.notifiers.tests.unit.test_comment.TestFileSectionWriter" name="test_filesection_no_extra_settings" time="0.014" /><testcase classname="services.notification.notifiers.tests.unit.test_comment.TestFileSectionWriter" name="test_file_with_critical" time="1.835" /><testcase classname="services.notification.notifiers.tests.unit.test_comment.TestFileSectionWriter" name="test_filesection_hide_project_cov" time="0.029" /><testcase classname="services.notification.notifiers.tests.unit.test_comment.TestFileSectionWriter" name="test_filesection_hide_project_cov_with_changed_files_but_no_missing_lines" time="0.019" /><testcase classname="services.notification.notifiers.tests.unit.test_comment.TestFileSectionWriter" name="test_filesection_hide_project_cov_no_files_changed" time="0.014" /><testcase classname="services.notification.notifiers.tests.unit.test_comment.TestImpactedEndpointWriter" name="test_impacted_endpoints_table" time="0.023" /><testcase classname="services.notification.notifiers.tests.unit.test_comment.TestImpactedEndpointWriter" name="test_impacted_endpoints_table_empty_list_result" time="0.024" /><testcase classname="services.notification.notifiers.tests.unit.test_comment.TestImpactedEndpointWriter" name="test_impacted_endpoints_table_none_result" time="0.023" /><testcase classname="services.notification.notifiers.tests.unit.test_comment.TestNewHeaderSectionWriter" name="test_new_header_section_writer" time="0.017" /><testcase classname="services.notification.notifiers.tests.unit.test_comment.TestNewHeaderSectionWriter" name="test_new_header_section_writer_with_behind_by" time="0.016" /><testcase classname="services.notification.notifiers.tests.unit.test_comment.TestNewHeaderSectionWriter" name="test_new_header_section_writer_test_results_setup" time="0.016" /><testcase classname="services.notification.notifiers.tests.unit.test_comment.TestNewHeaderSectionWriter" name="test_new_header_section_writer_no_project_coverage" time="0.016" /><testcase classname="services.notification.notifiers.tests.unit.test_comment.TestNewHeaderSectionWriter" name="test_new_header_section_writer_no_project_coverage_test_results_setup" time="0.015" /><testcase classname="services.notification.notifiers.tests.unit.test_comment.TestAnnouncementsSectionWriter" name="test_announcement_section_writer_ats" time="7.154" /><testcase classname="services.notification.notifiers.tests.unit.test_comment.TestCommentNotifierInNewLayout" name="test_create_message_files_section_with_critical_files_new_layout" time="0.030" /><testcase classname="services.notification.notifiers.tests.unit.test_comment.TestCommentNotifierInNewLayout" name="test_build_message_no_base_commit_new_layout" time="0.024" /><testcase classname="services.notification.notifiers.tests.unit.test_comment.TestCommentNotifierInNewLayout" name="test_build_message_no_base_report_new_layout" time="0.023" /><testcase classname="services.notification.notifiers.tests.unit.test_comment.TestCommentNotifierInNewLayout" name="test_build_message_no_project_coverage" time="0.024" /><testcase classname="services.notification.notifiers.tests.unit.test_comment.TestCommentNotifierInNewLayout" name="test_build_message_no_project_coverage_condensed_yaml_configs" time="0.025" /><testcase classname="services.notification.notifiers.tests.unit.test_comment.TestCommentNotifierInNewLayout" name="test_build_message_head_and_pull_head_differ_new_layout" time="0.026" /><testcase classname="services.notification.notifiers.tests.unit.test_comment.TestCommentNotifierInNewLayout" name="test_build_message_head_and_pull_head_differ_with_components" time="0.027" /><testcase classname="services.notification.notifiers.tests.unit.test_comment.TestCommentNotifierInNewLayout" name="test_build_message_team_plan_customer_missing_lines" time="0.026" /><testcase classname="services.notification.notifiers.tests.unit.test_comment.TestCommentNotifierInNewLayout" name="test_build_message_team_plan_customer_all_lines_covered" time="0.041" /><testcase classname="services.notification.notifiers.tests.unit.test_comment.TestCommentNotifierInNewLayout" name="test_build_message_no_patch_or_proj_change" time="0.045" /><testcase classname="services.notification.notifiers.tests.unit.test_comment.TestComponentWriterSection" name="test_write_message_component_section_empty" time="0.020" /><testcase classname="services.notification.notifiers.tests.unit.test_comment.TestComponentWriterSection" name="test_get_component_data_for_table" time="0.023" /><testcase classname="services.notification.notifiers.tests.unit.test_comment.TestComponentWriterSection" name="test_get_component_data_for_table_no_base" time="0.020" /><testcase classname="services.notification.notifiers.tests.unit.test_comment.TestComponentWriterSection" name="test_write_message_component_section" time="0.022" /><testcase classname="services.notification.notifiers.tests.unit.test_comment.TestComponentWriterSection" name="test_write_message_component_section_no_base" time="0.023" /><testcase classname="services.notification.notifiers.tests.unit.test_comment.TestCommentNotifierWelcome" name="test_build_message" time="0.021" /><testcase classname="services.notification.notifiers.tests.unit.test_generics.TestStandardkNotifier" name="test_is_enabled_without_site_settings" time="0.006" /><testcase classname="services.notification.notifiers.tests.unit.test_generics.TestStandardkNotifier" name="test_is_enabled_with_site_settings_no_special_config" time="0.007" /><testcase classname="services.notification.notifiers.tests.unit.test_generics.TestStandardkNotifier" name="test_is_enabled_with_site_settings_no_url" time="0.007" /><testcase classname="services.notification.notifiers.tests.unit.test_generics.TestStandardkNotifier" name="test_is_enabled_with_site_settings_whitelisted_url" time="0.006" /><testcase classname="services.notification.notifiers.tests.unit.test_generics.TestStandardkNotifier" name="test_is_enabled_with_site_settings_not_whitelisted_url" time="0.007" /><testcase classname="services.notification.notifiers.tests.unit.test_generics.TestStandardkNotifier" name="test_should_notify_comparison" time="0.013" /><testcase classname="services.notification.notifiers.tests.unit.test_generics.TestStandardkNotifier" name="test_should_notify_comparison_bad_branch" time="0.013" /><testcase classname="services.notification.notifiers.tests.unit.test_generics.TestStandardkNotifier" name="test_should_notify_comparison_good_branch" time="0.013" /><testcase classname="services.notification.notifiers.tests.unit.test_generics.TestStandardkNotifier" name="test_should_notify_comparison_not_above_threshold" time="0.014" /><testcase classname="services.notification.notifiers.tests.unit.test_generics.TestStandardkNotifier" name="test_should_notify_comparison_no_base" time="0.013" /><testcase classname="services.notification.notifiers.tests.unit.test_generics.TestStandardkNotifier" name="test_should_notify_comparison_is_above_threshold" time="0.014" /><testcase classname="services.notification.notifiers.tests.unit.test_generics.TestStandardkNotifier" name="test_should_notify_comparison_is_above_threshold_no_coverage" time="0.014" /><testcase classname="services.notification.notifiers.tests.unit.test_generics.TestStandardkNotifier" name="test_notify" time="0.015" /><testcase classname="services.notification.notifiers.tests.unit.test_generics.TestStandardkNotifier" name="test_notify_should_not_notify" time="0.016" /><testcase classname="services.notification.notifiers.tests.unit.test_generics.TestRequestsYamlBasedNotifier" name="test_send_notification_exception" time="0.025" /><testcase classname="services.notification.notifiers.tests.unit.test_gitter.TestGitterkNotifier" name="test_build_payload_without_special_config" time="0.021" /><testcase classname="services.notification.notifiers.tests.unit.test_hipchat.TestHipchatkNotifier" name="test_build_payload_without_special_config" time="0.020" /><testcase classname="services.notification.notifiers.tests.unit.test_hipchat.TestHipchatkNotifier" name="test_build_payload_without_base_report" time="0.019" /><testcase classname="services.notification.notifiers.tests.unit.test_hipchat.TestHipchatkNotifier" name="test_build_payload_with_card" time="0.019" /><testcase classname="services.notification.notifiers.tests.unit.test_irc.TestIRCNotifier" name="test_build_payload" time="0.018" /><testcase classname="services.notification.notifiers.tests.unit.test_irc.TestIRCNotifier" name="test_send_actual_notification" time="0.018" /><testcase classname="services.notification.notifiers.tests.unit.test_slack.TestSlackNotifier" name="test_build_payload_without_attachments" time="0.017" /><testcase classname="services.notification.notifiers.tests.unit.test_slack.TestSlackNotifier" name="test_build_payload_with_attachments" time="0.016" /><testcase classname="services.notification.notifiers.tests.unit.test_slack.TestSlackNotifier" name="test_build_payload_with_message" time="0.017" /><testcase classname="services.notification.notifiers.tests.unit.test_slack.TestSlackNotifier" name="test_build_payload_without_pull" time="0.015" /><testcase classname="services.notification.notifiers.tests.unit.test_slack.TestSlackNotifier" name="test_build_payload_without_base" time="0.016" /><testcase classname="services.notification.notifiers.tests.unit.test_status.TestBaseStatusNotifier" name="test_can_we_set_this_status_no_pull" time="0.013" /><testcase classname="services.notification.notifiers.tests.unit.test_status.TestBaseStatusNotifier" name="test_notify_after_n_builds_flags" time="0.016" /><testcase classname="services.notification.notifiers.tests.unit.test_status.TestBaseStatusNotifier" name="test_notify_after_n_builds_flags2" time="0.015" /><testcase classname="services.notification.notifiers.tests.unit.test_status.TestBaseStatusNotifier" name="test_notify_cannot_set_status" time="0.015" /><testcase classname="services.notification.notifiers.tests.unit.test_status.TestBaseStatusNotifier" name="test_notify_no_base" time="0.020" /><testcase classname="services.notification.notifiers.tests.unit.test_status.TestBaseStatusNotifier" name="test_notify_uncached" time="0.018" /><testcase classname="services.notification.notifiers.tests.unit.test_status.TestBaseStatusNotifier" name="test_notify_cached" time="0.017" /><testcase classname="services.notification.notifiers.tests.unit.test_status.TestBaseStatusNotifier" name="test_send_notification" time="0.021" /><testcase classname="services.notification.notifiers.tests.unit.test_status.TestBaseStatusNotifier" name="test_notify_analytics" time="0.022" /><testcase classname="services.notification.notifiers.tests.unit.test_status.TestBaseStatusNotifier" name="test_notify_analytics_enterprise" time="0.021" /><testcase classname="services.notification.notifiers.tests.unit.test_status.TestBaseStatusNotifier" name="test_determine_status_check_behavior_to_apply" time="0.014" /><testcase classname="services.notification.notifiers.tests.unit.test_status.TestBaseStatusNotifier" name="test_flag_coverage_was_uploaded_when_none_uploaded" time="0.027" /><testcase classname="services.notification.notifiers.tests.unit.test_status.TestBaseStatusNotifier" name="test_flag_coverage_was_uploaded_when_all_uploaded" time="0.026" /><testcase classname="services.notification.notifiers.tests.unit.test_status.TestBaseStatusNotifier" name="test_flag_coverage_was_uploaded_when_some_uploaded" time="0.027" /><testcase classname="services.notification.notifiers.tests.unit.test_status.TestBaseStatusNotifier" name="test_flag_coverage_was_uploaded_when_no_status_flags" time="0.034" /><testcase classname="services.notification.notifiers.tests.unit.test_status.TestProjectStatusNotifier" name="test_build_payload" time="0.022" /><testcase classname="services.notification.notifiers.tests.unit.test_status.TestProjectStatusNotifier" name="test_build_payload_passing_empty_upload" time="0.018" /><testcase classname="services.notification.notifiers.tests.unit.test_status.TestProjectStatusNotifier" name="test_build_payload_failing_empty_upload" time="0.019" /><testcase classname="services.notification.notifiers.tests.unit.test_status.TestProjectStatusNotifier" name="test_build_upgrade_payload" time="0.020" /><testcase classname="services.notification.notifiers.tests.unit.test_status.TestProjectStatusNotifier" name="test_build_payload_not_auto" time="0.021" /><testcase classname="services.notification.notifiers.tests.unit.test_status.TestProjectStatusNotifier" name="test_build_payload_not_auto_not_string" time="0.019" /><testcase classname="services.notification.notifiers.tests.unit.test_status.TestProjectStatusNotifier" name="test_build_payload_no_base_report" time="0.019" /><testcase classname="services.notification.notifiers.tests.unit.test_status.TestProjectStatusNotifier" name="test_notify_status_doesnt_exist" time="0.022" /><testcase classname="services.notification.notifiers.tests.unit.test_status.TestProjectStatusNotifier" name="test_notify_client_side_exception" time="0.019" /><testcase classname="services.notification.notifiers.tests.unit.test_status.TestProjectStatusNotifier" name="test_notify_server_side_exception" time="0.019" /><testcase classname="services.notification.notifiers.tests.unit.test_status.TestProjectStatusNotifier" name="test_notify_pass_behavior_when_coverage_not_uploaded" time="0.036" /><testcase classname="services.notification.notifiers.tests.unit.test_status.TestProjectStatusNotifier" name="test_notify_pass_behavior_when_coverage_uploaded" time="0.043" /><testcase classname="services.notification.notifiers.tests.unit.test_status.TestProjectStatusNotifier" name="test_notify_include_behavior_when_coverage_not_uploaded" time="0.039" /><testcase classname="services.notification.notifiers.tests.unit.test_status.TestProjectStatusNotifier" name="test_notify_exclude_behavior_when_coverage_not_uploaded" time="0.033" /><testcase classname="services.notification.notifiers.tests.unit.test_status.TestProjectStatusNotifier" name="test_notify_exclude_behavior_when_coverage_uploaded" time="0.036" /><testcase classname="services.notification.notifiers.tests.unit.test_status.TestProjectStatusNotifier" name="test_notify_exclude_behavior_when_some_coverage_uploaded" time="0.035" /><testcase classname="services.notification.notifiers.tests.unit.test_status.TestProjectStatusNotifier" name="test_notify_exclude_behavior_no_flags" time="0.035" /><testcase classname="services.notification.notifiers.tests.unit.test_status.TestProjectStatusNotifier" name="test_notify_path_filter" time="0.024" /><testcase classname="services.notification.notifiers.tests.unit.test_status.TestProjectStatusNotifier" name="test_notify_path_and_flags_filter_nothing_on_base" time="0.023" /><testcase classname="services.notification.notifiers.tests.unit.test_status.TestProjectStatusNotifier" name="test_notify_path_and_flags_filter_something_on_base" time="0.022" /><testcase classname="services.notification.notifiers.tests.unit.test_status.TestProjectStatusNotifier" name="test_notify_pass_via_removals_only_behavior" time="0.018" /><testcase classname="services.notification.notifiers.tests.unit.test_status.TestProjectStatusNotifier" name="test_notify_pass_adjust_base_behavior" time="0.019" /><testcase classname="services.notification.notifiers.tests.unit.test_status.TestProjectStatusNotifier" name="test_notify_removed_code_behavior_fail" time="0.017" /><testcase classname="services.notification.notifiers.tests.unit.test_status.TestProjectStatusNotifier" name="test_notify_adjust_base_behavior_fail" time="0.019" /><testcase classname="services.notification.notifiers.tests.unit.test_status.TestProjectStatusNotifier" name="test_notify_adjust_base_behavior_skips_if_target_coverage_defined" time="0.017" /><testcase classname="services.notification.notifiers.tests.unit.test_status.TestProjectStatusNotifier" name="test_notify_removed_code_behavior_unknown" time="0.016" /><testcase classname="services.notification.notifiers.tests.unit.test_status.TestProjectStatusNotifier" name="test_notify_fully_covered_patch_behavior_fail" time="0.052" /><testcase classname="services.notification.notifiers.tests.unit.test_status.TestProjectStatusNotifier" name="test_notify_fully_covered_patch_behavior_success" time="0.022" /><testcase classname="services.notification.notifiers.tests.unit.test_status.TestProjectStatusNotifier" name="test_notify_fully_covered_patch_behavior_no_coverage_change" time="0.019" /><testcase classname="services.notification.notifiers.tests.unit.test_status.TestPatchStatusNotifier" name="test_build_payload" time="0.021" /><testcase classname="services.notification.notifiers.tests.unit.test_status.TestPatchStatusNotifier" name="test_build_upgrade_payload" time="0.020" /><testcase classname="services.notification.notifiers.tests.unit.test_status.TestPatchStatusNotifier" name="test_build_payload_target_coverage_failure" time="0.020" /><testcase classname="services.notification.notifiers.tests.unit.test_status.TestPatchStatusNotifier" name="test_build_payload_not_auto_not_string" time="0.020" /><testcase classname="services.notification.notifiers.tests.unit.test_status.TestPatchStatusNotifier" name="test_build_payload_target_coverage_failure_within_threshold" time="0.021" /><testcase classname="services.notification.notifiers.tests.unit.test_status.TestPatchStatusNotifier" name="test_get_patch_status_bad_threshold" time="0.021" /><testcase classname="services.notification.notifiers.tests.unit.test_status.TestPatchStatusNotifier" name="test_get_patch_status_bad_threshold_fixed" time="0.021" /><testcase classname="services.notification.notifiers.tests.unit.test_status.TestPatchStatusNotifier" name="test_build_payload_no_diff" time="0.021" /><testcase classname="services.notification.notifiers.tests.unit.test_status.TestPatchStatusNotifier" name="test_build_payload_no_diff_no_base_report" time="0.018" /><testcase classname="services.notification.notifiers.tests.unit.test_status.TestPatchStatusNotifier" name="test_build_payload_without_base_report" time="0.019" /><testcase classname="services.notification.notifiers.tests.unit.test_status.TestPatchStatusNotifier" name="test_build_payload_with_multiple_changes" time="0.052" /><testcase classname="services.notification.notifiers.tests.unit.test_status.TestChangesStatusNotifier" name="test_build_payload" time="0.021" /><testcase classname="services.notification.notifiers.tests.unit.test_status.TestChangesStatusNotifier" name="test_build_upgrade_payload" time="0.022" /><testcase classname="services.notification.notifiers.tests.unit.test_status.TestChangesStatusNotifier" name="test_build_payload_with_multiple_changes" time="0.134" /><testcase classname="services.notification.notifiers.tests.unit.test_status.TestChangesStatusNotifier" name="test_build_payload_without_base_report" time="0.018" /><testcase classname="services.notification.notifiers.tests.unit.test_status.TestChangesStatusNotifier" name="test_notify_path_filter" time="0.023" /><testcase classname="services.notification.notifiers.tests.unit.test_status.TestChangesStatusNotifier" name="test_build_passing_empty_upload_payload" time="0.018" /><testcase classname="services.notification.notifiers.tests.unit.test_webhook.TestWebhookNotifier" name="test_build_commit_payload" time="0.019" /><testcase classname="services.notification.notifiers.tests.unit.test_webhook.TestWebhookNotifier" name="test_build_commit_payload_gitlab" time="0.016" /><testcase classname="services.notification.notifiers.tests.unit.test_webhook.TestWebhookNotifier" name="test_build_commit_payload_no_author" time="0.011" /><testcase classname="services.notification.notifiers.tests.unit.test_webhook.TestWebhookNotifier" name="test_build_payload" time="0.020" /><testcase classname="services.notification.notifiers.tests.unit.test_webhook.TestWebhookNotifier" name="test_build_payload_higher_precision" time="0.019" /><testcase classname="services.notification.notifiers.tests.unit.test_webhook.TestWebhookNotifier" name="test_build_payload_without_pull" time="0.016" /><testcase classname="services.notification.notifiers.tests.unit.test_webhook.TestWebhookNotifier" name="test_build_payload_without_base_report" time="0.016" /><testcase classname="services.notification.notifiers.tests.unit.test_webhook.TestWebhookNotifier" name="test_build_payload_without_base" time="0.015" /><testcase classname="services.notification.tests.unit.test_commit_notifications.TestCommitNotificationsServiceTestCase" name="test_create_or_update_commit_notification_not_yet_exists" time="0.017" /><testcase classname="services.notification.tests.unit.test_commit_notifications.TestCommitNotificationsServiceTestCase" name="test_create_or_update_commit_notification_no_result" time="0.015" /><testcase classname="services.notification.tests.unit.test_commit_notifications.TestCommitNotificationsServiceTestCase" name="test_create_or_update_commit_notification_decoration_change" time="0.016" /><testcase classname="services.notification.tests.unit.test_commit_notifications.TestCommitNotificationsServiceTestCase" name="test_create_or_update_commit_notification_now_successful" time="0.015" /><testcase classname="services.notification.tests.unit.test_notification_service.TestNotificationService" name="test_should_use_checks_notifier_yaml_field_false" time="0.005" /><testcase classname="services.notification.tests.unit.test_notification_service.TestNotificationService" name="test_should_use_checks_notifier_deprecated_flow[repo_data0-True]" time="0.005" /><testcase classname="services.notification.tests.unit.test_notification_service.TestNotificationService" name="test_should_use_checks_notifier_deprecated_flow[repo_data1-False]" time="0.005" /><testcase classname="services.notification.tests.unit.test_notification_service.TestNotificationService" name="test_should_use_checks_notifier_deprecated_flow[repo_data2-True]" time="0.005" /><testcase classname="services.notification.tests.unit.test_notification_service.TestNotificationService" name="test_should_use_checks_notifier_deprecated_flow[repo_data3-False]" time="0.005" /><testcase classname="services.notification.tests.unit.test_notification_service.TestNotificationService" name="test_should_use_checks_notifier_ghapp_all_repos_covered" time="0.008" /><testcase classname="services.notification.tests.unit.test_notification_service.TestNotificationService" name="test_should_use_checks_notifier_ghapp_some_repos_covered[codecov_app_installation]" time="0.008" /><testcase classname="services.notification.tests.unit.test_notification_service.TestNotificationService" name="test_should_use_checks_notifier_ghapp_some_repos_covered[notifications-app]" time="0.008" /><testcase classname="services.notification.tests.unit.test_notification_service.TestNotificationService" name="test_get_notifiers_instances_only_third_party" time="0.009" /><testcase classname="services.notification.tests.unit.test_notification_service.TestNotificationService" name="test_get_notifiers_instances_checks" time="0.010" /><testcase classname="services.notification.tests.unit.test_notification_service.TestNotificationService" name="test_get_notifiers_instances_checks_percentage_whitelist[codecov_app_installation]" time="0.010" /><testcase classname="services.notification.tests.unit.test_notification_service.TestNotificationService" name="test_get_notifiers_instances_checks_percentage_whitelist[notifications-app]" time="0.010" /><testcase classname="services.notification.tests.unit.test_notification_service.TestNotificationService" name="test_get_notifiers_instances_comment[codecov_app_installation]" time="0.009" /><testcase classname="services.notification.tests.unit.test_notification_service.TestNotificationService" name="test_get_notifiers_instances_comment[notifications-app]" time="0.008" /><testcase classname="services.notification.tests.unit.test_notification_service.TestNotificationService" name="test_notify_general_exception" time="0.021" /><testcase classname="services.notification.tests.unit.test_notification_service.TestNotificationService" name="test_notify_individual_notifier_timeout" time="0.018" /><testcase classname="services.notification.tests.unit.test_notification_service.TestNotificationService" name="test_notify_individual_checks_notifier" time="0.020" /><testcase classname="services.notification.tests.unit.test_notification_service.TestNotificationService" name="test_notify_individual_notifier_timeout_notification_created" time="0.018" /><testcase classname="services.notification.tests.unit.test_notification_service.TestNotificationService" name="test_notify_individual_notifier_notification_created_then_updated" time="0.022" /><testcase classname="services.notification.tests.unit.test_notification_service.TestNotificationService" name="test_notify_individual_notifier_cancellation" time="0.017" /><testcase classname="services.notification.tests.unit.test_notification_service.TestNotificationService" name="test_notify_timeout_exception" time="0.023" /><testcase classname="services.notification.tests.unit.test_notification_service.TestNotificationService" name="test_not_licensed_enterprise" time="0.014" /><testcase classname="services.notification.tests.unit.test_notification_service.TestNotificationService" name="test_get_statuses" time="0.012" /><testcase classname="services.notification.tests.unit.test_notification_service.TestNotificationService" name="test_get_component_statuses" time="0.012" /><testcase classname="services.report.parser.tests.unit.test_parsers" name="test_get_proper_parser[None-LegacyReportParser]" time="0.010" /><testcase classname="services.report.parser.tests.unit.test_parsers" name="test_get_proper_parser[upload_extras1-LegacyReportParser]" time="0.010" /><testcase classname="services.report.parser.tests.unit.test_parsers" name="test_get_proper_parser[upload_extras2-LegacyReportParser]" time="0.011" /><testcase classname="services.report.parser.tests.unit.test_parsers" name="test_get_proper_parser[upload_extras3-VersionOneReportParser]" time="0.010" /><testcase classname="services.report.parser.tests.unit.test_parsers" name="test_get_proper_parser[upload_extras4-VersionOneReportParser]" time="0.010" /><testcase classname="services.report.parser.tests.unit.test_parsers" name="test_get_proper_parser[upload_extras5-LegacyReportParser]" time="0.010" /><testcase classname="services.report.tests.unit.test_init" name="test_fetch_fail_raises" time="0.010" /><testcase classname="services.static_analysis.tests.unit.test_static_analysis_comparison" name="test_get_analysis_content_mapping" time="0.020" /><testcase classname="services.static_analysis.tests.unit.test_static_analysis_comparison.TestStaticAnalysisComparisonService" name="test_load_snapshot_data_unhappy_cases" time="0.012" /><testcase classname="services.static_analysis.tests.unit.test_static_analysis_comparison.TestStaticAnalysisComparisonService" name="test_load_snapshot_data_happy_cases" time="0.012" /><testcase classname="services.static_analysis.tests.unit.test_static_analysis_comparison.TestStaticAnalysisComparisonService" name="test_get_base_lines_relevant_to_change_deleted_plus_changed_normal" time="0.017" /><testcase classname="services.static_analysis.tests.unit.test_static_analysis_comparison.TestStaticAnalysisComparisonService" name="test_get_base_lines_relevant_to_change_one_new_file" time="0.016" /><testcase classname="services.static_analysis.tests.unit.test_static_analysis_comparison.TestStaticAnalysisComparisonService" name="test_analyze_single_change_first_line_file" time="0.013" /><testcase classname="services.static_analysis.tests.unit.test_static_analysis_comparison.TestStaticAnalysisComparisonService" name="test_analyze_single_change_base_change" time="0.014" /><testcase classname="services.static_analysis.tests.unit.test_static_analysis_comparison.TestStaticAnalysisComparisonService" name="test_analyze_single_change_base_change_missing_head_snapshot" time="0.093" /><testcase classname="services.static_analysis.tests.unit.test_static_analysis_comparison.TestStaticAnalysisComparisonService" name="test_analyze_single_change_function_based" time="0.013" /><testcase classname="services.static_analysis.tests.unit.test_static_analysis_comparison.TestStaticAnalysisComparisonService" name="test_analyze_single_change_no_static_analysis_found" time="0.014" /><testcase classname="services.static_analysis.tests.unit.test_static_analysis_comparison.TestStaticAnalysisComparisonService" name="test_analyze_single_change_function_based_no_function_found" time="0.013" /><testcase classname="services.tests.test_activation.TestActivationServiceTestCase" name="test_activate_user_no_seats" time="0.011" /><testcase classname="services.tests.test_activation.TestActivationServiceTestCase" name="test_activate_user_success" time="0.011" /><testcase classname="services.tests.test_activation.TestActivationServiceTestCase" name="test_activate_user_success_for_users_free" time="0.011" /><testcase classname="services.tests.test_activation.TestActivationServiceTestCase" name="test_activate_user_success_for_enterprise_pr_billing" time="0.017" /><testcase classname="services.tests.test_activation.TestActivationServiceTestCase" name="test_activate_user_success_user_org_overlap" time="0.017" /><testcase classname="services.tests.test_activation.TestActivationServiceTestCase" name="test_activate_user_failure_for_enterprise_pr_billing_no_seats" time="0.015" /><testcase classname="services.tests.test_activation.TestActivationServiceTestCase" name="test_activate_user_enterprise_pr_billing_invalid_license" time="0.010" /><testcase classname="services.tests.test_activation.TestActivationServiceTestCase" name="test_pr_billing_enterprise_no_seats_for_auto_actiavation" time="0.013" /><testcase classname="services.tests.test_ai_pr_review" name="test_perform_initial_review" time="0.089" /><testcase classname="services.tests.test_ai_pr_review" name="test_perform_duplicate_review" time="0.040" /><testcase classname="services.tests.test_ai_pr_review" name="test_perform_new_commit" time="0.159" /><testcase classname="services.tests.test_billing.TestBillingServiceTestCase" name="test_pr_author_plan_check" time="0.009" /><testcase classname="services.tests.test_billing.TestBillingServiceTestCase" name="test_pr_author_enterprise_plan_check" time="0.012" /><testcase classname="services.tests.test_billing.TestBillingServiceTestCase" name="test_plan_not_pr_author" time="0.009" /><testcase classname="services.tests.test_billing.TestBillingServiceTestCase" name="test_pr_author_enterprise_plan_check_non_pr_plan" time="0.011" /><testcase classname="services.tests.test_bots.TestBotsService" name="test_get_repo_appropriate_bot_token_via_installation_covered_repo" time="0.011" /><testcase classname="services.tests.test_bots.TestBotsService" name="test_get_owner_installation_id_no_installation_no_legacy_integration" time="0.005" /><testcase classname="services.tests.test_bots.TestBotsService" name="test_get_owner_installation_id_no_installation_yes_legacy_integration" time="0.005" /><testcase classname="services.tests.test_bots.TestBotsService" name="test_get_owner_installation_id_yes_installation_yes_legacy_integration" time="0.008" /><testcase classname="services.tests.test_bots.TestBotsService" name="test_get_owner_installation_id_yes_installation_yes_legacy_integration_specific_repos" time="0.008" /><testcase classname="services.tests.test_bots.TestBotsService" name="test__get_installation_weight[1-26]" time="0.085" /><testcase classname="services.tests.test_bots.TestBotsService" name="test__get_installation_weight[2-52]" time="0.023" /><testcase classname="services.tests.test_bots.TestBotsService" name="test__get_installation_weight[5-152]" time="0.024" /><testcase classname="services.tests.test_bots.TestBotsService" name="test__get_installation_weight[7-296]" time="0.023" /><testcase classname="services.tests.test_bots.TestBotsService" name="test__get_installation_weight[8-448]" time="0.023" /><testcase classname="services.tests.test_bots.TestBotsService" name="test__get_installation_weight[9-728]" time="0.022" /><testcase classname="services.tests.test_bots.TestBotsService" name="test__get_installation_weight[10-1200]" time="0.022" /><testcase classname="services.tests.test_bots.TestBotsService" name="test_get_owner_installation_id_multiple_apps_weights" time="0.149" /><testcase classname="services.tests.test_bots.TestBotsService" name="test_get_token_type_mapping_public_repo_no_configuration_no_particular_bot" time="0.013" /><testcase classname="services.tests.test_bots.TestBotsService" name="test_get_token_type_mapping_public_repo_only_tokenless_configuration_no_particular_bot" time="0.012" /><testcase classname="services.tests.test_bots.TestBotsService" name="test_get_token_type_mapping_public_repo_no_configuration" time="0.011" /><testcase classname="services.tests.test_bots.TestBotsService" name="test_get_token_type_mapping_public_repo_some_configuration" time="0.011" /><testcase classname="services.tests.test_bots.TestBotsService" name="test_get_token_type_mapping_public_repo_some_configuration_no_particular_bot" time="0.012" /><testcase classname="services.tests.test_bots.TestBotsService" name="test_get_token_type_mapping_public_repo_some_configuration_not_github_no_particular_bot" time="0.012" /><testcase classname="services.tests.test_bots.TestBotsService" name="test_get_token_type_mapping_public_repo_some_configuration_not_github" time="0.011" /><testcase classname="services.tests.test_bots.TestBotsService" name="test_get_token_type_mapping_private_repo_no_configuration" time="0.010" /><testcase classname="services.tests.test_bots.TestBotsService" name="test_get_token_type_mapping_public_repo_integration" time="0.011" /><testcase classname="services.tests.test_bots.TestBotsService" name="test_get_token_type_mapping_public_repo_no_integration_no_bot" time="0.012" /><testcase classname="services.tests.test_bundle_analysis" name="test_bundle_analysis_notify" time="0.041" /><testcase classname="services.tests.test_bundle_analysis" name="test_bundle_analysis_notify_size_decrease" time="0.034" /><testcase classname="services.tests.test_bundle_analysis" name="test_bundle_analysis_notify_size_unchanged" time="0.033" /><testcase classname="services.tests.test_bundle_analysis" name="test_bundle_analysis_notify_missing_commit_report" time="0.016" /><testcase classname="services.tests.test_bundle_analysis" name="test_bundle_analysis_notify_missing_bundle_report" time="0.020" /><testcase classname="services.tests.test_bundle_analysis" name="test_bundle_analysis_notify_missing_pull" time="0.029" /><testcase classname="services.tests.test_decoration.TestDecorationServiceTestCase" name="test_decoration_type_basic_plan_upload_limit" time="0.112" /><testcase classname="services.tests.test_decoration.TestDecorationServiceTestCase" name="test_decoration_type_team_plan_upload_limit" time="0.916" /><testcase classname="services.tests.test_decoration.TestDecorationServiceTestCase" name="test_decoration_type_unlimited_upload_on_enterprise" time="0.107" /><testcase classname="services.tests.test_decoration.TestDecorationServiceTestCase" name="test_uploads_used_with_expired_trial" time="0.019" /><testcase classname="services.tests.test_decoration.TestDecorationServiceTestCase" name="test_get_decoration_type_no_provider_pull" time="0.011" /><testcase classname="services.tests.test_decoration.TestDecorationServiceTestCase" name="test_get_decoration_type_public_repo" time="0.012" /><testcase classname="services.tests.test_decoration.TestDecorationServiceTestCase" name="test_get_decoration_type_not_pr_plan" time="0.012" /><testcase classname="services.tests.test_decoration.TestDecorationServiceTestCase" name="test_get_decoration_type_for_users_plan" time="0.025" /><testcase classname="services.tests.test_decoration.TestDecorationServiceTestCase" name="test_get_decoration_type_pr_author_not_in_db" time="0.014" /><testcase classname="services.tests.test_decoration.TestDecorationServiceTestCase" name="test_get_decoration_type_pr_author_manual_activation_required" time="0.020" /><testcase classname="services.tests.test_decoration.TestDecorationServiceTestCase" name="test_get_decoration_type_bot" time="0.016" /><testcase classname="services.tests.test_decoration.TestDecorationServiceTestCase" name="test_get_decoration_type_pr_author_already_active" time="0.016" /><testcase classname="services.tests.test_decoration.TestDecorationServiceTestCase" name="test_get_decoration_type_should_attempt_pr_author_auto_activation" time="0.020" /><testcase classname="services.tests.test_decoration.TestDecorationServiceTestCase" name="test_get_decoration_type_should_attempt_pr_author_auto_activation_users_free" time="0.019" /><testcase classname="services.tests.test_decoration.TestDecorationServiceTestCase" name="test_get_decoration_type_passing_empty_upload" time="0.012" /><testcase classname="services.tests.test_decoration.TestDecorationServiceTestCase" name="test_get_decoration_type_failing_empty_upload" time="0.012" /><testcase classname="services.tests.test_decoration.TestDecorationServiceTestCase" name="test_get_decoration_type_processing_upload" time="0.012" /><testcase classname="services.tests.test_decoration.TestDecorationServiceGitLabTestCase" name="test_get_decoration_type_not_pr_plan_gitlab_subgroup" time="0.016" /><testcase classname="services.tests.test_decoration.TestDecorationServiceGitLabTestCase" name="test_get_decoration_type_pr_author_not_in_db_gitlab_subgroup" time="0.016" /><testcase classname="services.tests.test_decoration.TestDecorationServiceGitLabTestCase" name="test_get_decoration_type_pr_author_manual_activation_required_gitlab_subgroup" time="0.024" /><testcase classname="services.tests.test_decoration.TestDecorationServiceGitLabTestCase" name="test_get_decoration_type_pr_author_already_active_subgroup" time="0.020" /><testcase classname="services.tests.test_decoration.TestDecorationServiceGitLabTestCase" name="test_get_decoration_type_should_attempt_pr_author_auto_activation" time="0.021" /><testcase classname="services.tests.test_decoration.TestDecorationServiceGitLabTestCase" name="test_get_decoration_type_owner_activated_users_null" time="0.019" /><testcase classname="services.tests.test_decoration.TestDecorationServiceGitLabTestCase" name="test_uploads_used_with_expired_trial" time="0.013" /><testcase classname="services.tests.test_flake_detector" name="test_flake_detector_failure_on_main" time="0.025" /><testcase classname="services.tests.test_flake_detector" name="test_flake_consecutive_differing_outcomes" time="0.031" /><testcase classname="services.tests.test_flake_detector" name="test_flake_consecutive_differing_outcomes_no_main_branch_specified" time="0.032" /><testcase classname="services.tests.test_flake_detector" name="test_flake_matching_failures_on_unrelated_branches" time="0.045" /><testcase classname="services.tests.test_flake_detector" name="test_flake_matching_failures_on_related_branches" time="0.046" /><testcase classname="services.tests.test_license.TestLicenseService" name="test_is_properly_licensed_doesnt_require_license" time="0.007" /><testcase classname="services.tests.test_license.TestLicenseService" name="test_is_properly_licensed_requires_license_doesnt_have_it" time="0.005" /><testcase classname="services.tests.test_license.TestLicenseService" name="test_is_properly_licensed_requires_license_has_it" time="0.006" /><testcase classname="services.tests.test_license.TestLicenseService" name="test_has_valid_license" time="0.006" /><testcase classname="services.tests.test_license.TestLicenseService" name="test_calculate_reason_for_not_being_valid_no_license" time="0.005" /><testcase classname="services.tests.test_license.TestLicenseService" name="test_calculate_reason_for_not_being_valid_bad_url" time="0.005" /><testcase classname="services.tests.test_license.TestLicenseService" name="test_calculate_reason_for_not_being_valid_simple_license" time="0.008" /><testcase classname="services.tests.test_license.TestLicenseService" name="test_calculate_reason_for_not_being_valid_too_many_owners" time="0.014" /><testcase classname="services.tests.test_license.TestLicenseService" name="test_calculate_reason_for_not_being_valid_too_many_plan_activated_users" time="0.007" /><testcase classname="services.tests.test_license.TestLicenseService" name="test_calculate_reason_for_not_being_valid_repos_exceeded" time="0.018" /><testcase classname="services.tests.test_license.TestLicenseService" name="test_calculate_reason_for_not_being_valid_repos_warning" time="0.017" /><testcase classname="services.tests.test_license.TestLicenseService" name="test_calculate_reason_for_not_being_valid_expired" time="0.017" /><testcase classname="services.tests.test_owner_service.TestOwnerServiceTestCase" name="test_get_owner_provider_service" time="0.007" /><testcase classname="services.tests.test_owner_service.TestOwnerServiceTestCase" name="test_get_owner_provider_service_other_service" time="0.008" /><testcase classname="services.tests.test_owner_service.TestOwnerServiceTestCase" name="test_get_owner_provider_service_different_bot" time="0.008" /><testcase classname="services.tests.test_report.TestReportService" name="test_build_report_from_commit_no_report_saved" time="0.011" /><testcase classname="services.tests.test_report.TestReportService" name="test_build_report_from_commit" time="0.028" /><testcase classname="services.tests.test_report.TestReportService" name="test_build_report_from_commit_with_flags" time="0.038" /><testcase classname="services.tests.test_report.TestReportService" name="test_build_report_from_commit_fallback" time="0.014" /><testcase classname="services.tests.test_report.TestReportService" name="test_create_new_report_for_commit" time="7.997" /><testcase classname="services.tests.test_report.TestReportService" name="test_create_new_report_for_commit_with_labels" time="13.869" /><testcase classname="services.tests.test_report.TestReportService" name="test_create_new_report_for_commit_is_called_as_generate" time="0.020" /><testcase classname="services.tests.test_report.TestReportService" name="test_build_report_from_commit_carriedforward_add_sessions" time="0.034" /><testcase classname="services.tests.test_report.TestReportService" name="test_build_report_from_commit_already_carriedforward_add_sessions" time="0.029" /><testcase classname="services.tests.test_report.TestReportService" name="test_create_new_report_for_commit_with_path_filters" time="0.024" /><testcase classname="services.tests.test_report.TestReportService" name="test_create_new_report_for_commit_no_flags" time="0.014" /><testcase classname="services.tests.test_report.TestReportService" name="test_create_new_report_for_commit_no_parent" time="0.019" /><testcase classname="services.tests.test_report.TestReportService" name="test_create_new_report_for_commit_parent_not_ready" time="0.038" /><testcase classname="services.tests.test_report.TestReportService" name="test_create_new_report_for_commit_parent_not_ready_but_skipped" time="0.035" /><testcase classname="services.tests.test_report.TestReportService" name="test_create_new_report_for_commit_too_many_ancestors_not_ready" time="0.036" /><testcase classname="services.tests.test_report.TestReportService" name="test_create_new_report_parent_had_no_parent_and_pending" time="0.022" /><testcase classname="services.tests.test_report.TestReportService" name="test_create_new_report_for_commit_potential_cf_but_not_real_cf" time="0.016" /><testcase classname="services.tests.test_report.TestReportService" name="test_create_new_report_for_commit_parent_has_no_report" time="0.015" /><testcase classname="services.tests.test_report.TestReportService" name="test_save_full_report" time="0.027" /><testcase classname="services.tests.test_report.TestReportService" name="test_save_report_empty_report" time="0.015" /><testcase classname="services.tests.test_report.TestReportService" name="test_save_report" time="0.017" /><testcase classname="services.tests.test_report.TestReportService" name="test_save_report_file_needing_repack" time="0.016" /><testcase classname="services.tests.test_report.TestReportService" name="test_initialize_and_save_report_brand_new" time="0.013" /><testcase classname="services.tests.test_report.TestReportService" name="test_initialize_and_save_report_report_but_no_details" time="0.013" /><testcase classname="services.tests.test_report.TestReportService" name="test_initialize_and_save_report_carryforward_needed" time="5.078" /><testcase classname="services.tests.test_report.TestReportService" name="test_initialize_and_save_report_report_but_no_details_carryforward_needed" time="5.083" /><testcase classname="services.tests.test_report.TestReportService" name="test_initialize_and_save_report_needs_backporting" time="0.051" /><testcase classname="services.tests.test_report.TestReportService" name="test_initialize_and_save_report_existing_report" time="0.018" /><testcase classname="services.tests.test_report.TestReportService" name="test_create_report_upload" time="0.011" /><testcase classname="services.tests.test_report.TestReportService" name="test_update_upload_with_processing_result_error" time="0.012" /><testcase classname="services.tests.test_report.TestReportService" name="test_update_upload_with_processing_result_success" time="0.012" /><testcase classname="services.tests.test_report.TestReportService" name="test_shift_carryforward_report" time="0.016" /><testcase classname="services.tests.test_report.TestReportService" name="test_create_new_report_for_commit_and_shift" time="0.025" /><testcase classname="services.tests.test_report.TestReportService" name="test_possibly_shift_carryforward_report_cant_get_diff" time="0.014" /><testcase classname="services.tests.test_report.TestReportService" name="test_possibly_shift_carryforward_report_bot_error" time="0.015" /><testcase classname="services.tests.test_report.TestReportService" name="test_possibly_shift_carryforward_report_random_processing_error" time="0.019" /><testcase classname="services.tests.test_report.TestReportService" name="test_possibly_shift_carryforward_report_softtimelimit_reraised" time="0.017" /><testcase classname="services.tests.test_repository_service" name="test__is_repo_using_integration_deprecated_flow[True]" time="0.005" /><testcase classname="services.tests.test_repository_service" name="test__is_repo_using_integration_deprecated_flow[False]" time="0.006" /><testcase classname="services.tests.test_repository_service" name="test__is_repo_using_integration_ghapp_covers_all_repos" time="0.009" /><testcase classname="services.tests.test_repository_service" name="test__is_repo_using_integration_ghapp_covers_some_repos" time="0.008" /><testcase classname="services.tests.test_repository_service.TestRepositoryServiceTestCase" name="test_get_repo_provider_service_github" time="0.008" /><testcase classname="services.tests.test_repository_service.TestRepositoryServiceTestCase" name="test_get_repo_provider_service_bitbucket" time="0.008" /><testcase classname="services.tests.test_repository_service.TestRepositoryServiceTestCase" name="test_get_repo_provider_service_with_token_refresh_callback" time="0.008" /><testcase classname="services.tests.test_repository_service.TestRepositoryServiceTestCase" name="test_get_repo_provider_service_repo_bot" time="0.009" /><testcase classname="services.tests.test_repository_service.TestRepositoryServiceTestCase" name="test_token_refresh_callback" time="0.011" /><testcase classname="services.tests.test_repository_service.TestRepositoryServiceTestCase" name="test_get_repo_provider_service_different_bot" time="0.008" /><testcase classname="services.tests.test_repository_service.TestRepositoryServiceTestCase" name="test_get_repo_provider_service_no_bot" time="0.009" /><testcase classname="services.tests.test_repository_service.TestRepositoryServiceTestCase" name="test_fetch_appropriate_parent_for_commit_grandparent" time="0.022" /><testcase classname="services.tests.test_repository_service.TestRepositoryServiceTestCase" name="test_fetch_appropriate_parent_for_commit_parent_has_no_message" time="0.022" /><testcase classname="services.tests.test_repository_service.TestRepositoryServiceTestCase" name="test_fetch_appropriate_parent_for_commit_parent_is_deleted" time="0.023" /><testcase classname="services.tests.test_repository_service.TestRepositoryServiceTestCase" name="test_fetch_appropriate_parent_for_commit_parent_has_no_message_but_nothing_better" time="0.024" /><testcase classname="services.tests.test_repository_service.TestRepositoryServiceTestCase" name="test_fetch_appropriate_parent_for_multiple_commit_parent_has_no_message_but_nothing_better" time="0.024" /><testcase classname="services.tests.test_repository_service.TestRepositoryServiceTestCase" name="test_fetch_appropriate_parent_for_commit_grandparent_wrong_repo_with_same" time="0.025" /><testcase classname="services.tests.test_repository_service.TestRepositoryServiceTestCase" name="test_fetch_appropriate_parent_for_commit_grandparents_wrong_repo" time="0.026" /><testcase classname="services.tests.test_repository_service.TestRepositoryServiceTestCase" name="test_fetch_appropriate_parent_for_commit_direct_parent" time="0.015" /><testcase classname="services.tests.test_repository_service.TestRepositoryServiceTestCase" name="test_fetch_appropriate_parent_for_commit_multiple_parents" time="0.016" /><testcase classname="services.tests.test_repository_service.TestRepositoryServiceTestCase" name="test_get_or_create_author_doesnt_exist" time="0.025" /><testcase classname="services.tests.test_repository_service.TestRepositoryServiceTestCase" name="test_get_or_create_author_already_exists" time="0.007" /><testcase classname="services.tests.test_repository_service.TestRepositoryServiceTestCase" name="test_update_commit_from_provider_info_no_author_id" time="0.016" /><testcase classname="services.tests.test_repository_service.TestRepositoryServiceTestCase" name="test_update_commit_from_provider_info_no_pullid_on_defaultbranch" time="0.019" /><testcase classname="services.tests.test_repository_service.TestRepositoryServiceTestCase" name="test_update_commit_from_provider_info_no_pullid_not_on_defaultbranch" time="0.021" /><testcase classname="services.tests.test_repository_service.TestRepositoryServiceTestCase" name="test_update_commit_from_provider_info_with_author_id" time="0.019" /><testcase classname="services.tests.test_repository_service.TestRepositoryServiceTestCase" name="test_update_commit_from_provider_info_pull_from_fork" time="0.018" /><testcase classname="services.tests.test_repository_service.TestRepositoryServiceTestCase" name="test_update_commit_from_provider_info_bitbucket_merge" time="0.018" /><testcase classname="services.tests.test_repository_service.TestRepositoryServiceTestCase" name="test_get_repo_gh_no_integration" time="0.009" /><testcase classname="services.tests.test_repository_service.TestPullRequestFetcher" name="test_fetch_and_update_pull_request_information_from_commit_new_pull_commits_in_place" time="0.020" /><testcase classname="services.tests.test_repository_service.TestPullRequestFetcher" name="test_fetch_and_update_pull_request_information_from_commit_existing_pull_commits_in_place" time="0.020" /><testcase classname="services.tests.test_repository_service.TestPullRequestFetcher" name="test_fetch_and_update_pull_request_multiple_pulls_same_repo" time="0.022" /><testcase classname="services.tests.test_repository_service.TestPullRequestFetcher" name="test_fetch_and_update_pull_request_information_from_commit_different_compared_to" time="0.022" /><testcase classname="services.tests.test_repository_service.TestPullRequestFetcher" name="test_fetch_and_update_pull_request_information_no_compared_to" time="0.020" /><testcase classname="services.tests.test_repository_service.TestPullRequestFetcher" name="test_fetch_and_update_pull_request_information_torngitexception" time="0.012" /><testcase classname="services.tests.test_repository_service.TestPullRequestFetcher" name="test_fetch_and_update_pull_request_information_torngitexception_getting_pull" time="0.012" /><testcase classname="services.tests.test_repository_service.TestPullRequestFetcher" name="test_fetch_and_update_pull_request_information_torngitserverexception_getting_pull" time="0.010" /><testcase classname="services.tests.test_repository_service.TestPullRequestFetcher" name="test_fetch_and_update_pull_request_information_notfound_pull_already_exists" time="0.014" /><testcase classname="services.tests.test_repository_service.TestPullRequestFetcher" name="test_pick_best_base_comparedto_pair_no_user_provided_base_no_candidate" time="0.013" /><testcase classname="services.tests.test_repository_service.TestPullRequestFetcher" name="test_pick_best_base_comparedto_pair_yes_user_provided_base_no_candidate" time="0.013" /><testcase classname="services.tests.test_repository_service.TestPullRequestFetcher" name="test_pick_best_base_comparedto_pair_yes_user_provided_base_exact_match" time="0.012" /><testcase classname="services.tests.test_repository_service.TestPullRequestFetcher" name="test_pick_best_base_comparedto_pair_yes_user_given_no_base_exact_match" time="0.012" /><testcase classname="services.tests.test_repository_service.TestPullRequestFetcher" name="test_pick_best_base_comparedto_pair_yes_user_given_no_base_no_match" time="0.015" /><testcase classname="services.tests.test_repository_service.TestPullRequestFetcher" name="test_pick_best_base_comparedto_pair_yes_user_given_not_found" time="0.016" /><testcase classname="services.tests.test_repository_service.TestPullRequestFetcher" name="test_pick_best_base_comparedto_pair_no_user_given" time="0.015" /><testcase classname="services.tests.test_smtp.TestSMTP" name="test_send_email_recipients_refused" time="0.018" /><testcase classname="services.tests.test_smtp.TestSMTP" name="test_send_email_sender_refused" time="0.016" /><testcase classname="services.tests.test_smtp.TestSMTP" name="test_send_email_data_error" time="0.016" /><testcase classname="services.tests.test_smtp.TestSMTP" name="test_send_email_sends_errs" time="0.016" /><testcase classname="services.tests.test_smtp.TestSMTP" name="test_smtp_active" time="0.016" /><testcase classname="services.tests.test_smtp.TestSMTP" name="test_smtp_disconnected" time="0.017" /><testcase classname="services.tests.test_smtp.TestSMTP" name="test_smtp_init_connect_fail" time="0.016" /><testcase classname="services.tests.test_smtp.TestSMTP" name="test_smtp_disconnected_fail" time="0.017" /><testcase classname="services.tests.test_smtp.TestSMTP" name="test_smtp_tls_not_supported[starttls-Error doing STARTTLS command on SMTP-side_effect0]" time="0.016" /><testcase classname="services.tests.test_smtp.TestSMTP" name="test_smtp_tls_not_supported[login-SMTP server did not accept username/password combination-side_effect1]" time="0.018" /><testcase classname="services.tests.test_smtp.TestSMTP" name="test_smtp_not_supported[starttls-Server does not support TLS, continuing initialization of SMTP connection]" time="0.016" /><testcase classname="services.tests.test_smtp.TestSMTP" name="test_smtp_not_supported[login-Server does not support AUTH, continuing initialization of SMTP connection]" time="0.016" /><testcase classname="services.tests.test_timeseries.TestTimeseriesService" name="test_insert_commit_measurement" time="0.020" /><testcase classname="services.tests.test_timeseries.TestTimeseriesService" name="test_save_commit_measurements_no_report" time="0.015" /><testcase classname="services.tests.test_timeseries.TestTimeseriesService" name="test_update_commit_measurement" time="0.020" /><testcase classname="services.tests.test_timeseries.TestTimeseriesService" name="test_commit_measurement_insert_flags" time="0.019" /><testcase classname="services.tests.test_timeseries.TestTimeseriesService" name="test_commit_measurement_update_flags" time="0.021" /><testcase classname="services.tests.test_timeseries.TestTimeseriesService" name="test_commit_measurement_insert_components" time="0.023" /><testcase classname="services.tests.test_timeseries.TestTimeseriesService" name="test_commit_measurement_update_component" time="0.019" /><testcase classname="services.tests.test_timeseries.TestTimeseriesService" name="test_commit_measurement_no_datasets" time="0.011" /><testcase classname="services.tests.test_timeseries.TestTimeseriesService" name="test_repository_commits_query" time="0.017" /><testcase classname="services.tests.test_timeseries.TestTimeseriesService" name="test_repository_datasets_query" time="0.009" /><testcase classname="services.tests.test_timeseries.TestTimeseriesService" name="test_backfill_batch_size" time="0.015" /><testcase classname="services.tests.test_timeseries.TestTimeseriesService" name="test_delete_repository_data" time="0.027" /><testcase classname="services.tests.test_timeseries.TestTimeseriesService" name="test_delete_repository_data_side_effects" time="0.038" /><testcase classname="services.tests.test_timeseries.TestTimeseriesService" name="test_delete_repository_data_measurements_only" time="0.077" /><testcase classname="services.tests.integration.test_bots.TestRepositoryServiceIntegration" name="test_get_repo_appropriate_bot_token_non_existing_integration" time="0.029" /><testcase classname="services.tests.integration.test_bots.TestRepositoryServiceIntegration" name="test_get_repo_appropriate_bot_token_bad_data" time="0.027" /><testcase classname="services.tests.integration.test_repository_service.TestRepositoryServiceIntegration" name="test_get_repo_provider_service_github" time="0.023" /><testcase classname="services.tests.integration.test_repository_service.TestRepositoryServiceIntegration" name="test_get_repo_provider_service_bitbucket" time="0.023" /><testcase classname="services.tests.integration.test_repository_service.TestRepositoryServiceIntegration" name="test_get_repo_provider_service_gitlab" time="0.026" /><testcase classname="services.tests.unit.test_archive_service.TestWriteJsonData" name="test_write_report_details_to_storage" time="0.008" /><testcase classname="services.tests.unit.test_archive_service.TestWriteJsonData" name="test_write_report_details_to_storage_no_commitid" time="0.007" /><testcase classname="services.yaml.tests.test_yaml.TestYamlService" name="test_get_current_yaml_invalid_yaml" time="0.017" /><testcase classname="services.yaml.tests.test_yaml.TestYamlService" name="test_get_current_yaml_no_permissions" time="0.014" /><testcase classname="services.yaml.tests.test_yaml.TestYamlService" name="test_get_current_yaml_unreachable_provider" time="0.013" /><testcase classname="services.yaml.tests.test_yaml_fetching.TestYamlSavingService" name="test_fetch_commit_yaml_from_provider_with_secret" time="0.047" /><testcase classname="services.yaml.tests.test_yaml_fetching.TestYamlSavingService" name="test_fetch_commit_yaml_from_provider_with_secret_bad_commit" time="0.022" /><testcase classname="tasks.tests.integration.test_ai_pr_review" name="test_ai_pr_review_task" time="0.012" /><testcase classname="tasks.tests.integration.test_ghm_sync_plans.TestGHMarketplaceSyncPlansTask" name="test_purchase_by_existing_owner" time="0.029" /><testcase classname="tasks.tests.integration.test_ghm_sync_plans.TestGHMarketplaceSyncPlansTask" name="test_purchase_new_owner" time="0.028" /><testcase classname="tasks.tests.integration.test_ghm_sync_plans.TestGHMarketplaceSyncPlansTask" name="test_purchase_listing_not_found" time="0.028" /><testcase classname="tasks.tests.integration.test_ghm_sync_plans.TestGHMarketplaceSyncPlansTask" name="test_cancelled" time="0.032" /><testcase classname="tasks.tests.integration.test_ghm_sync_plans.TestGHMarketplaceSyncPlansTask" name="test_sync_all_plans" time="0.060" /><testcase classname="tasks.tests.integration.test_http_request_task.TestHTTPRequestTask" name="test_http_request_run_async_200" time="0.021" /><testcase classname="tasks.tests.integration.test_http_request_task.TestHTTPRequestTask" name="test_http_request_run_async_400" time="0.021" /><testcase classname="tasks.tests.integration.test_http_request_task.TestHTTPRequestTask" name="test_http_request_run_async_500" time="0.020" /><testcase classname="tasks.tests.integration.test_http_request_task.TestHTTPRequestTask" name="test_http_request_run_async_connection_error" time="0.020" /><testcase classname="tasks.tests.integration.test_notify_task.TestNotifyTask" name="test_simple_call_no_notifiers" time="0.123" /><testcase classname="tasks.tests.integration.test_notify_task.TestNotifyTask" name="test_simple_call_only_status_notifiers" time="0.165" /><testcase classname="tasks.tests.integration.test_notify_task.TestNotifyTask" name="test_simple_call_only_status_notifiers_no_pull_request" time="0.188" /><testcase classname="tasks.tests.integration.test_notify_task.TestNotifyTask" name="test_simple_call_only_status_notifiers_with_pull_request" time="0.234" /><testcase classname="tasks.tests.integration.test_notify_task.TestNotifyTask" name="test_simple_call_status_and_notifiers" time="0.338" /><testcase classname="tasks.tests.integration.test_notify_task.TestNotifyTask" name="test_notifier_call_no_head_commit_report" time="0.061" /><testcase classname="tasks.tests.integration.test_send_email_task.TestSendEmailTask" name="test_send_email_integration" time="0.031" /><testcase classname="tasks.tests.integration.test_status_set_error_task.TestStatusSetErrorTask" name="test_set_error" time="0.086" /><testcase classname="tasks.tests.integration.test_status_set_pending_task.TestStatusSetPendingTask" name="test_set_pending" time="0.084" /><testcase classname="tasks.tests.integration.test_sync_pull.TestPullSyncTask" name="test_call_task" time="0.242" /><testcase classname="tasks.tests.integration.test_timeseries_backfill" name="test_backfill_dataset_run_impl" time="0.015" /><testcase classname="tasks.tests.unit.test_backfill_commit_data_to_storage_task.TestBackfillCommitDataToStorageTask" name="test_handle_report_json" time="0.008" /><testcase classname="tasks.tests.unit.test_backfill_commit_data_to_storage_task.TestBackfillCommitDataToStorageTask" name="test_handle_report_json_alredy_in_storage" time="0.006" /><testcase classname="tasks.tests.unit.test_backfill_commit_data_to_storage_task.TestBackfillCommitDataToStorageTask" name="test_handle_report_json_missing_data" time="0.005" /><testcase classname="tasks.tests.unit.test_backfill_commit_data_to_storage_task.TestBackfillCommitDataToStorageTask" name="test_all_report_rows" time="0.011" /><testcase classname="tasks.tests.unit.test_backfill_commit_data_to_storage_task.TestBackfillCommitDataToStorageTask" name="test_all_report_rows_no_CommitReport" time="0.010" /><testcase classname="tasks.tests.unit.test_backfill_commit_data_to_storage_task.TestBackfillCommitDataToStorageTask" name="test_handle_single_report_row" time="0.014" /><testcase classname="tasks.tests.unit.test_backfill_commit_data_to_storage_task.TestBackfillCommitDataToStorageTask" name="test_handle_single_report_row_ReportDetails_missing_data" time="0.011" /><testcase classname="tasks.tests.unit.test_backfill_commit_data_to_storage_task.TestBackfillCommitDataToStorageTask" name="test_handle_single_report_row_create_ReportDetails" time="0.016" /><testcase classname="tasks.tests.unit.test_backfill_commit_data_to_storage_task.TestBackfillCommitDataToStorageTask" name="test_run" time="0.009" /><testcase classname="tasks.tests.unit.test_backfill_commit_data_to_storage_task.TestBackfillCommitDataToStorageTask" name="test_run_missing_commit" time="0.007" /><testcase classname="tasks.tests.unit.test_backfill_gh_app_installations.TestBackfillWithPreviousGHAppInstallation" name="test_gh_app_with_selection_all" time="0.019" /><testcase classname="tasks.tests.unit.test_backfill_gh_app_installations.TestBackfillWithPreviousGHAppInstallation" name="test_gh_app_with_specific_owner_ids" time="0.021" /><testcase classname="tasks.tests.unit.test_backfill_gh_app_installations.TestBackfillWithPreviousGHAppInstallation" name="test_gh_app_without_all_repo_selection" time="0.021" /><testcase classname="tasks.tests.unit.test_backfill_gh_app_installations.TestBackfillOwnersWithIntegrationWithoutGHApp" name="test_no_previous_app_existing_repos_only" time="0.023" /><testcase classname="tasks.tests.unit.test_backfill_gh_app_installations.TestBackfillOwnersWithIntegrationWithoutGHApp" name="test_no_previous_app_some_existing_repos" time="0.020" /><testcase classname="tasks.tests.unit.test_backfill_gh_app_installations.TestBackfillBothTypesOfOwners" name="test_backfill_with_both_types_of_owners" time="0.024" /><testcase classname="tasks.tests.unit.test_base.TestBaseCodecovTask" name="test_hard_time_limit_task_with_request_data" time="0.007" /><testcase classname="tasks.tests.unit.test_base.TestBaseCodecovTask" name="test_hard_time_limit_task_from_default_app" time="0.006" /><testcase classname="tasks.tests.unit.test_base.TestBaseCodecovTask" name="test_sample_run" time="0.113" /><testcase classname="tasks.tests.unit.test_base.TestBaseCodecovTask" name="test_sample_run_db_exception" time="0.010" /><testcase classname="tasks.tests.unit.test_base.TestBaseCodecovTask" name="test_sample_run_integrity_error" time="0.009" /><testcase classname="tasks.tests.unit.test_base.TestBaseCodecovTask" name="test_sample_run_deadlock_exception" time="0.009" /><testcase classname="tasks.tests.unit.test_base.TestBaseCodecovTask" name="test_sample_run_operationalerror_exception" time="0.009" /><testcase classname="tasks.tests.unit.test_base.TestBaseCodecovTask" name="test_sample_run_softimeout" time="0.008" /><testcase classname="tasks.tests.unit.test_base.TestBaseCodecovTask" name="test_wrap_up_dbsession_success" time="0.006" /><testcase classname="tasks.tests.unit.test_base.TestBaseCodecovTask" name="test_wrap_up_dbsession_timeout_but_ok" time="0.006" /><testcase classname="tasks.tests.unit.test_base.TestBaseCodecovTask" name="test_wrap_up_dbsession_timeout_nothing_works" time="0.007" /><testcase classname="tasks.tests.unit.test_base.TestBaseCodecovTask" name="test_wrap_up_dbsession_invalid_nothing_works" time="0.007" /><testcase classname="tasks.tests.unit.test_base.TestBaseCodecovTask" name="test_commit_django_with_timeseries" time="0.008" /><testcase classname="tasks.tests.unit.test_base.TestBaseCodecovTask" name="test_commit_django_without_timeseries" time="0.008" /><testcase classname="tasks.tests.unit.test_base.TestBaseCodecovTask" name="test_rollback_django_with_timeseries" time="0.007" /><testcase classname="tasks.tests.unit.test_base.TestBaseCodecovTask" name="test_rollback_django_without_timeseries" time="0.008" /><testcase classname="tasks.tests.unit.test_base.TestBaseCodecovTask" name="test_run_success_commits_both_orms" time="0.011" /><testcase classname="tasks.tests.unit.test_base.TestBaseCodecovTask" name="test_run_db_errors_rollback" time="0.017" /><testcase classname="tasks.tests.unit.test_base.TestBaseCodecovTask" name="test_run_sqlalchemy_error_rollback" time="0.016" /><testcase classname="tasks.tests.unit.test_base.TestBaseCodecovTaskHooks" name="test_sample_task_success" time="0.024" /><testcase classname="tasks.tests.unit.test_base.TestBaseCodecovTaskHooks" name="test_sample_task_failure" time="0.026" /><testcase classname="tasks.tests.unit.test_base.TestBaseCodecovTaskHooks" name="test_sample_task_retry" time="0.012" /><testcase classname="tasks.tests.unit.test_base.TestBaseCodecovTaskApplyAsyncOverride" name="test_real_example_no_override" time="0.034" /><testcase classname="tasks.tests.unit.test_base.TestBaseCodecovTaskApplyAsyncOverride" name="test_real_example_override_from_celery" time="0.031" /><testcase classname="tasks.tests.unit.test_base.TestBaseCodecovTaskApplyAsyncOverride" name="test_real_example_override_from_upload" time="0.029" /><testcase classname="tasks.tests.unit.test_brolly_stats_rollup.TestBrollyStatsRollupTask" name="test_get_min_seconds_interval_between_executions" time="0.004" /><testcase classname="tasks.tests.unit.test_brolly_stats_rollup.TestBrollyStatsRollupTask" name="test_run_cron_task_while_disabled" time="0.004" /><testcase classname="tasks.tests.unit.test_brolly_stats_rollup.TestBrollyStatsRollupTask" name="test_run_cron_task_http_ok" time="0.033" /><testcase classname="tasks.tests.unit.test_brolly_stats_rollup.TestBrollyStatsRollupTask" name="test_run_cron_task_not_ok" time="0.019" /><testcase classname="tasks.tests.unit.test_brolly_stats_rollup.TestBrollyStatsRollupTask" name="test_run_cron_task_include_admin_email_if_populated" time="0.020" /><testcase classname="tasks.tests.unit.test_bundle_analysis_notify_task" name="test_bundle_analysis_notify_task" time="0.016" /><testcase classname="tasks.tests.unit.test_bundle_analysis_processor_task" name="test_bundle_analysis_processor_task" time="0.040" /><testcase classname="tasks.tests.unit.test_bundle_analysis_processor_task" name="test_bundle_analysis_processor_task_error" time="0.044" /><testcase classname="tasks.tests.unit.test_bundle_analysis_processor_task" name="test_bundle_analysis_processor_task_general_error" time="0.019" /><testcase classname="tasks.tests.unit.test_bundle_analysis_processor_task" name="test_bundle_analysis_process_upload_general_error" time="0.037" /><testcase classname="tasks.tests.unit.test_bundle_analysis_processor_task" name="test_bundle_analysis_processor_task_locked" time="0.018" /><testcase classname="tasks.tests.unit.test_check_static_analysis.TestStaticAnalysisCheckTask" name="test_simple_call_no_object_saved" time="0.006" /><testcase classname="tasks.tests.unit.test_check_static_analysis.TestStaticAnalysisCheckTask" name="test_simple_call_with_suite_all_created" time="0.034" /><testcase classname="tasks.tests.unit.test_check_static_analysis.TestStaticAnalysisCheckTask" name="test_simple_call_with_suite_mix_from_other" time="0.092" /><testcase classname="tasks.tests.unit.test_clean_labels_index.TestCleanLabelsIndexSyncronization" name="test_retry_currently_processing" time="0.012" /><testcase classname="tasks.tests.unit.test_clean_labels_index.TestCleanLabelsIndexSyncronization" name="test_retry_failed_to_get_lock" time="0.016" /><testcase classname="tasks.tests.unit.test_clean_labels_index.TestCleanLabelsIndexSyncronization" name="test_call_actual_logic" time="0.015" /><testcase classname="tasks.tests.unit.test_clean_labels_index.TestCleanLabelsIndexReadOnlyArgs" name="test__get_commit_or_fail_success" time="0.009" /><testcase classname="tasks.tests.unit.test_clean_labels_index.TestCleanLabelsIndexReadOnlyArgs" name="test__get_commit_or_fail_fail" time="0.005" /><testcase classname="tasks.tests.unit.test_clean_labels_index.TestCleanLabelsIndexReadOnlyArgs" name="test__get_best_effort_commit_yaml_from_provider" time="0.009" /><testcase classname="tasks.tests.unit.test_clean_labels_index.TestCleanLabelsIndexReadOnlyArgs" name="test__get_best_effort_commit_yaml_from_db" time="0.008" /><testcase classname="tasks.tests.unit.test_clean_labels_index.TestCleanLabelsIndexLogic" name="test_clean_labels_report_not_found" time="0.007" /><testcase classname="tasks.tests.unit.test_clean_labels_index.TestCleanLabelsIndexLogic" name="test_clean_labels_no_labels_index_in_report" time="0.007" /><testcase classname="tasks.tests.unit.test_clean_labels_index.TestCleanLabelsIndexLogic" name="test_clean_labels_no_change_needed" time="0.008" /><testcase classname="tasks.tests.unit.test_clean_labels_index.TestCleanLabelsIndexLogic" name="test_clean_labels_with_renames" time="0.008" /><testcase classname="tasks.tests.unit.test_commit_update.TestCommitUpdate" name="test_update_commit" time="0.096" /><testcase classname="tasks.tests.unit.test_commit_update.TestCommitUpdate" name="test_update_commit_bot_unauthorized" time="0.019" /><testcase classname="tasks.tests.unit.test_commit_update.TestCommitUpdate" name="test_update_commit_no_bot" time="0.016" /><testcase classname="tasks.tests.unit.test_commit_update.TestCommitUpdate" name="test_update_commit_repo_not_found" time="0.016" /><testcase classname="tasks.tests.unit.test_commit_update.TestCommitUpdate" name="test_update_commit_not_found" time="0.019" /><testcase classname="tasks.tests.unit.test_commit_update.TestCommitUpdate" name="test_update_commit_already_populated" time="0.019" /><testcase classname="tasks.tests.unit.test_compute_comparison.TestComputeComparisonTask" name="test_set_state_to_processed" time="0.028" /><testcase classname="tasks.tests.unit.test_compute_comparison.TestComputeComparisonTask" name="test_set_state_to_processed_non_empty_report_with_flag_comparisons" time="0.037" /><testcase classname="tasks.tests.unit.test_compute_comparison.TestComputeComparisonTask" name="test_flag_comparisons_without_head_report" time="0.027" /><testcase classname="tasks.tests.unit.test_compute_comparison.TestComputeComparisonTask" name="test_update_existing_flag_comparisons" time="0.034" /><testcase classname="tasks.tests.unit.test_compute_comparison.TestComputeComparisonTask" name="test_set_state_to_error_missing_base_report" time="0.015" /><testcase classname="tasks.tests.unit.test_compute_comparison.TestComputeComparisonTask" name="test_set_state_to_error_missing_head_report" time="0.015" /><testcase classname="tasks.tests.unit.test_compute_comparison.TestComputeComparisonTask" name="test_run_task_ratelimit_error" time="0.015" /><testcase classname="tasks.tests.unit.test_compute_comparison.TestComputeComparisonTask" name="test_compute_component_comparisons" time="0.037" /><testcase classname="tasks.tests.unit.test_compute_comparison.TestComputeComparisonTask" name="test_compute_component_comparisons_empty_diff" time="0.040" /><testcase classname="tasks.tests.unit.test_crontasks.TestCrontasks" name="test_simple_run" time="0.007" /><testcase classname="tasks.tests.unit.test_crontasks.TestCrontasks" name="test_simple_run_with_too_recent_call" time="0.006" /><testcase classname="tasks.tests.unit.test_crontasks.TestCrontasks" name="test_simple_run_with_lock_error" time="0.006" /><testcase classname="tasks.tests.unit.test_delete_owner.TestDeleteOwnerTaskUnit" name="test_unknown_owner" time="0.008" /><testcase classname="tasks.tests.unit.test_delete_owner.TestDeleteOwnerTaskUnit" name="test_delete_owner_deletes_owner_with_ownerid" time="0.029" /><testcase classname="tasks.tests.unit.test_delete_owner.TestDeleteOwnerTaskUnit" name="test_delete_owner_deletes_owner_with_commit_compares" time="0.033" /><testcase classname="tasks.tests.unit.test_delete_owner.TestDeleteOwnerTaskUnit" name="test_delete_owner_from_orgs_removes_ownerid_from_organizations_of_related_owners" time="0.011" /><testcase classname="tasks.tests.unit.test_delete_owner.TestDeleteOwnerTaskUnit" name="test_delete_owner_deletes_repo_archives_for_each_repo" time="0.012" /><testcase classname="tasks.tests.unit.test_delete_owner.TestDeleteOwnerTaskUnit" name="test_delete_owner_timeout" time="0.010" /><testcase classname="tasks.tests.unit.test_find_uncollected_profiling_uploads.TestFindUncollectedProfilingsTask" name="test_run_cron_task_empty" time="0.006" /><testcase classname="tasks.tests.unit.test_find_uncollected_profiling_uploads.TestFindUncollectedProfilingsTask" name="test_run_cron_task_one_matching_profiling" time="0.012" /><testcase classname="tasks.tests.unit.test_flush_repo.TestFlushRepo" name="test_flush_repo_nothing" time="0.021" /><testcase classname="tasks.tests.unit.test_flush_repo.TestFlushRepo" name="test_flush_repo_few_of_each_only_db_objects" time="0.069" /><testcase classname="tasks.tests.unit.test_flush_repo.TestFlushRepo" name="test_flush_repo_only_archives" time="0.020" /><testcase classname="tasks.tests.unit.test_flush_repo.TestFlushRepo" name="test_flush_repo_little_bit_of_everything" time="0.056" /><testcase classname="tasks.tests.unit.test_ghm_sync_plans.TestGHMarketplaceSyncPlansTaskUnit" name="test_create_or_update_to_free_plan_known_user" time="0.011" /><testcase classname="tasks.tests.unit.test_ghm_sync_plans.TestGHMarketplaceSyncPlansTaskUnit" name="test_create_or_update_to_free_plan_unknown_user" time="0.026" /><testcase classname="tasks.tests.unit.test_ghm_sync_plans.TestGHMarketplaceSyncPlansTaskUnit" name="test_create_or_update_plan_known_user_with_plan" time="0.010" /><testcase classname="tasks.tests.unit.test_ghm_sync_plans.TestGHMarketplaceSyncPlansTaskUnit" name="test_create_or_update_plan_known_user_without_plan" time="0.009" /><testcase classname="tasks.tests.unit.test_ghm_sync_plans.TestGHMarketplaceSyncPlansTaskUnit" name="test_create_or_update_plan_unknown_user" time="0.008" /><testcase classname="tasks.tests.unit.test_github_app_webhooks_check.TestGHAppWebhooksTask" name="test_get_min_seconds_interval_between_executions" time="0.004" /><testcase classname="tasks.tests.unit.test_github_app_webhooks_check.TestGHAppWebhooksTask" name="test_skip_check_if_enterprise" time="0.005" /><testcase classname="tasks.tests.unit.test_github_app_webhooks_check.TestGHAppWebhooksTask" name="test_return_on_exception" time="0.008" /><testcase classname="tasks.tests.unit.test_github_app_webhooks_check.TestGHAppWebhooksTask" name="test_successful_run" time="0.009" /><testcase classname="tasks.tests.unit.test_github_app_webhooks_check.TestGHAppWebhooksTask" name="test_redelivery_counters" time="0.011" /><testcase classname="tasks.tests.unit.test_healthcheck_task.TestHealthCheckTask" name="test_run_impl" time="0.008" /><testcase classname="tasks.tests.unit.test_healthcheck_task.TestHealthCheckTask" name="test_run_impl_with_configs" time="0.008" /><testcase classname="tasks.tests.unit.test_healthcheck_task.TestHealthCheckTask" name="test_get_min_seconds_interval_between_executions" time="0.004" /><testcase classname="tasks.tests.unit.test_hourly_check.TestHourlyCheck" name="test_simple_case" time="0.004" /><testcase classname="tasks.tests.unit.test_hourly_check.TestHourlyCheck" name="test_get_min_seconds_interval_between_executions" time="0.004" /><testcase classname="tasks.tests.unit.test_label_analysis" name="test_simple_call_without_requested_labels_then_with_requested_labels" time="0.027" /><testcase classname="tasks.tests.unit.test_label_analysis" name="test_simple_call_with_requested_labels" time="0.023" /><testcase classname="tasks.tests.unit.test_label_analysis" name="test_get_requested_labels" time="0.012" /><testcase classname="tasks.tests.unit.test_label_analysis" name="test_call_label_analysis_no_request_object" time="0.007" /><testcase classname="tasks.tests.unit.test_label_analysis" name="test_get_relevant_executable_lines_nothing_found" time="0.012" /><testcase classname="tasks.tests.unit.test_label_analysis" name="test_get_relevant_executable_lines_with_static_analyses" time="0.014" /><testcase classname="tasks.tests.unit.test_label_analysis" name="test_run_impl_with_error" time="0.021" /><testcase classname="tasks.tests.unit.test_label_analysis" name="test_calculate_result_no_report" time="0.021" /><testcase classname="tasks.tests.unit.test_label_analysis" name="test__get_parsed_git_diff" time="0.017" /><testcase classname="tasks.tests.unit.test_label_analysis" name="test__get_parsed_git_diff_error" time="0.018" /><testcase classname="tasks.tests.unit.test_label_analysis" name="test__get_lines_relevant_to_diff" time="0.011" /><testcase classname="tasks.tests.unit.test_label_analysis" name="test__get_lines_relevant_to_diff_error" time="0.011" /><testcase classname="tasks.tests.unit.test_label_analysis_encoded_labels" name="test_simple_call_without_requested_labels_then_with_requested_labels" time="0.027" /><testcase classname="tasks.tests.unit.test_label_analysis_encoded_labels" name="test_simple_call_with_requested_labels" time="0.024" /><testcase classname="tasks.tests.unit.test_label_analysis_encoded_labels" name="test_get_requested_labels" time="0.012" /><testcase classname="tasks.tests.unit.test_label_analysis_encoded_labels" name="test_call_label_analysis_no_request_object" time="0.007" /><testcase classname="tasks.tests.unit.test_label_analysis_encoded_labels" name="test_get_relevant_executable_lines_nothing_found" time="0.012" /><testcase classname="tasks.tests.unit.test_label_analysis_encoded_labels" name="test_get_relevant_executable_lines_with_static_analyses" time="0.013" /><testcase classname="tasks.tests.unit.test_label_analysis_encoded_labels" name="test_run_impl_with_error" time="0.020" /><testcase classname="tasks.tests.unit.test_label_analysis_encoded_labels" name="test_calculate_result_no_report" time="0.021" /><testcase classname="tasks.tests.unit.test_label_analysis_encoded_labels" name="test__get_parsed_git_diff" time="0.015" /><testcase classname="tasks.tests.unit.test_label_analysis_encoded_labels" name="test__get_parsed_git_diff_error" time="0.017" /><testcase classname="tasks.tests.unit.test_label_analysis_encoded_labels" name="test__get_lines_relevant_to_diff" time="0.011" /><testcase classname="tasks.tests.unit.test_label_analysis_encoded_labels" name="test__get_lines_relevant_to_diff_error" time="0.011" /><testcase classname="tasks.tests.unit.test_manual_trigger.TestUploadCompletionTask" name="test_manual_upload_completion_trigger" time="0.031" /><testcase classname="tasks.tests.unit.test_manual_trigger.TestUploadCompletionTask" name="test_manual_upload_completion_trigger_uploads_still_processing" time="0.018" /><testcase classname="tasks.tests.unit.test_mutation_upload_task" name="test_mutation_upload_task_call" time="0.016" /><testcase classname="tasks.tests.unit.test_new_user_activated.TestNewUserActivatedTaskUnit" name="test_get_pulls_authored_by_user_none" time="0.013" /><testcase classname="tasks.tests.unit.test_new_user_activated.TestNewUserActivatedTaskUnit" name="test_get_pulls_authored_by_user" time="0.015" /><testcase classname="tasks.tests.unit.test_new_user_activated.TestNewUserActivatedTaskUnit" name="test_is_org_on_pr_plan_gitlab_subgroup" time="0.010" /><testcase classname="tasks.tests.unit.test_new_user_activated.TestNewUserActivatedTaskUnit" name="test_org_not_found" time="0.006" /><testcase classname="tasks.tests.unit.test_new_user_activated.TestNewUserActivatedTaskUnit" name="test_org_not_on_pr_plan" time="0.013" /><testcase classname="tasks.tests.unit.test_new_user_activated.TestNewUserActivatedTaskUnit" name="test_no_commit_notifications_found" time="0.021" /><testcase classname="tasks.tests.unit.test_new_user_activated.TestNewUserActivatedTaskUnit" name="test_no_head_commit_on_pull" time="0.020" /><testcase classname="tasks.tests.unit.test_new_user_activated.TestNewUserActivatedTaskUnit" name="test_commit_notifications_all_standard" time="0.019" /><testcase classname="tasks.tests.unit.test_new_user_activated.TestNewUserActivatedTaskUnit" name="test_commit_notifications_resend_single_pull" time="0.019" /><testcase classname="tasks.tests.unit.test_notify_task.TestNotifyTaskHelpers" name="test_fetch_parent" time="0.014" /><testcase classname="tasks.tests.unit.test_notify_task.TestNotifyTaskHelpers" name="test_determine_decoration_type_from_pull_does_not_attempt_activation" time="0.014" /><testcase classname="tasks.tests.unit.test_notify_task.TestNotifyTaskHelpers" name="test_determine_decoration_type_from_pull_auto_activation_fails" time="0.016" /><testcase classname="tasks.tests.unit.test_notify_task.TestNotifyTaskHelpers" name="test_determine_decoration_type_from_pull_attempt_activation" time="0.016" /><testcase classname="tasks.tests.unit.test_notify_task.TestNotifyTask" name="test_simple_call_no_notifications" time="0.018" /><testcase classname="tasks.tests.unit.test_notify_task.TestNotifyTask" name="test_simple_call_no_notifications_no_yaml_given" time="0.022" /><testcase classname="tasks.tests.unit.test_notify_task.TestNotifyTask" name="test_simple_call_no_notifications_commit_differs_from_pulls_head" time="0.029" /><testcase classname="tasks.tests.unit.test_notify_task.TestNotifyTask" name="test_simple_call_yes_notifications_no_base" time="0.027" /><testcase classname="tasks.tests.unit.test_notify_task.TestNotifyTask" name="test_simple_call_no_pullrequest_found" time="0.023" /><testcase classname="tasks.tests.unit.test_notify_task.TestNotifyTask" name="test_simple_call_should_delay" time="0.017" /><testcase classname="tasks.tests.unit.test_notify_task.TestNotifyTask" name="test_simple_call_should_delay_using_integration" time="0.017" /><testcase classname="tasks.tests.unit.test_notify_task.TestNotifyTask" name="test_simple_call_not_able_fetch_ci" time="0.015" /><testcase classname="tasks.tests.unit.test_notify_task.TestNotifyTask" name="test_simple_call_not_able_fetch_ci_server_issues" time="0.017" /><testcase classname="tasks.tests.unit.test_notify_task.TestNotifyTask" name="test_should_send_notifications_ci_did_not_pass" time="0.010" /><testcase classname="tasks.tests.unit.test_notify_task.TestNotifyTask" name="test_should_send_notifications_after_n_builds" time="0.008" /><testcase classname="tasks.tests.unit.test_notify_task.TestNotifyTask" name="test_notify_task_no_bot" time="0.013" /><testcase classname="tasks.tests.unit.test_notify_task.TestNotifyTask" name="test_submit_third_party_notifications_exception" time="0.020" /><testcase classname="tasks.tests.unit.test_notify_task.TestNotifyTask" name="test_notify_task_max_retries_exceeded" time="0.017" /><testcase classname="tasks.tests.unit.test_notify_task.TestNotifyTask" name="test_run_impl_unobtainable_lock" time="0.014" /><testcase classname="tasks.tests.unit.test_notify_task.TestNotifyTask" name="test_run_impl_other_jobs_coming" time="0.010" /><testcase classname="tasks.tests.unit.test_notify_task.TestNotifyTask" name="test_run_impl_can_run_logic" time="0.013" /><testcase classname="tasks.tests.unit.test_notify_task.TestNotifyTask" name="test_checkpoints_not_logged_outside_upload_flow" time="0.025" /><testcase classname="tasks.tests.unit.test_planmanager_task.TestDailyPlanManagerTask" name="test_simple_case" time="0.015" /><testcase classname="tasks.tests.unit.test_planmanager_task.TestDailyPlanManagerTask" name="test_get_min_seconds_interval_between_executions" time="0.004" /><testcase classname="tasks.tests.unit.test_preprocess_upload.TestPreProcessUpload" name="test_preprocess_task" time="0.040" /><testcase classname="tasks.tests.unit.test_preprocess_upload.TestPreProcessUpload" name="test_run_impl_already_running" time="0.011" /><testcase classname="tasks.tests.unit.test_preprocess_upload.TestPreProcessUpload" name="test_run_impl_unobtainable_lock" time="0.010" /><testcase classname="tasks.tests.unit.test_preprocess_upload.TestPreProcessUpload" name="test_get_repo_provider_service_no_bot" time="0.008" /><testcase classname="tasks.tests.unit.test_preprocess_upload.TestPreProcessUpload" name="test_preprocess_upload_fail_no_provider_service" time="0.012" /><testcase classname="tasks.tests.unit.test_profiling_collection" name="test_run_impl_simple_run_no_existing_data" time="0.020" /><testcase classname="tasks.tests.unit.test_profiling_collection" name="test_run_impl_simple_run_no_existing_data_yes_new_uploads" time="0.018" /><testcase classname="tasks.tests.unit.test_profiling_collection" name="test_run_impl_simple_run_no_existing_data_sample_new_uploads" time="0.023" /><testcase classname="tasks.tests.unit.test_profiling_collection" name="test_collection_task_redis_lock_unavailable" time="0.009" /><testcase classname="tasks.tests.unit.test_profiling_collection.TestProfilingCollectionTask" name="test_join_profiling_uploads_no_existing_data_no_new_uploads" time="0.008" /><testcase classname="tasks.tests.unit.test_profiling_collection.TestProfilingCollectionTask" name="test_join_profiling_uploads_with_existing_data_no_new_uploads" time="0.010" /><testcase classname="tasks.tests.unit.test_profiling_collection.TestProfilingCollectionTask" name="test_join_profiling_uploads_with_existing_data_and_new_uploads" time="0.010" /><testcase classname="tasks.tests.unit.test_profiling_collection.TestProfilingCollectionTask" name="test_join_profiling_uploads_with_existing_data_and_sample_uploads" time="0.013" /><testcase classname="tasks.tests.unit.test_profiling_collection.TestProfilingCollectionTask" name="test_merge_into_upload_file_does_not_exist" time="0.009" /><testcase classname="tasks.tests.unit.test_profiling_collection.TestProfilingCollectionTask" name="test_merge_into_upload_file_old_result" time="0.009" /><testcase classname="tasks.tests.unit.test_profiling_collection.TestProfilingCollectionTask" name="test_find_uploads_to_join_first_joining" time="0.012" /><testcase classname="tasks.tests.unit.test_profiling_collection.TestProfilingCollectionTask" name="test_find_uploads_to_join_already_joined" time="0.011" /><testcase classname="tasks.tests.unit.test_profiling_normalizer" name="test_run_impl_simple_normalizing_run" time="0.278" /><testcase classname="tasks.tests.unit.test_profiling_normalizer" name="test_run_sync_normalizing_run_no_file" time="0.011" /><testcase classname="tasks.tests.unit.test_profiling_summarization" name="test_summarize_run_impl_simple_run" time="0.013" /><testcase classname="tasks.tests.unit.test_profiling_summarization" name="test_summarize_run_impl_simple_run_no_file" time="0.010" /><testcase classname="tasks.tests.unit.test_save_commit_measurements.TestSaveCommitMeasurements" name="test_save_commit_measurements_success" time="0.012" /><testcase classname="tasks.tests.unit.test_save_commit_measurements.TestSaveCommitMeasurements" name="test_save_commit_measurements_no_commit" time="0.007" /><testcase classname="tasks.tests.unit.test_save_commit_measurements.TestSaveCommitMeasurements" name="test_save_commit_measurements_exception" time="0.012" /><testcase classname="tasks.tests.unit.test_save_report_results_task.TestSaveReportResultsTaskHelpers" name="test_fetch_parent" time="0.014" /><testcase classname="tasks.tests.unit.test_save_report_results_task.TestSaveReportResultsTaskHelpers" name="test_fetch_report" time="0.012" /><testcase classname="tasks.tests.unit.test_save_report_results_task.TestSaveReportResultsTaskHelpers" name="test_fetch_commit" time="0.011" /><testcase classname="tasks.tests.unit.test_save_report_results_task.TestSaveReportResultsTaskHelpers" name="test_fetch_base_commit" time="0.014" /><testcase classname="tasks.tests.unit.test_save_report_results_task.TestSaveReportResultsTaskHelpers" name="test_fetch_base_and_head_reports" time="0.013" /><testcase classname="tasks.tests.unit.test_save_report_results_task.TestSaveReportResultsTaskHelpers" name="test_fetch_yaml_dict" time="0.013" /><testcase classname="tasks.tests.unit.test_save_report_results_task.TestSaveReportResultsTaskHelpers" name="test_save_report_results_into_db" time="0.011" /><testcase classname="tasks.tests.unit.test_save_report_results_task.TestSaveReportResultsTask" name="test_save_patch_results_successful" time="0.020" /><testcase classname="tasks.tests.unit.test_save_report_results_task.TestSaveReportResultsTask" name="test_save_patch_results_no_valid_bot" time="0.013" /><testcase classname="tasks.tests.unit.test_save_report_results_task.TestSaveReportResultsTask" name="test_save_patch_results_no_head_report" time="0.015" /><testcase classname="tasks.tests.unit.test_send_email_task.TestSendEmailTask" name="test_send_email" time="0.016" /><testcase classname="tasks.tests.unit.test_send_email_task.TestSendEmailTask" name="test_send_email_non_existent_template" time="0.010" /><testcase classname="tasks.tests.unit.test_send_email_task.TestSendEmailTask" name="test_send_email_no_owner" time="0.009" /><testcase classname="tasks.tests.unit.test_send_email_task.TestSendEmailTask" name="test_send_email_missing_kwargs" time="0.011" /><testcase classname="tasks.tests.unit.test_send_email_task.TestSendEmailTask" name="test_send_email_invalid_owner_no_list_type" time="0.008" /><testcase classname="tasks.tests.unit.test_send_email_task.TestSendEmailTask" name="test_send_email_recipients_refused" time="0.011" /><testcase classname="tasks.tests.unit.test_send_email_task.TestSendEmailTask" name="test_send_email_sender_refused" time="0.010" /><testcase classname="tasks.tests.unit.test_send_email_task.TestSendEmailTask" name="test_send_email_data_error" time="0.011" /><testcase classname="tasks.tests.unit.test_send_email_task.TestSendEmailTask" name="test_send_email_sends_errs" time="0.011" /><testcase classname="tasks.tests.unit.test_send_email_task.TestSendEmailTask" name="test_send_email_no_smtp_config" time="0.008" /><testcase classname="tasks.tests.unit.test_status_set_error.TestSetErrorTaskUnit" name="test_no_status" time="0.015" /><testcase classname="tasks.tests.unit.test_status_set_error.TestSetErrorTaskUnit" name="test_set_error[patch-True]" time="0.016" /><testcase classname="tasks.tests.unit.test_status_set_error.TestSetErrorTaskUnit" name="test_set_error[project-True]" time="0.016" /><testcase classname="tasks.tests.unit.test_status_set_error.TestSetErrorTaskUnit" name="test_set_error[changes-True]" time="0.016" /><testcase classname="tasks.tests.unit.test_status_set_error.TestSetErrorTaskUnit" name="test_set_error[patch-False]" time="0.015" /><testcase classname="tasks.tests.unit.test_status_set_error.TestSetErrorTaskUnit" name="test_set_error[project-False]" time="0.015" /><testcase classname="tasks.tests.unit.test_status_set_error.TestSetErrorTaskUnit" name="test_set_error[changes-False]" time="0.015" /><testcase classname="tasks.tests.unit.test_status_set_error.TestSetErrorTaskUnit" name="test_set_error_custom_message" time="0.016" /><testcase classname="tasks.tests.unit.test_status_set_pending.TestSetPendingTaskUnit" name="test_no_status" time="0.017" /><testcase classname="tasks.tests.unit.test_status_set_pending.TestSetPendingTaskUnit" name="test_not_in_beta" time="0.014" /><testcase classname="tasks.tests.unit.test_status_set_pending.TestSetPendingTaskUnit" name="test_skip_set_pending" time="0.016" /><testcase classname="tasks.tests.unit.test_status_set_pending.TestSetPendingTaskUnit" name="test_skip_set_pending_unknown_branch" time="0.016" /><testcase classname="tasks.tests.unit.test_status_set_pending.TestSetPendingTaskUnit" name="test_set_pending[patch-master-False0]" time="0.018" /><testcase classname="tasks.tests.unit.test_status_set_pending.TestSetPendingTaskUnit" name="test_set_pending[patch-master-False1]" time="0.018" /><testcase classname="tasks.tests.unit.test_status_set_pending.TestSetPendingTaskUnit" name="test_set_pending[patch-master-True]" time="0.017" /><testcase classname="tasks.tests.unit.test_status_set_pending.TestSetPendingTaskUnit" name="test_set_pending[patch-skip-False]" time="0.017" /><testcase classname="tasks.tests.unit.test_status_set_pending.TestSetPendingTaskUnit" name="test_set_pending[project-master-False]" time="0.017" /><testcase classname="tasks.tests.unit.test_status_set_pending.TestSetPendingTaskUnit" name="test_set_pending[project-skip-False]" time="0.017" /><testcase classname="tasks.tests.unit.test_status_set_pending.TestSetPendingTaskUnit" name="test_set_pending[project-master-True]" time="0.016" /><testcase classname="tasks.tests.unit.test_status_set_pending.TestSetPendingTaskUnit" name="test_set_pending[changes-master-False0]" time="0.018" /><testcase classname="tasks.tests.unit.test_status_set_pending.TestSetPendingTaskUnit" name="test_set_pending[changes-master-False1]" time="0.017" /><testcase classname="tasks.tests.unit.test_status_set_pending.TestSetPendingTaskUnit" name="test_set_pending[changes-master-True]" time="0.016" /><testcase classname="tasks.tests.unit.test_status_set_pending.TestSetPendingTaskUnit" name="test_set_pending[changes-skip-False]" time="0.017" /><testcase classname="tasks.tests.unit.test_sync_pull.TestPullSyncTask" name="test_update_pull_commits_merged" time="0.022" /><testcase classname="tasks.tests.unit.test_sync_pull.TestPullSyncTask" name="test_update_pull_commits_not_merged" time="0.019" /><testcase classname="tasks.tests.unit.test_sync_pull.TestPullSyncTask" name="test_call_pullsync_task_no_head_commit" time="0.016" /><testcase classname="tasks.tests.unit.test_sync_pull.TestPullSyncTask" name="test_call_pullsync_task_nolock" time="0.010" /><testcase classname="tasks.tests.unit.test_sync_pull.TestPullSyncTask" name="test_call_pullsync_task_no_database_pull" time="0.013" /><testcase classname="tasks.tests.unit.test_sync_pull.TestPullSyncTask" name="test_call_pullsync_task_no_provider_pull_only" time="0.015" /><testcase classname="tasks.tests.unit.test_sync_pull.TestPullSyncTask" name="test_call_pullsync_no_bot" time="0.013" /><testcase classname="tasks.tests.unit.test_sync_pull.TestPullSyncTask" name="test_call_pullsync_no_permissions_get_compare" time="0.029" /><testcase classname="tasks.tests.unit.test_sync_pull.TestPullSyncTask" name="test_run_impl_unobtainable_lock" time="0.009" /><testcase classname="tasks.tests.unit.test_sync_pull.TestPullSyncTask" name="test_cache_changes_stores_changed_files_in_redis_if_owner_is_whitelisted" time="0.015" /><testcase classname="tasks.tests.unit.test_sync_pull.TestPullSyncTask" name="test_trigger_ai_pr_review" time="0.110" /><testcase classname="tasks.tests.unit.test_sync_repo_languages.TestSyncRepoLanguages" name="test_languages_no_intersection_and_not_synced_github" time="0.015" /><testcase classname="tasks.tests.unit.test_sync_repo_languages.TestSyncRepoLanguages" name="test_languages_no_intersection_and_not_synced_gitlab" time="0.014" /><testcase classname="tasks.tests.unit.test_sync_repo_languages.TestSyncRepoLanguages" name="test_languages_no_intersection_and_not_synced_bitbucket" time="0.014" /><testcase classname="tasks.tests.unit.test_sync_repo_languages.TestSyncRepoLanguages" name="test_languages_no_intersection_and_synced_below_threshold" time="0.012" /><testcase classname="tasks.tests.unit.test_sync_repo_languages.TestSyncRepoLanguages" name="test_languages_no_intersection_and_synced_beyond_threshold" time="0.013" /><testcase classname="tasks.tests.unit.test_sync_repo_languages.TestSyncRepoLanguages" name="test_languages_intersection_and_synced_below_threshold" time="0.017" /><testcase classname="tasks.tests.unit.test_sync_repo_languages.TestSyncRepoLanguages" name="test_languages_intersection_and_synced_beyond_threshold" time="0.015" /><testcase classname="tasks.tests.unit.test_sync_repo_languages.TestSyncRepoLanguages" name="test_languages_intersection_and_synced_with_manual_trigger" time="0.016" /><testcase classname="tasks.tests.unit.test_sync_repo_languages.TestSyncRepoLanguages" name="test_languages_torngit_error" time="0.014" /><testcase classname="tasks.tests.unit.test_sync_repo_languages.TestSyncRepoLanguages" name="test_languages_no_repository" time="0.007" /><testcase classname="tasks.tests.unit.test_sync_repo_languages_gql.TestSyncRepoLanguagesGQL" name="test_get_repo_languages_without_org_or_current_owner" time="0.007" /><testcase classname="tasks.tests.unit.test_sync_repo_languages_gql.TestSyncRepoLanguagesGQL" name="test_get_repo_languages_with_torngit_rate_limit_error" time="0.015" /><testcase classname="tasks.tests.unit.test_sync_repo_languages_gql.TestSyncRepoLanguagesGQL" name="test_get_repo_languages_with_torngit_error" time="0.015" /><testcase classname="tasks.tests.unit.test_sync_repo_languages_gql.TestSyncRepoLanguagesGQL" name="test_get_repo_languages_expected_response" time="0.020" /><testcase classname="tasks.tests.unit.test_sync_repos_task.TestSyncReposTaskUnit" name="test_unknown_owner" time="0.007" /><testcase classname="tasks.tests.unit.test_sync_repos_task.TestSyncReposTaskUnit" name="test_upsert_owner_add_new" time="0.026" /><testcase classname="tasks.tests.unit.test_sync_repos_task.TestSyncReposTaskUnit" name="test_upsert_owner_update_existing" time="0.010" /><testcase classname="tasks.tests.unit.test_sync_repos_task.TestSyncReposTaskUnit" name="test_upsert_repo_update_existing[False]" time="0.012" /><testcase classname="tasks.tests.unit.test_sync_repos_task.TestSyncReposTaskUnit" name="test_upsert_repo_update_existing[True]" time="0.010" /><testcase classname="tasks.tests.unit.test_sync_repos_task.TestSyncReposTaskUnit" name="test_upsert_repo_exists_but_wrong_owner[False]" time="0.013" /><testcase classname="tasks.tests.unit.test_sync_repos_task.TestSyncReposTaskUnit" name="test_upsert_repo_exists_but_wrong_owner[True]" time="0.013" /><testcase classname="tasks.tests.unit.test_sync_repos_task.TestSyncReposTaskUnit" name="test_upsert_repo_exists_both_wrong_owner_and_service_id[False]" time="0.016" /><testcase classname="tasks.tests.unit.test_sync_repos_task.TestSyncReposTaskUnit" name="test_upsert_repo_exists_both_wrong_owner_and_service_id[True]" time="0.016" /><testcase classname="tasks.tests.unit.test_sync_repos_task.TestSyncReposTaskUnit" name="test_upsert_repo_exists_but_wrong_service_id[False]" time="0.014" /><testcase classname="tasks.tests.unit.test_sync_repos_task.TestSyncReposTaskUnit" name="test_upsert_repo_exists_but_wrong_service_id[True]" time="0.013" /><testcase classname="tasks.tests.unit.test_sync_repos_task.TestSyncReposTaskUnit" name="test_upsert_repo_create_new[False]" time="0.012" /><testcase classname="tasks.tests.unit.test_sync_repos_task.TestSyncReposTaskUnit" name="test_upsert_repo_create_new[True]" time="0.011" /><testcase classname="tasks.tests.unit.test_sync_repos_task.TestSyncReposTaskUnit" name="test_only_public_repos_already_in_db" time="0.091" /><testcase classname="tasks.tests.unit.test_sync_repos_task.TestSyncReposTaskUnit" name="test_sync_repos_lock_error[False]" time="0.011" /><testcase classname="tasks.tests.unit.test_sync_repos_task.TestSyncReposTaskUnit" name="test_sync_repos_lock_error[True]" time="0.011" /><testcase classname="tasks.tests.unit.test_sync_repos_task.TestSyncReposTaskUnit" name="test_only_public_repos_not_in_db[False]" time="0.038" /><testcase classname="tasks.tests.unit.test_sync_repos_task.TestSyncReposTaskUnit" name="test_only_public_repos_not_in_db[True]" time="0.037" /><testcase classname="tasks.tests.unit.test_sync_repos_task.TestSyncReposTaskUnit" name="test_sync_repos_using_integration[False]" time="0.039" /><testcase classname="tasks.tests.unit.test_sync_repos_task.TestSyncReposTaskUnit" name="test_sync_repos_using_integration[True]" time="0.037" /><testcase classname="tasks.tests.unit.test_sync_repos_task.TestSyncReposTaskUnit" name="test_sync_repos_using_integration_no_repos[False]" time="0.033" /><testcase classname="tasks.tests.unit.test_sync_repos_task.TestSyncReposTaskUnit" name="test_sync_repos_using_integration_no_repos[True]" time="0.032" /><testcase classname="tasks.tests.unit.test_sync_repos_task.TestSyncReposTaskUnit" name="test_sync_repos_no_github_access[False]" time="0.027" /><testcase classname="tasks.tests.unit.test_sync_repos_task.TestSyncReposTaskUnit" name="test_sync_repos_no_github_access[True]" time="0.030" /><testcase classname="tasks.tests.unit.test_sync_repos_task.TestSyncReposTaskUnit" name="test_sync_repos_timeout[False]" time="0.026" /><testcase classname="tasks.tests.unit.test_sync_repos_task.TestSyncReposTaskUnit" name="test_insert_repo_and_call_repo_sync_languages[False]" time="0.035" /><testcase classname="tasks.tests.unit.test_sync_repos_task.TestSyncReposTaskUnit" name="test_insert_repo_and_call_repo_sync_languages[True]" time="0.037" /><testcase classname="tasks.tests.unit.test_sync_repos_task.TestSyncReposTaskUnit" name="test_insert_repo_and_call_repo_sync_languages_using_integration[False]" time="0.035" /><testcase classname="tasks.tests.unit.test_sync_repos_task.TestSyncReposTaskUnit" name="test_insert_repo_and_not_call_repo_sync_languages_using_integration[False]" time="0.031" /><testcase classname="tasks.tests.unit.test_sync_repos_task.TestSyncReposTaskUnit" name="test_sync_repos_using_integration_affected_repos_known" time="0.026" /><testcase classname="tasks.tests.unit.test_sync_repos_task.TestSyncReposTaskUnit" name="test_sync_repos_with_feature_flag_django_call" time="0.028" /><testcase classname="tasks.tests.unit.test_sync_teams_task.TestSyncTeamsTaskUnit" name="test_unknown_owner" time="0.007" /><testcase classname="tasks.tests.unit.test_sync_teams_task.TestSyncTeamsTaskUnit" name="test_no_teams" time="0.021" /><testcase classname="tasks.tests.unit.test_sync_teams_task.TestSyncTeamsTaskUnit" name="test_team_removed" time="0.022" /><testcase classname="tasks.tests.unit.test_sync_teams_task.TestSyncTeamsTaskUnit" name="test_team_data_updated" time="0.044" /><testcase classname="tasks.tests.unit.test_sync_teams_task.TestSyncTeamsTaskUnit" name="test_gitlab_subgroups" time="0.050" /><testcase classname="tasks.tests.unit.test_test_results_finisher.TestUploadTestFinisherTask" name="test_upload_finisher_task_call" time="0.056" /><testcase classname="tasks.tests.unit.test_test_results_finisher.TestUploadTestFinisherTask" name="test_upload_finisher_task_call_no_failures" time="0.050" /><testcase classname="tasks.tests.unit.test_test_results_finisher.TestUploadTestFinisherTask" name="test_upload_finisher_task_call_no_success" time="0.044" /><testcase classname="tasks.tests.unit.test_test_results_finisher.TestUploadTestFinisherTask" name="test_upload_finisher_task_call_existing_comment" time="0.051" /><testcase classname="tasks.tests.unit.test_test_results_finisher.TestUploadTestFinisherTask" name="test_upload_finisher_task_call_comment_fails" time="0.050" /><testcase classname="tasks.tests.unit.test_test_results_processor_task.TestUploadTestProcessorTask" name="test_upload_processor_task_call" time="0.031" /><testcase classname="tasks.tests.unit.test_test_results_processor_task.TestUploadTestProcessorTask" name="test_upload_processor_task_call_pytest_reportlog" time="0.025" /><testcase classname="tasks.tests.unit.test_test_results_processor_task.TestUploadTestProcessorTask" name="test_upload_processor_task_call_vitest" time="0.027" /><testcase classname="tasks.tests.unit.test_test_results_processor_task.TestUploadTestProcessorTask" name="test_test_result_processor_task_error_report_matching" time="0.026" /><testcase classname="tasks.tests.unit.test_test_results_processor_task.TestUploadTestProcessorTask" name="test_test_result_processor_task_error_parsing_file" time="0.025" /><testcase classname="tasks.tests.unit.test_test_results_processor_task.TestUploadTestProcessorTask" name="test_test_result_processor_task_delete_archive" time="0.028" /><testcase classname="tasks.tests.unit.test_test_results_processor_task.TestUploadTestProcessorTask" name="test_test_result_processor_task_bad_file" time="0.021" /><testcase classname="tasks.tests.unit.test_test_results_processor_task.TestUploadTestProcessorTask" name="test_upload_processor_task_call_existing_test" time="0.025" /><testcase classname="tasks.tests.unit.test_test_results_processor_task.TestUploadTestProcessorTask" name="test_upload_processor_task_call_existing_test_diff_flags_hash" time="0.026" /><testcase classname="tasks.tests.unit.test_timeseries_backfill_commits" name="test_backfill_commits_run_impl" time="0.015" /><testcase classname="tasks.tests.unit.test_timeseries_backfill_commits" name="test_backfill_commits_run_impl_timeseries_not_enabled" time="0.006" /><testcase classname="tasks.tests.unit.test_timeseries_backfill_dataset" name="test_backfill_dataset_run_impl" time="0.019" /><testcase classname="tasks.tests.unit.test_timeseries_backfill_dataset" name="test_backfill_dataset_run_impl_invalid_dataset" time="0.009" /><testcase classname="tasks.tests.unit.test_timeseries_backfill_dataset" name="test_backfill_dataset_run_impl_invalid_repository" time="0.010" /><testcase classname="tasks.tests.unit.test_timeseries_backfill_dataset" name="test_backfill_dataset_run_impl_invalid_start_date" time="0.011" /><testcase classname="tasks.tests.unit.test_timeseries_backfill_dataset" name="test_backfill_dataset_run_impl_invalid_end_date" time="0.012" /><testcase classname="tasks.tests.unit.test_timeseries_backfill_dataset" name="test_backfill_dataset_run_impl_timeseries_not_enabled" time="0.006" /><testcase classname="tasks.tests.unit.test_timeseries_delete" name="test_timeseries_delete_run_impl" time="0.011" /><testcase classname="tasks.tests.unit.test_timeseries_delete" name="test_timeseries_delete_run_impl_invalid_repository" time="0.007" /><testcase classname="tasks.tests.unit.test_timeseries_delete" name="test_timeseries_delete_run_impl_timeseries_not_enabled" time="0.008" /><testcase classname="tasks.tests.unit.test_timeseries_delete" name="test_timeseries_delete_measurements_only" time="0.010" /><testcase classname="tasks.tests.unit.test_timeseries_delete" name="test_timeseries_delete_measurements_only_unsuccessful" time="0.010" /><testcase classname="tasks.tests.unit.test_trial_expiration.TestTrialExpiration" name="test_trial_expiration_task_with_pretrial_users_count" time="0.007" /><testcase classname="tasks.tests.unit.test_trial_expiration.TestTrialExpiration" name="test_trial_expiration_task_without_pretrial_users_count" time="0.007" /><testcase classname="tasks.tests.unit.test_trial_expiration.TestTrialExpiration" name="test_trial_expiration_task_with_trial_fired_by" time="0.007" /><testcase classname="tasks.tests.unit.test_trial_expiration_cron.TestTrialExpirationCheck" name="test_enqueue_trial_expiration_task" time="0.015" /><testcase classname="tasks.tests.unit.test_trial_expiration_cron.TestTrialExpirationCheck" name="test_get_min_seconds_interval_between_executions" time="0.004" /><testcase classname="tasks.tests.unit.test_upload_finisher_task.TestUploadFinisherTask" name="test_upload_finisher_task_call" time="0.028" /><testcase classname="tasks.tests.unit.test_upload_finisher_task.TestUploadFinisherTask" name="test_upload_finisher_task_call_no_author" time="0.022" /><testcase classname="tasks.tests.unit.test_upload_finisher_task.TestUploadFinisherTask" name="test_upload_finisher_task_call_different_branch" time="0.022" /><testcase classname="tasks.tests.unit.test_upload_finisher_task.TestUploadFinisherTask" name="test_should_call_notifications" time="0.008" /><testcase classname="tasks.tests.unit.test_upload_finisher_task.TestUploadFinisherTask" name="test_should_call_notifications_local_upload" time="0.008" /><testcase classname="tasks.tests.unit.test_upload_finisher_task.TestUploadFinisherTask" name="test_should_call_notifications_manual_trigger" time="0.008" /><testcase classname="tasks.tests.unit.test_upload_finisher_task.TestUploadFinisherTask" name="test_should_call_notifications_manual_trigger_off" time="0.008" /><testcase classname="tasks.tests.unit.test_upload_finisher_task.TestUploadFinisherTask" name="test_should_call_notifications_no_successful_reports" time="0.008" /><testcase classname="tasks.tests.unit.test_upload_finisher_task.TestUploadFinisherTask" name="test_should_call_notifications_not_enough_builds" time="0.007" /><testcase classname="tasks.tests.unit.test_upload_finisher_task.TestUploadFinisherTask" name="test_should_call_notifications_more_than_enough_builds" time="0.007" /><testcase classname="tasks.tests.unit.test_upload_finisher_task.TestUploadFinisherTask" name="test_finish_reports_processing" time="0.013" /><testcase classname="tasks.tests.unit.test_upload_finisher_task.TestUploadFinisherTask" name="test_finish_reports_processing_with_pull" time="0.024" /><testcase classname="tasks.tests.unit.test_upload_finisher_task.TestUploadFinisherTask" name="test_finish_reports_processing_call_clean_labels" time="0.013" /><testcase classname="tasks.tests.unit.test_upload_finisher_task.TestUploadFinisherTask" name="test_finish_reports_processing_no_notification" time="0.011" /><testcase classname="tasks.tests.unit.test_upload_finisher_task.TestUploadFinisherTask" name="test_upload_finisher_task_calls_save_commit_measurements_task" time="0.018" /><testcase classname="tasks.tests.unit.test_upload_processing_task.TestUploadProcessorTask" name="test_upload_processor_task_call" time="0.055" /><testcase classname="tasks.tests.unit.test_upload_processing_task.TestUploadProcessorTask" name="test_upload_processor_task_call_should_delete" time="0.060" /><testcase classname="tasks.tests.unit.test_upload_processing_task.TestUploadProcessorTask" name="test_upload_processor_call_with_upload_obj" time="13.352"><failure message="httpx.RemoteProtocolError: Server disconnected without sending a response.">@contextlib.contextmanager
    def map_httpcore_exceptions() -&gt; typing.Iterator[None]:
        try:
&gt;           yield

/usr/local/lib/python3.10/site-packages/httpx/_transports/default.py:60: 
_ _ _ _ _ _ _ _ _ _ _ _ _ _ _ _ _ _ _ _ _ _ _ _ _ _ _ _ _ _ _ _ _ _ _ _ _ _ _ _ _ _ _ _ _ _ _ _ _ _ _ _ _ _ _ _ _ _ _ _ _ _ _ _ _ _ _ _ _ _ _ _ _ _ _ _ _ _ _ _ _

self = &lt;httpx.AsyncHTTPTransport object at 0xffff83a543d0&gt;
request = &lt;Request('GET', 'https://api.github.com/repos/ThiagoCodecov/example-python/commits/abf6d4df662c47e32460020ab14abf9303581429')&gt;

    async def handle_async_request(
        self,
        request: Request,
    ) -&gt; Response:
        assert isinstance(request.stream, AsyncByteStream)
    
        req = httpcore.Request(
            method=request.method,
            url=httpcore.URL(
                scheme=request.url.raw_scheme,
                host=request.url.raw_host,
                port=request.url.port,
                target=request.url.raw_path,
            ),
            headers=request.headers.raw,
            content=request.stream,
            extensions=request.extensions,
        )
        with map_httpcore_exceptions():
&gt;           resp = await self._pool.handle_async_request(req)

/usr/local/lib/python3.10/site-packages/httpx/_transports/default.py:353: 
_ _ _ _ _ _ _ _ _ _ _ _ _ _ _ _ _ _ _ _ _ _ _ _ _ _ _ _ _ _ _ _ _ _ _ _ _ _ _ _ _ _ _ _ _ _ _ _ _ _ _ _ _ _ _ _ _ _ _ _ _ _ _ _ _ _ _ _ _ _ _ _ _ _ _ _ _ _ _ _ _

self = &lt;httpcore.AsyncConnectionPool object at 0xffff83a54550&gt;, request = &lt;Request [b'GET']&gt;

    async def handle_async_request(self, request: Request) -&gt; Response:
        """
        Send an HTTP request, and return an HTTP response.
    
        This is the core implementation that is called into by `.request()` or `.stream()`.
        """
        scheme = request.url.scheme.decode()
        if scheme == "":
            raise UnsupportedProtocol(
                "Request URL is missing an 'http://' or 'https://' protocol."
            )
        if scheme not in ("http", "https", "ws", "wss"):
            raise UnsupportedProtocol(
                f"Request URL has an unsupported protocol '{scheme}://'."
            )
    
        status = RequestStatus(request)
    
        async with self._pool_lock:
            self._requests.append(status)
            await self._close_expired_connections()
            await self._attempt_to_acquire_connection(status)
    
        while True:
            timeouts = request.extensions.get("timeout", {})
            timeout = timeouts.get("pool", None)
            try:
                connection = await status.wait_for_connection(timeout=timeout)
            except BaseException as exc:
                # If we timeout here, or if the task is cancelled, then make
                # sure to remove the request from the queue before bubbling
                # up the exception.
                async with self._pool_lock:
                    self._requests.remove(status)
                    raise exc
    
            try:
                response = await connection.handle_async_request(request)
            except ConnectionNotAvailable:
                # The ConnectionNotAvailable exception is a special case, that
                # indicates we need to retry the request on a new connection.
                #
                # The most common case where this can occur is when multiple
                # requests are queued waiting for a single connection, which
                # might end up as an HTTP/2 connection, but which actually ends
                # up as HTTP/1.1.
                async with self._pool_lock:
                    # Maintain our position in the request queue, but reset the
                    # status so that the request becomes queued again.
                    status.unset_connection()
                    await self._attempt_to_acquire_connection(status)
            except BaseException as exc:
                await self.response_closed(status)
&gt;               raise exc

/usr/local/lib/python3.10/site-packages/httpcore/_async/connection_pool.py:253: 
_ _ _ _ _ _ _ _ _ _ _ _ _ _ _ _ _ _ _ _ _ _ _ _ _ _ _ _ _ _ _ _ _ _ _ _ _ _ _ _ _ _ _ _ _ _ _ _ _ _ _ _ _ _ _ _ _ _ _ _ _ _ _ _ _ _ _ _ _ _ _ _ _ _ _ _ _ _ _ _ _

self = &lt;httpcore.AsyncConnectionPool object at 0xffff83a54550&gt;, request = &lt;Request [b'GET']&gt;

    async def handle_async_request(self, request: Request) -&gt; Response:
        """
        Send an HTTP request, and return an HTTP response.
    
        This is the core implementation that is called into by `.request()` or `.stream()`.
        """
        scheme = request.url.scheme.decode()
        if scheme == "":
            raise UnsupportedProtocol(
                "Request URL is missing an 'http://' or 'https://' protocol."
            )
        if scheme not in ("http", "https", "ws", "wss"):
            raise UnsupportedProtocol(
                f"Request URL has an unsupported protocol '{scheme}://'."
            )
    
        status = RequestStatus(request)
    
        async with self._pool_lock:
            self._requests.append(status)
            await self._close_expired_connections()
            await self._attempt_to_acquire_connection(status)
    
        while True:
            timeouts = request.extensions.get("timeout", {})
            timeout = timeouts.get("pool", None)
            try:
                connection = await status.wait_for_connection(timeout=timeout)
            except BaseException as exc:
                # If we timeout here, or if the task is cancelled, then make
                # sure to remove the request from the queue before bubbling
                # up the exception.
                async with self._pool_lock:
                    self._requests.remove(status)
                    raise exc
    
            try:
&gt;               response = await connection.handle_async_request(request)

/usr/local/lib/python3.10/site-packages/httpcore/_async/connection_pool.py:237: 
_ _ _ _ _ _ _ _ _ _ _ _ _ _ _ _ _ _ _ _ _ _ _ _ _ _ _ _ _ _ _ _ _ _ _ _ _ _ _ _ _ _ _ _ _ _ _ _ _ _ _ _ _ _ _ _ _ _ _ _ _ _ _ _ _ _ _ _ _ _ _ _ _ _ _ _ _ _ _ _ _

self = &lt;AsyncHTTPConnection ['https://api.github.com:443', HTTP/1.1, CLOSED, Request Count: 1]&gt;, request = &lt;Request [b'GET']&gt;

    async def handle_async_request(self, request: Request) -&gt; Response:
        if not self.can_handle_request(request.url.origin):
            raise RuntimeError(
                f"Attempted to send request to {request.url.origin} on connection to {self._origin}"
            )
    
        async with self._request_lock:
            if self._connection is None:
                try:
                    stream = await self._connect(request)
    
                    ssl_object = stream.get_extra_info("ssl_object")
                    http2_negotiated = (
                        ssl_object is not None
                        and ssl_object.selected_alpn_protocol() == "h2"
                    )
                    if http2_negotiated or (self._http2 and not self._http1):
                        from .http2 import AsyncHTTP2Connection
    
                        self._connection = AsyncHTTP2Connection(
                            origin=self._origin,
                            stream=stream,
                            keepalive_expiry=self._keepalive_expiry,
                        )
                    else:
                        self._connection = AsyncHTTP11Connection(
                            origin=self._origin,
                            stream=stream,
                            keepalive_expiry=self._keepalive_expiry,
                        )
                except Exception as exc:
                    self._connect_failed = True
                    raise exc
            elif not self._connection.is_available():
                raise ConnectionNotAvailable()
    
&gt;       return await self._connection.handle_async_request(request)

/usr/local/lib/python3.10/site-packages/httpcore/_async/connection.py:90: 
_ _ _ _ _ _ _ _ _ _ _ _ _ _ _ _ _ _ _ _ _ _ _ _ _ _ _ _ _ _ _ _ _ _ _ _ _ _ _ _ _ _ _ _ _ _ _ _ _ _ _ _ _ _ _ _ _ _ _ _ _ _ _ _ _ _ _ _ _ _ _ _ _ _ _ _ _ _ _ _ _

self = &lt;AsyncHTTP11Connection ['https://api.github.com:443', CLOSED, Request Count: 1]&gt;, request = &lt;Request [b'GET']&gt;

    async def handle_async_request(self, request: Request) -&gt; Response:
        if not self.can_handle_request(request.url.origin):
            raise RuntimeError(
                f"Attempted to send request to {request.url.origin} on connection "
                f"to {self._origin}"
            )
    
        async with self._state_lock:
            if self._state in (HTTPConnectionState.NEW, HTTPConnectionState.IDLE):
                self._request_count += 1
                self._state = HTTPConnectionState.ACTIVE
                self._expire_at = None
            else:
                raise ConnectionNotAvailable()
    
        try:
            kwargs = {"request": request}
            async with Trace("http11.send_request_headers", request, kwargs) as trace:
                await self._send_request_headers(**kwargs)
            async with Trace("http11.send_request_body", request, kwargs) as trace:
                await self._send_request_body(**kwargs)
            async with Trace(
                "http11.receive_response_headers", request, kwargs
            ) as trace:
                (
                    http_version,
                    status,
                    reason_phrase,
                    headers,
                ) = await self._receive_response_headers(**kwargs)
                trace.return_value = (
                    http_version,
                    status,
                    reason_phrase,
                    headers,
                )
    
            return Response(
                status=status,
                headers=headers,
                content=HTTP11ConnectionByteStream(self, request),
                extensions={
                    "http_version": http_version,
                    "reason_phrase": reason_phrase,
                    "network_stream": self._network_stream,
                },
            )
        except BaseException as exc:
            async with Trace("http11.response_closed", request) as trace:
                await self._response_closed()
&gt;           raise exc

/usr/local/lib/python3.10/site-packages/httpcore/_async/http11.py:112: 
_ _ _ _ _ _ _ _ _ _ _ _ _ _ _ _ _ _ _ _ _ _ _ _ _ _ _ _ _ _ _ _ _ _ _ _ _ _ _ _ _ _ _ _ _ _ _ _ _ _ _ _ _ _ _ _ _ _ _ _ _ _ _ _ _ _ _ _ _ _ _ _ _ _ _ _ _ _ _ _ _

self = &lt;AsyncHTTP11Connection ['https://api.github.com:443', CLOSED, Request Count: 1]&gt;, request = &lt;Request [b'GET']&gt;

    async def handle_async_request(self, request: Request) -&gt; Response:
        if not self.can_handle_request(request.url.origin):
            raise RuntimeError(
                f"Attempted to send request to {request.url.origin} on connection "
                f"to {self._origin}"
            )
    
        async with self._state_lock:
            if self._state in (HTTPConnectionState.NEW, HTTPConnectionState.IDLE):
                self._request_count += 1
                self._state = HTTPConnectionState.ACTIVE
                self._expire_at = None
            else:
                raise ConnectionNotAvailable()
    
        try:
            kwargs = {"request": request}
            async with Trace("http11.send_request_headers", request, kwargs) as trace:
                await self._send_request_headers(**kwargs)
            async with Trace("http11.send_request_body", request, kwargs) as trace:
                await self._send_request_body(**kwargs)
            async with Trace(
                "http11.receive_response_headers", request, kwargs
            ) as trace:
                (
                    http_version,
                    status,
                    reason_phrase,
                    headers,
&gt;               ) = await self._receive_response_headers(**kwargs)

/usr/local/lib/python3.10/site-packages/httpcore/_async/http11.py:91: 
_ _ _ _ _ _ _ _ _ _ _ _ _ _ _ _ _ _ _ _ _ _ _ _ _ _ _ _ _ _ _ _ _ _ _ _ _ _ _ _ _ _ _ _ _ _ _ _ _ _ _ _ _ _ _ _ _ _ _ _ _ _ _ _ _ _ _ _ _ _ _ _ _ _ _ _ _ _ _ _ _

self = &lt;AsyncHTTP11Connection ['https://api.github.com:443', CLOSED, Request Count: 1]&gt;, request = &lt;Request [b'GET']&gt;

    async def _receive_response_headers(
        self, request: Request
    ) -&gt; Tuple[bytes, int, bytes, List[Tuple[bytes, bytes]]]:
        timeouts = request.extensions.get("timeout", {})
        timeout = timeouts.get("read", None)
    
        while True:
&gt;           event = await self._receive_event(timeout=timeout)

/usr/local/lib/python3.10/site-packages/httpcore/_async/http11.py:155: 
_ _ _ _ _ _ _ _ _ _ _ _ _ _ _ _ _ _ _ _ _ _ _ _ _ _ _ _ _ _ _ _ _ _ _ _ _ _ _ _ _ _ _ _ _ _ _ _ _ _ _ _ _ _ _ _ _ _ _ _ _ _ _ _ _ _ _ _ _ _ _ _ _ _ _ _ _ _ _ _ _

self = &lt;AsyncHTTP11Connection ['https://api.github.com:443', CLOSED, Request Count: 1]&gt;, timeout = 60

    async def _receive_event(
        self, timeout: Optional[float] = None
    ) -&gt; Union[h11.Event, Type[h11.PAUSED]]:
        while True:
            with map_exceptions({h11.RemoteProtocolError: RemoteProtocolError}):
                event = self._h11_state.next_event()
    
            if event is h11.NEED_DATA:
                data = await self._network_stream.read(
                    self.READ_NUM_BYTES, timeout=timeout
                )
    
                # If we feed this case through h11 we'll raise an exception like:
                #
                #     httpcore.RemoteProtocolError: can't handle event type
                #     ConnectionClosed when role=SERVER and state=SEND_RESPONSE
                #
                # Which is accurate, but not very informative from an end-user
                # perspective. Instead we handle this case distinctly and treat
                # it as a ConnectError.
                if data == b"" and self._h11_state.their_state == h11.SEND_RESPONSE:
                    msg = "Server disconnected without sending a response."
&gt;                   raise RemoteProtocolError(msg)
E                   httpcore.RemoteProtocolError: Server disconnected without sending a response.

/usr/local/lib/python3.10/site-packages/httpcore/_async/http11.py:205: RemoteProtocolError

The above exception was the direct cause of the following exception:

self = &lt;tasks.tests.unit.test_upload_processing_task.TestUploadProcessorTask object at 0xffff8e096ad0&gt;
mocker = &lt;pytest_mock.plugin.MockFixture object at 0xffff840b04f0&gt;, mock_configuration = &lt;shared.config.ConfigHelper object at 0xffff83c886a0&gt;
dbsession = &lt;sqlalchemy.orm.session.Session object at 0xffff83c880a0&gt;, mock_storage = &lt;shared.storage.memory.MemoryStorageService object at 0xffff83c8b490&gt;
mock_redis = &lt;MagicMock name='_get_redis_instance_from_url()' id='281472893203408'&gt;

    @pytest.mark.django_db(databases={"default"})
    def test_upload_processor_call_with_upload_obj(
        self, mocker, mock_configuration, dbsession, mock_storage, mock_redis
    ):
        mocker.patch.object(
            USE_LABEL_INDEX_IN_REPORT_PROCESSING_BY_REPO_ID,
            "check_value",
            return_value=False,
        )
    
        mocked_1 = mocker.patch.object(ArchiveService, "read_chunks")
        mocked_1.return_value = None
        commit = CommitFactory.create(
            message="dsidsahdsahdsa",
            commitid="abf6d4df662c47e32460020ab14abf9303581429",
            author__service="github",
            repository__owner__unencrypted_oauth_token="testulk3d54rlhxkjyzomq2wh8b7np47xabcrkx8",
            repository__owner__service="github",
            repository__owner__username="ThiagoCodecov",
            repository__name="example-python",
        )
        dbsession.add(commit)
        dbsession.flush()
        current_report_row = CommitReport(commit_id=commit.id_)
        dbsession.add(current_report_row)
        dbsession.flush()
        report_details = ReportDetails(
            report_id=current_report_row.id_, _files_array=[]
        )
        dbsession.add(report_details)
        dbsession.flush()
        url = "v4/raw/2019-05-22/C3C4715CA57C910D11D5EB899FC86A7E/4c4e4654ac25037ae869caeb3619d485970b6304/a84d445c-9c1e-434f-8275-f18f1f320f81.txt"
        upload = UploadFactory.create(
            report=current_report_row, state="started", storage_path=url
        )
        dbsession.add(upload)
        dbsession.flush()
        with open(here.parent.parent / "samples" / "sample_uploaded_report_1.txt") as f:
            content = f.read()
            mock_storage.write_file("archive", url, content)
        redis_queue = [{"url": url, "upload_pk": upload.id_}]
        mocked_3 = mocker.patch.object(UploadProcessorTask, "app")
        mocked_3.send_task.return_value = True
&gt;       result = UploadProcessorTask().process_impl_within_lock(
            db_session=dbsession,
            redis_connection=mock_redis,
            previous_results={},
            repoid=commit.repoid,
            commitid=commit.commitid,
            commit_yaml={"codecov": {"max_report_age": False}},
            arguments_list=redis_queue,
            report_code=None,
        )

tasks/tests/unit/test_upload_processing_task.py:348: 
_ _ _ _ _ _ _ _ _ _ _ _ _ _ _ _ _ _ _ _ _ _ _ _ _ _ _ _ _ _ _ _ _ _ _ _ _ _ _ _ _ _ _ _ _ _ _ _ _ _ _ _ _ _ _ _ _ _ _ _ _ _ _ _ _ _ _ _ _ _ _ _ _ _ _ _ _ _ _ _ _
tasks/upload_processor.py:342: in process_impl_within_lock
    results_dict = self.save_report_results(
tasks/upload_processor.py:563: in save_report_results
    async_to_sync(repository_service.get_commit_diff)(commitid)
/usr/local/lib/python3.10/site-packages/asgiref/sync.py:277: in __call__
    return call_result.result()
/usr/local/lib/python3.10/concurrent/futures/_base.py:451: in result
    return self.__get_result()
/usr/local/lib/python3.10/concurrent/futures/_base.py:403: in __get_result
    raise self._exception
/usr/local/lib/python3.10/site-packages/asgiref/sync.py:353: in main_wrap
    result = await self.awaitable(*args, **kwargs)
/shared/shared/torngit/github.py:1205: in get_commit_diff
    res = await self.api(
/shared/shared/torngit/github.py:198: in api
    response = await self.make_http_call(*args, token_to_use=token_to_use, **kwargs)
/shared/shared/torngit/github.py:289: in make_http_call
    res = await client.request(method, url, **kwargs)
/usr/local/lib/python3.10/site-packages/httpx/_client.py:1533: in request
    return await self.send(request, auth=auth, follow_redirects=follow_redirects)
/usr/local/lib/python3.10/site-packages/httpx/_client.py:1620: in send
    response = await self._send_handling_auth(
/usr/local/lib/python3.10/site-packages/httpx/_client.py:1648: in _send_handling_auth
    response = await self._send_handling_redirects(
/usr/local/lib/python3.10/site-packages/httpx/_client.py:1685: in _send_handling_redirects
    response = await self._send_single_request(request)
/usr/local/lib/python3.10/site-packages/httpx/_client.py:1722: in _send_single_request
    response = await transport.handle_async_request(request)
/usr/local/lib/python3.10/site-packages/httpx/_transports/default.py:352: in handle_async_request
    with map_httpcore_exceptions():
/usr/local/lib/python3.10/contextlib.py:153: in __exit__
    self.gen.throw(typ, value, traceback)
_ _ _ _ _ _ _ _ _ _ _ _ _ _ _ _ _ _ _ _ _ _ _ _ _ _ _ _ _ _ _ _ _ _ _ _ _ _ _ _ _ _ _ _ _ _ _ _ _ _ _ _ _ _ _ _ _ _ _ _ _ _ _ _ _ _ _ _ _ _ _ _ _ _ _ _ _ _ _ _ _

    @contextlib.contextmanager
    def map_httpcore_exceptions() -&gt; typing.Iterator[None]:
        try:
            yield
        except Exception as exc:  # noqa: PIE-786
            mapped_exc = None
    
            for from_exc, to_exc in HTTPCORE_EXC_MAP.items():
                if not isinstance(exc, from_exc):
                    continue
                # We want to map to the most specific exception we can find.
                # Eg if `exc` is an `httpcore.ReadTimeout`, we want to map to
                # `httpx.ReadTimeout`, not just `httpx.TimeoutException`.
                if mapped_exc is None or issubclass(to_exc, mapped_exc):
                    mapped_exc = to_exc
    
            if mapped_exc is None:  # pragma: nocover
                raise
    
            message = str(exc)
&gt;           raise mapped_exc(message) from exc
E           httpx.RemoteProtocolError: Server disconnected without sending a response.

/usr/local/lib/python3.10/site-packages/httpx/_transports/default.py:77: RemoteProtocolError</failure></testcase><testcase classname="tasks.tests.unit.test_upload_processing_task.TestUploadProcessorTask" name="test_upload_task_call_existing_chunks" time="0.171" /><testcase classname="tasks.tests.unit.test_upload_processing_task.TestUploadProcessorTask" name="test_upload_task_call_exception_within_individual_upload" time="0.031" /><testcase classname="tasks.tests.unit.test_upload_processing_task.TestUploadProcessorTask" name="test_upload_task_call_with_redis_lock_unobtainable" time="0.018" /><testcase classname="tasks.tests.unit.test_upload_processing_task.TestUploadProcessorTask" name="test_upload_task_call_with_expired_report" time="0.043" /><testcase classname="tasks.tests.unit.test_upload_processing_task.TestUploadProcessorTask" name="test_upload_task_process_individual_report_with_notfound_report" time="0.020" /><testcase classname="tasks.tests.unit.test_upload_processing_task.TestUploadProcessorTask" name="test_upload_task_process_individual_report_with_notfound_report_no_retries_yet" time="0.018" /><testcase classname="tasks.tests.unit.test_upload_processing_task.TestUploadProcessorTask" name="test_upload_task_call_with_empty_report" time="0.044" /><testcase classname="tasks.tests.unit.test_upload_processing_task.TestUploadProcessorTask" name="test_upload_task_call_no_successful_report" time="0.048" /><testcase classname="tasks.tests.unit.test_upload_processing_task.TestUploadProcessorTask" name="test_upload_task_call_softtimelimit" time="0.031" /><testcase classname="tasks.tests.unit.test_upload_processing_task.TestUploadProcessorTask" name="test_upload_task_call_celeryerror" time="0.032" /><testcase classname="tasks.tests.unit.test_upload_processing_task.TestUploadProcessorTask" name="test_save_report_results_apply_diff_not_there" time="0.019" /><testcase classname="tasks.tests.unit.test_upload_processing_task.TestUploadProcessorTask" name="test_save_report_results_apply_diff_no_bot" time="0.021" /><testcase classname="tasks.tests.unit.test_upload_processing_task.TestUploadProcessorTask" name="test_save_report_results_apply_diff_valid" time="0.019" /><testcase classname="tasks.tests.unit.test_upload_processing_task.TestUploadProcessorTask" name="test_save_report_results_empty_report" time="0.020" /><testcase classname="tasks.tests.unit.test_upload_processing_task.TestUploadProcessorTask" name="test_save_report_results_pr_values[1-10]" time="0.018" /><testcase classname="tasks.tests.unit.test_upload_processing_task.TestUploadProcessorTask" name="test_save_report_results_pr_values[1-11]" time="0.018" /><testcase classname="tasks.tests.unit.test_upload_processing_task.TestUploadProcessorTask" name="test_save_report_results_pr_values[true-None]" time="0.017" /><testcase classname="tasks.tests.unit.test_upload_processing_task.TestUploadProcessorTask" name="test_save_report_results_pr_values[pr_value3-None]" time="0.017" /><testcase classname="tasks.tests.unit.test_upload_task.TestUploadTaskIntegration" name="test_upload_task_call" time="0.358" /><testcase classname="tasks.tests.unit.test_upload_task.TestUploadTaskIntegration" name="test_upload_task_call_bundle_analysis" time="0.338" /><testcase classname="tasks.tests.unit.test_upload_task.TestUploadTaskIntegration" name="test_upload_task_call_test_results" time="0.332" /><testcase classname="tasks.tests.unit.test_upload_task.TestUploadTaskIntegration" name="test_upload_task_call_no_jobs" time="0.020" /><testcase classname="tasks.tests.unit.test_upload_task.TestUploadTaskIntegration" name="test_upload_task_upload_processing_delay_not_enough_delay" time="0.019" /><testcase classname="tasks.tests.unit.test_upload_task.TestUploadTaskIntegration" name="test_upload_task_upload_processing_delay_enough_delay" time="0.037" /><testcase classname="tasks.tests.unit.test_upload_task.TestUploadTaskIntegration" name="test_upload_task_upload_processing_delay_upload_is_none" time="0.033" /><testcase classname="tasks.tests.unit.test_upload_task.TestUploadTaskIntegration" name="test_upload_task_call_multiple_processors" time="0.334" /><testcase classname="tasks.tests.unit.test_upload_task.TestUploadTaskIntegration" name="test_upload_task_proper_parent" time="0.120" /><testcase classname="tasks.tests.unit.test_upload_task.TestUploadTaskIntegration" name="test_upload_task_no_bot" time="0.033" /><testcase classname="tasks.tests.unit.test_upload_task.TestUploadTaskIntegration" name="test_upload_task_bot_no_permissions" time="0.028" /><testcase classname="tasks.tests.unit.test_upload_task.TestUploadTaskIntegration" name="test_upload_task_bot_unauthorized" time="0.037" /><testcase classname="tasks.tests.unit.test_upload_task.TestUploadTaskIntegration" name="test_upload_task_upload_already_created" time="0.032" /><testcase classname="tasks.tests.unit.test_upload_task.TestUploadTaskUnit" name="test_normalize_upload_arguments_no_changes" time="0.011" /><testcase classname="tasks.tests.unit.test_upload_task.TestUploadTaskUnit" name="test_normalize_upload_arguments_token_removal" time="0.011" /><testcase classname="tasks.tests.unit.test_upload_task.TestUploadTaskUnit" name="test_normalize_upload_arguments" time="0.012" /><testcase classname="tasks.tests.unit.test_upload_task.TestUploadTaskUnit" name="test_schedule_task_with_no_tasks" time="0.011" /><testcase classname="tasks.tests.unit.test_upload_task.TestUploadTaskUnit" name="test_schedule_task_with_one_task" time="0.012" /><testcase classname="tasks.tests.unit.test_upload_task.TestUploadTaskUnit" name="test_run_impl_unobtainable_lock_no_pending_jobs" time="0.010" /><testcase classname="tasks.tests.unit.test_upload_task.TestUploadTaskUnit" name="test_run_impl_unobtainable_lock_too_many_retries" time="0.010" /><testcase classname="tasks.tests.unit.test_upload_task.TestUploadTaskUnit" name="test_run_impl_currently_processing" time="0.011" /><testcase classname="tasks.tests.unit.test_upload_task.TestUploadTaskUnit" name="test_run_impl_currently_processing_second_retry" time="0.014" /><testcase classname="tasks.tests.unit.test_upload_task.TestUploadTaskUnit" name="test_run_impl_unobtainable_lock_retry" time="0.010" /><testcase classname="tasks.tests.unit.test_upload_task.TestUploadTaskUnit" name="test_fetch_commit_yaml_and_possibly_store_only_commit_yaml" time="0.023" /><testcase classname="tasks.tests.unit.test_upload_task.TestUploadTaskUnit" name="test_fetch_commit_yaml_and_possibly_store_commit_yaml_and_base_yaml" time="0.024" /><testcase classname="tasks.tests.unit.test_upload_task.TestUploadTaskUnit" name="test_fetch_commit_yaml_and_possibly_store_commit_yaml_and_repo_yaml" time="0.023" /><testcase classname="tasks.tests.unit.test_upload_task.TestUploadTaskUnit" name="test_fetch_commit_yaml_and_possibly_store_commit_yaml_no_commit_yaml" time="0.010" /><testcase classname="tasks.tests.unit.test_upload_task.TestUploadTaskUnit" name="test_fetch_commit_yaml_and_possibly_store_commit_yaml_invalid_commit_yaml" time="0.029" /><testcase classname="tasks.tests.unit.test_upload_task.TestUploadTaskUnit" name="test_possibly_setup_webhooks_owner_has_ghapp" time="0.013" /><testcase classname="tasks.tests.unit.test_upload_task.TestUploadTaskUnit" name="test_possibly_setup_webhooks_gitlab" time="0.012" /><testcase classname="tasks.tests.unit.test_upload_task.TestUploadTaskUnit" name="test_upload_not_ready_to_build_report" time="0.027" /><testcase classname="tests.unit.test_task_router" name="test_get_owner_plan_from_id" time="0.008" /><testcase classname="tests.unit.test_task_router" name="test_get_user_plan_from_org_ownerid" time="0.008" /><testcase classname="tests.unit.test_task_router" name="test_get_owner_plan_from_repoid" time="0.010" /><testcase classname="tests.unit.test_task_router" name="test_get_user_plan_from_profiling_commit" time="0.011" /><testcase classname="tests.unit.test_task_router" name="test_get_user_plan_from_profiling_upload" time="0.012" /><testcase classname="tests.unit.test_task_router" name="test_get_user_plan_from_comparison_id" time="0.022" /><testcase classname="tests.unit.test_task_router" name="test_get_user_plan_from_label_request_id" time="0.022" /><testcase classname="tests.unit.test_task_router" name="test_get_user_plan_from_static_analysis_suite" time="0.015" /><testcase classname="tests.unit.test_task_router" name="test_get_user_plan_from_task" time="0.024" /><testcase classname="tests.unit.test_task_router" name="test_route_task" time="0.011" /><testcase classname="database.tests.unit.test_engine.TestDatabaseEngine" name="test_session_get_bind_timeseries_disabled" time="0.006" /><testcase classname="database.tests.unit.test_engine.TestDatabaseEngine" name="test_session_get_bind_timeseries_enabled" time="0.005" /><testcase classname="database.tests.unit.test_model_utils.TestArchiveField" name="test_subclass_validation" time="0.004" /><testcase classname="database.tests.unit.test_models.TestReportDetailsModel" name="test_rehydrate_already_hydrated" time="0.006" /><testcase classname="helpers.tests.pathmap.test_pathmap" name="test_clean_path" time="0.004" /><testcase classname="helpers.tests.pathmap.test_pathmap" name="test_extract_match" time="0.004" /><testcase classname="helpers.tests.pathmap.test_pathmap" name="test_resolve_path" time="0.004" /><testcase classname="helpers.tests.pathmap.test_pathmap" name="test_resolve_case" time="0.004" /><testcase classname="helpers.tests.pathmap.test_pathmap" name="test_resolve_paths" time="0.004" /><testcase classname="helpers.tests.pathmap.test_pathmap" name="test_resolve_path_when_to_short" time="0.004" /><testcase classname="helpers.tests.pathmap.test_pathmap" name="test_resolve_path_when_to_long" time="0.004" /><testcase classname="helpers.tests.pathmap.test_pathmap" name="test_check_ancestors" time="0.003" /><testcase classname="helpers.tests.pathmap.test_pathmap" name="test_resolve_paths_with_ancestors" time="0.004" /><testcase classname="helpers.tests.pathmap.test_pathmap" name="test_resolving" time="0.004" /><testcase classname="helpers.tests.pathmap.test_pathmap" name="test_with_plus" time="0.004" /><testcase classname="helpers.tests.pathmap.test_pathmap" name="test_case_sensitive_ancestors" time="0.003" /><testcase classname="helpers.tests.pathmap.test_pathmap" name="test_path_should_not_resolve" time="0.004" /><testcase classname="helpers.tests.pathmap.test_pathmap" name="test_path_should_not_resolve_case_insensative" time="0.004" /><testcase classname="helpers.tests.pathmap.test_pathmap" name="test_ancestors_original_missing" time="0.004" /><testcase classname="helpers.tests.pathmap.test_pathmap" name="test_ancestors_absolute_path" time="0.004" /><testcase classname="helpers.tests.pathmap.test_tree.TestTree" name="test_list_to_nested_dict" time="0.004" /><testcase classname="helpers.tests.pathmap.test_tree.TestTree" name="test_get_best_match" time="0.004" /><testcase classname="helpers.tests.pathmap.test_tree.TestTree" name="test_drill" time="0.004" /><testcase classname="helpers.tests.pathmap.test_tree.TestTree" name="test_drill_multiple_possible_paths" time="0.004" /><testcase classname="helpers.tests.pathmap.test_tree.TestTree" name="test_recursive_lookup" time="0.004" /><testcase classname="helpers.tests.pathmap.test_tree.TestTree" name="test_lookup" time="0.004" /><testcase classname="helpers.tests.pathmap.test_tree.TestTree" name="test_update" time="0.004" /><testcase classname="helpers.tests.pathmap.test_tree.TestTree" name="test_insert" time="0.004" /><testcase classname="helpers.tests.pathmap.test_tree.TestTree" name="test_construct_tree" time="0.004" /><testcase classname="helpers.tests.unit.test_checkpoint_logger.TestCheckpointLogger" name="test_create_from_kwargs" time="0.005" /><testcase classname="helpers.tests.unit.test_checkpoint_logger.TestCheckpointLogger" name="test_create_log_oneliner" time="0.003" /><testcase classname="helpers.tests.unit.test_checkpoint_logger.TestCheckpointLogger" name="test_get_milli_timestamp" time="0.004" /><testcase classname="helpers.tests.unit.test_checkpoint_logger.TestCheckpointLogger" name="test_log_checkpoint" time="0.004" /><testcase classname="helpers.tests.unit.test_checkpoint_logger.TestCheckpointLogger" name="test_log_checkpoint_twice_throws" time="0.004" /><testcase classname="helpers.tests.unit.test_checkpoint_logger.TestCheckpointLogger" name="test_log_checkpoint_wrong_enum_throws" time="0.004" /><testcase classname="helpers.tests.unit.test_checkpoint_logger.TestCheckpointLogger" name="test_log_ignore_repeat" time="0.004" /><testcase classname="helpers.tests.unit.test_checkpoint_logger.TestCheckpointLogger" name="test_log_multiple_checkpoints" time="0.004" /><testcase classname="helpers.tests.unit.test_checkpoint_logger.TestCheckpointLogger" name="test_log_to_kwargs" time="0.004" /><testcase classname="helpers.tests.unit.test_checkpoint_logger.TestCheckpointLogger" name="test_reliability_counters" time="0.519" /><testcase classname="helpers.tests.unit.test_checkpoint_logger.TestCheckpointLogger" name="test_serialize_between_tasks" time="0.004" /><testcase classname="helpers.tests.unit.test_checkpoint_logger.TestCheckpointLogger" name="test_sort_order" time="0.004" /><testcase classname="helpers.tests.unit.test_checkpoint_logger.TestCheckpointLogger" name="test_subflow_autosubmit" time="0.004" /><testcase classname="helpers.tests.unit.test_checkpoint_logger.TestCheckpointLogger" name="test_subflow_duration" time="0.004" /><testcase classname="helpers.tests.unit.test_checkpoint_logger.TestCheckpointLogger" name="test_subflow_duration_missing_checkpoints" time="0.004" /><testcase classname="helpers.tests.unit.test_checkpoint_logger.TestCheckpointLogger" name="test_subflow_duration_wrong_enum" time="0.004" /><testcase classname="helpers.tests.unit.test_checkpoint_logger.TestCheckpointLogger" name="test_subflow_duration_wrong_order" time="0.004" /><testcase classname="helpers.tests.unit.test_checkpoint_logger.TestCheckpointLogger" name="test_subflows_decorator" time="0.004" /><testcase classname="helpers.tests.unit.test_checkpoint_logger.TestCheckpointLogger" name="test_submit_subflow" time="0.012" /><testcase classname="helpers.tests.unit.test_checkpoint_logger.TestCheckpointLogger" name="test_success_failure_decorators" time="0.004" /><testcase classname="helpers.tests.unit.test_clock" name="test_get_utc_now" time="0.004" /><testcase classname="helpers.tests.unit.test_clock" name="test_get_utc_now_as_iso_format" time="0.004" /><testcase classname="helpers.tests.unit.test_components" name="test_from_dict" time="0.004" /><testcase classname="helpers.tests.unit.test_components" name="test_get_display_name" time="0.004" /><testcase classname="helpers.tests.unit.test_components" name="test_get_matching_flags" time="0.004" /><testcase classname="helpers.tests.unit.test_config" name="test_should_write_data_to_storage_config_check[inner_config0-func_args0-False]" time="0.005" /><testcase classname="helpers.tests.unit.test_config" name="test_should_write_data_to_storage_config_check[inner_config1-func_args1-True]" time="0.005" /><testcase classname="helpers.tests.unit.test_config" name="test_should_write_data_to_storage_config_check[inner_config2-func_args2-False]" time="0.005" /><testcase classname="helpers.tests.unit.test_config" name="test_should_write_data_to_storage_config_check[inner_config3-func_args3-False]" time="0.005" /><testcase classname="helpers.tests.unit.test_config" name="test_should_write_data_to_storage_config_check[inner_config4-func_args4-False]" time="0.005" /><testcase classname="helpers.tests.unit.test_config" name="test_should_write_data_to_storage_config_check[inner_config5-func_args5-False]" time="0.005" /><testcase classname="helpers.tests.unit.test_config" name="test_should_write_data_to_storage_config_check[inner_config6-func_args6-True]" time="0.005" /><testcase classname="helpers.tests.unit.test_config" name="test_should_write_data_to_storage_config_check[inner_config7-func_args7-True]" time="0.005" /><testcase classname="helpers.tests.unit.test_config" name="test_should_write_data_to_storage_config_check[inner_config8-func_args8-True]" time="0.005" /><testcase classname="helpers.tests.unit.test_environment.TestEnvironment" name="test_get_current_env" time="0.005"><failure message="AssertionError: assert &lt;Environment.local: 'local'&gt; == &lt;Environment.production: 'production'&gt;&#10; +  where &lt;Environment.local: 'local'&gt; = _calculate_current_env()&#10; +  and   &lt;Environment.production: 'production'&gt; = Environment.production">self = &lt;test_environment.TestEnvironment object at 0xffff8f132f50&gt;, mocker = &lt;pytest_mock.plugin.MockFixture object at 0xffff83a0fa90&gt;

    def test_get_current_env(self, mocker):
        mocker.patch.dict(os.environ, {"CURRENT_ENVIRONMENT": ""})
&gt;       assert _calculate_current_env() == Environment.production
E       AssertionError: assert &lt;Environment.local: 'local'&gt; == &lt;Environment.production: 'production'&gt;
E        +  where &lt;Environment.local: 'local'&gt; = _calculate_current_env()
E        +  and   &lt;Environment.production: 'production'&gt; = Environment.production

helpers/tests/unit/test_environment.py:16: AssertionError</failure></testcase><testcase classname="helpers.tests.unit.test_environment.TestEnvironment" name="test_get_current_env_local" time="0.005" /><testcase classname="helpers.tests.unit.test_environment.TestEnvironment" name="test_get_current_env_enterprise" time="0.007"><failure message="AssertionError: assert &lt;Environment.local: 'local'&gt; == &lt;Environment.enterprise: 'enterprise'&gt;&#10; +  where &lt;Environment.local: 'local'&gt; = _calculate_current_env()&#10; +  and   &lt;Environment.enterprise: 'enterprise'&gt; = Environment.enterprise">sel = &lt;test_environment.TestEnvironment object at 0xffff8f1337f0&gt;, mocker = &lt;pytest_mock.plugin.MockFixture object at 0xffff8377dae0&gt;

    def test_get_current_env_enterprise(sel, mocker):
        mocker.patch.dict(os.environ, {"CURRENT_ENVIRONMENT": "local"})
        mock_path_exists = mocker.patch(
            "helpers.environment.os.path.exists", return_value=True
        )
        mocker.patch(
            "helpers.environment._get_current_folder", return_value="/home/path"
        )
&gt;       assert _calculate_current_env() == Environment.enterprise
E       AssertionError: assert &lt;Environment.local: 'local'&gt; == &lt;Environment.enterprise: 'enterprise'&gt;
E        +  where &lt;Environment.local: 'local'&gt; = _calculate_current_env()
E        +  and   &lt;Environment.enterprise: 'enterprise'&gt; = Environment.enterprise

helpers/tests/unit/test_environment.py:30: AssertionError</failure></testcase><testcase classname="helpers.tests.unit.test_environment.TestEnvironment" name="test_get_external_dependencies_folder" time="0.005" /><testcase classname="helpers.tests.unit.test_environment.TestEnvironment" name="test_get_current_env_run_env" time="0.008" /><testcase classname="helpers.tests.unit.test_health_check" name="test_get_interval_seconds[-10-10000]" time="0.005" /><testcase classname="helpers.tests.unit.test_health_check" name="test_get_interval_seconds[0-10000]" time="0.005" /><testcase classname="helpers.tests.unit.test_health_check" name="test_get_interval_seconds[None-10000]" time="0.005" /><testcase classname="helpers.tests.unit.test_health_check" name="test_get_interval_seconds[batata-10000]" time="0.005" /><testcase classname="helpers.tests.unit.test_health_check" name="test_get_interval_seconds[20-20]" time="0.005" /><testcase classname="helpers.tests.unit.test_health_check" name="test_get_interval_seconds[5-5]" time="0.005" /><testcase classname="helpers.tests.unit.test_logging_config.TestLoggingConfig" name="test_local_formatter" time="0.004" /><testcase classname="helpers.tests.unit.test_logging_config.TestLoggingConfig" name="test_local_formatter_with_exc_info" time="0.003" /><testcase classname="helpers.tests.unit.test_logging_config.TestLoggingConfig" name="test_get_logging_config_dict" time="0.005" /><testcase classname="helpers.tests.unit.test_logging_config.TestLoggingConfig" name="test_add_fields_no_task" time="0.004" /><testcase classname="helpers.tests.unit.test_logging_config.TestLoggingConfig" name="test_add_fields_with_task" time="0.005" /><testcase classname="helpers.tests.unit.test_match" name="test_match" time="0.004" /><testcase classname="helpers.tests.unit.test_sentry.TestSentry" name="test_initialize_sentry" time="0.007" /><testcase classname="helpers.tests.unit.test_string" name="test_string_escaper" time="0.004" /><testcase classname="helpers.tests.unit.test_string" name="test_shorten_file_paths" time="0.004" /><testcase classname="helpers.tests.unit.test_telemetry" name="test_fire_and_forget" time="0.003" /><testcase classname="helpers.tests.unit.test_version.TestVersion" name="test_get_current_version" time="0.005" /><testcase classname="helpers.tests.unit.test_version.TestVersion" name="test_get_current_version_no_set_version" time="0.004" /><testcase classname="services.comparison.tests.unit.test_behind_by.TestGetBehindBy" name="test_get_behind_by" time="0.012" /><testcase classname="services.comparison.tests.unit.test_behind_by.TestGetBehindBy" name="test_get_behind_by_no_base_commit" time="0.004" /><testcase classname="services.comparison.tests.unit.test_behind_by.TestGetBehindBy" name="test_get_behind_by_no_provider_pull" time="0.005" /><testcase classname="services.comparison.tests.unit.test_behind_by.TestGetBehindBy" name="test_get_behind_by_no_matching_branches" time="0.010" /><testcase classname="services.comparison.tests.unit.test_changes.TestDiffTotals" name="test_diff_totals[base0-None-None-False]" time="0.004" /><testcase classname="services.comparison.tests.unit.test_changes.TestDiffTotals" name="test_diff_totals[base1-head1-None-None]" time="0.004" /><testcase classname="services.comparison.tests.unit.test_changes.TestDiffTotals" name="test_diff_totals[None-head2-None-True]" time="0.004" /><testcase classname="services.comparison.tests.unit.test_changes.TestDiffTotals" name="test_diff_totals[base3-head3-None-res3]" time="0.004" /><testcase classname="services.comparison.tests.unit.test_changes.TestDiffTotals" name="test_diff_totals[base4-head4-None-res4]" time="0.004" /><testcase classname="services.comparison.tests.unit.test_changes.TestDiffTotals" name="test_diff_totals[base5-head5-None-res5]" time="0.004" /><testcase classname="services.comparison.tests.unit.test_changes.TestDiffTotals" name="test_diff_totals[base6-head6-None-res6]" time="0.004" /><testcase classname="services.comparison.tests.unit.test_changes.TestDiffTotals" name="test_diff_totals[base7-head7-absolute7-res7]" time="0.005" /><testcase classname="services.comparison.tests.unit.test_changes" name="test_get_segment_offsets[segments0-result0]" time="0.004" /><testcase classname="services.comparison.tests.unit.test_changes" name="test_get_segment_offsets[segments1-result1]" time="0.004" /><testcase classname="services.comparison.tests.unit.test_changes" name="test_get_segment_offsets[segments2-result2]" time="0.004" /><testcase classname="services.comparison.tests.unit.test_changes" name="test_get_segment_offsets[segments3-result3]" time="0.004" /><testcase classname="services.comparison.tests.unit.test_changes" name="test_get_segment_offsets[segments4-result4]" time="0.004" /><testcase classname="services.comparison.tests.unit.test_changes" name="test_get_segment_offsets[segments5-result5]" time="0.004" /><testcase classname="services.comparison.tests.unit.test_changes" name="test_get_segment_offsets[segments6-result6]" time="0.004" /><testcase classname="services.comparison.tests.unit.test_changes" name="test_get_segment_offsets[segments7-result7]" time="0.004" /><testcase classname="services.comparison.tests.unit.test_changes" name="test_get_segment_offsets[segments8-result8]" time="0.004" /><testcase classname="services.comparison.tests.unit.test_changes" name="test_get_segment_offsets[segments9-result9]" time="0.004" /><testcase classname="services.comparison.tests.unit.test_changes.TestChanges" name="test_get_changes_eof_case" time="0.004" /><testcase classname="services.comparison.tests.unit.test_changes.TestChanges" name="test_get_changes" time="0.096" /><testcase classname="services.comparison.tests.unit.test_changes.TestChanges" name="test_get_changes_missing_file" time="0.004" /><testcase classname="services.comparison.tests.unit.test_changes.TestChanges" name="test_get_changes_diff_with_no_before" time="0.004" /><testcase classname="services.comparison.tests.unit.test_comparison_proxy.TestComparisonProxy" name="test_get_diff_adjusted_base" time="0.009" /><testcase classname="services.comparison.tests.unit.test_comparison_proxy.TestComparisonProxy" name="test_get_diff_original_base" time="0.009" /><testcase classname="services.comparison.tests.unit.test_comparison_proxy.TestComparisonProxy" name="test_get_diff_bases_match_original_base" time="0.008" /><testcase classname="services.comparison.tests.unit.test_comparison_proxy.TestComparisonProxy" name="test_get_diff_bases_match_adjusted_base" time="0.008" /><testcase classname="services.notification.notifiers.tests.unit.test_comment.TestCommentNotifierHelpers" name="test_sort_by_importance" time="0.004" /><testcase classname="services.notification.notifiers.tests.unit.test_comment.TestCommentNotifierHelpers" name="test_format_number_to_str" time="0.003" /><testcase classname="services.notification.notifiers.tests.unit.test_comment.TestCommentNotifierHelpers" name="test_diff_to_string_case_1" time="0.004" /><testcase classname="services.notification.notifiers.tests.unit.test_comment.TestCommentNotifierHelpers" name="test_diff_to_string_case_2" time="0.004" /><testcase classname="services.notification.notifiers.tests.unit.test_comment.TestCommentNotifierHelpers" name="test_diff_to_string_case_3" time="0.004" /><testcase classname="services.notification.notifiers.tests.unit.test_comment.TestCommentNotifierHelpers" name="test_diff_to_string_case_4" time="0.004" /><testcase classname="services.notification.notifiers.tests.unit.test_comment.TestCommentNotifierHelpers" name="test_diff_to_string_case_different_types" time="0.004" /><testcase classname="services.notification.notifiers.tests.unit.test_comment.TestFileSectionWriter" name="test_get_tree_cell" time="0.004" /><testcase classname="services.notification.notifiers.tests.unit.test_comment.TestFileSectionWriter" name="test_get_tree_cell_with_critical" time="0.004" /><testcase classname="services.notification.notifiers.tests.unit.test_comment.TestAnnouncementsSectionWriter" name="test_announcement_section_writer" time="0.005" /><testcase classname="services.notification.notifiers.tests.unit.test_comment.TestNewFooterSectionWriter" name="test_footer_section_writer_in_github" time="0.005" /><testcase classname="services.notification.notifiers.tests.unit.test_comment.TestNewFooterSectionWriter" name="test_footer_section_writer_in_gitlab" time="0.005" /><testcase classname="services.notification.notifiers.tests.unit.test_comment.TestNewFooterSectionWriter" name="test_footer_section_writer_in_bitbucket" time="0.005" /><testcase classname="services.notification.notifiers.tests.unit.test_comment.TestNewFooterSectionWriter" name="test_footer_section_writer_with_project_cov_hidden" time="0.005" /><testcase classname="services.notification.notifiers.tests.unit.test_gitter.TestGitterkNotifier" name="test_build_paylost_without_base_report" time="0.004" /><testcase classname="services.notification.notifiers.tests.unit.test_status" name="test_notification_type" time="0.005" /><testcase classname="services.notification.tests.unit.test_comparison.TestFilteredComparison" name="test_get_existing_statuses" time="0.009" /><testcase classname="services.notification.tests.unit.test_comparison.TestFilteredComparison" name="test_get_changes_rust_vs_python" time="0.010" /><testcase classname="services.path_fixer.tests.unit.test_fixpaths.TestFixpaths" name="test_clean_toc[./a\\b-result0]" time="0.004" /><testcase classname="services.path_fixer.tests.unit.test_fixpaths.TestFixpaths" name="test_clean_toc[./a\n./b-result1]" time="0.004" /><testcase classname="services.path_fixer.tests.unit.test_fixpaths.TestFixpaths" name="test_clean_toc[path/target/delombok/a\n./b-result2]" time="0.004" /><testcase classname="services.path_fixer.tests.unit.test_fixpaths.TestFixpaths" name="test_clean_toc[comma,txt\nb-result3]" time="0.004" /><testcase classname="services.path_fixer.tests.unit.test_fixpaths.TestFixpaths" name="test_clean_toc[a\n&quot;\\360\\237\\215\\255.txt&quot;\nb-result4]" time="0.004" /><testcase classname="services.path_fixer.tests.unit.test_fixpaths.TestFixpaths" name="test_clean_toc_with_space" time="0.003" /><testcase classname="services.path_fixer.tests.unit.test_fixpaths.TestFixpaths" name="test_unquote_git_path[boring.txt-boring.txt]" time="0.004" /><testcase classname="services.path_fixer.tests.unit.test_fixpaths.TestFixpaths" name="test_unquote_git_path[back\\\\slash.txt-back\\slash.txt]" time="0.004" /><testcase classname="services.path_fixer.tests.unit.test_fixpaths.TestFixpaths" name="test_unquote_git_path[\\360\\237\\215\\255.txt-\U0001f36d.txt]" time="0.004" /><testcase classname="services.path_fixer.tests.unit.test_fixpaths.TestFixpaths" name="test_unquote_git_path[users/crovercraft/bootstrap/Icon\\r-users/crovercraft/bootstrap/Icon]" time="0.004" /><testcase classname="services.path_fixer.tests.unit.test_fixpaths.TestFixpaths" name="test_unquote_git_path[test/fixture/vcr_cassettes/clickhouse/get_breakdown_values_escaped_\\&quot;.json-test/fixture/vcr_cassettes/clickhouse/get_breakdown_values_escaped_&quot;.json]" time="0.004" /><testcase classname="services.path_fixer.tests.unit.test_fixpaths.TestFixpaths" name="test_some_real_git_paths" time="0.004" /><testcase classname="services.path_fixer.tests.unit.test_path_fixer.TestPathFixerHelpers" name="test_invert_pattern" time="0.004" /><testcase classname="services.path_fixer.tests.unit.test_path_fixer.TestPathFixer" name="test_path_fixer_empty" time="0.003" /><testcase classname="services.path_fixer.tests.unit.test_path_fixer.TestPathFixer" name="test_path_fixer_with_toc" time="0.004" /><testcase classname="services.path_fixer.tests.unit.test_path_fixer.TestPathFixer" name="test_path_fixer_one_exclude_path_pattern" time="0.004" /><testcase classname="services.path_fixer.tests.unit.test_path_fixer.TestPathFixer" name="test_path_fixer_one_custom_pathfix" time="0.004" /><testcase classname="services.path_fixer.tests.unit.test_path_fixer.TestPathFixer" name="test_init_from_user_yaml" time="0.004" /><testcase classname="services.path_fixer.tests.unit.test_path_fixer.TestPathFixer" name="test_init_from_user_yaml_extra_fixes" time="0.004" /><testcase classname="services.path_fixer.tests.unit.test_path_fixer.TestBasePathAwarePathFixer" name="test_basepath_uses_main_result_if_not_none_when_disagreement" time="0.004" /><testcase classname="services.path_fixer.tests.unit.test_path_fixer.TestBasePathAwarePathFixer" name="test_basepath_uses_own_result_if_main_is_none" time="0.004" /><testcase classname="services.path_fixer.tests.unit.test_path_fixer.TestBasePathAwarePathFixer" name="test_basepath_uses_own_result_if_main_is_none_multuple_base_paths" time="0.004" /><testcase classname="services.path_fixer.tests.unit.test_user_path_fixes.TestUserPathFixes" name="test_user_path_fixes_empty" time="0.004" /><testcase classname="services.path_fixer.tests.unit.test_user_path_fixes.TestUserPathFixes" name="test_user_path_fixes_add_prefix_only" time="0.004" /><testcase classname="services.path_fixer.tests.unit.test_user_path_fixes.TestUserPathFixes" name="test_user_path_fixes_remove_prefix_only" time="0.004" /><testcase classname="services.path_fixer.tests.unit.test_user_path_fixes.TestUserPathFixes" name="test_user_path_fixes_remove_add" time="0.004" /><testcase classname="services.path_fixer.tests.unit.test_user_path_fixes.TestUserPathFixes" name="test_user_path_fixes_remove_add_with_regex" time="0.004" /><testcase classname="services.path_fixer.tests.unit.test_user_path_includes.TestUserPathIncludes" name="test_user_path_fixes_empty" time="0.004" /><testcase classname="services.path_fixer.tests.unit.test_user_path_includes.TestUserPathIncludes" name="test_user_path_fixes_star" time="0.003" /><testcase classname="services.path_fixer.tests.unit.test_user_path_includes.TestUserPathIncludes" name="test_user_path_regex" time="0.004" /><testcase classname="services.path_fixer.tests.unit.test_user_path_includes.TestUserPathIncludes" name="test_user_path_no_regex_elements" time="0.004" /><testcase classname="services.report.languages.tests.test_base.TestBaseProcessor" name="test_name" time="0.004" /><testcase classname="services.report.languages.tests.unit.test_bullseye.TestBullseye" name="test_report" time="0.006" /><testcase classname="services.report.languages.tests.unit.test_bullseye.TestBullseye" name="test_expired[2024-04-15_20:00:00]" time="0.004" /><testcase classname="services.report.languages.tests.unit.test_bullseye.TestBullseye" name="test_expired[2020-10-28_17:55:47]" time="0.004" /><testcase classname="services.report.languages.tests.unit.test_bullseye.TestBullseye" name="test_matches_content" time="0.004" /><testcase classname="services.report.languages.tests.unit.test_clover.TestCloverProcessor" name="test_report" time="0.005" /><testcase classname="services.report.languages.tests.unit.test_clover.TestCloverProcessor" name="test_expired[1713211200]" time="0.004" /><testcase classname="services.report.languages.tests.unit.test_clover.TestCloverProcessor" name="test_expired[01-01-2014]" time="0.004" /><testcase classname="services.report.languages.tests.unit.test_cobertura.TestCobertura" name="test_report" time="0.007" /><testcase classname="services.report.languages.tests.unit.test_cobertura.TestCobertura" name="test_report_missing_conditions" time="0.006" /><testcase classname="services.report.languages.tests.unit.test_cobertura.TestCobertura" name="test_report_missing_conditions_and_partials_as_hits" time="0.006" /><testcase classname="services.report.languages.tests.unit.test_cobertura.TestCobertura" name="test_timestamp_zero_passes" time="0.005" /><testcase classname="services.report.languages.tests.unit.test_cobertura.TestCobertura" name="test_expired[1713211200]" time="0.004" /><testcase classname="services.report.languages.tests.unit.test_cobertura.TestCobertura" name="test_expired[01-01-2014]" time="0.004" /><testcase classname="services.report.languages.tests.unit.test_cobertura.TestCobertura" name="test_matches_content" time="0.004" /><testcase classname="services.report.languages.tests.unit.test_cobertura.TestCobertura" name="test_not_matches_content" time="0.004" /><testcase classname="services.report.languages.tests.unit.test_cobertura.TestCobertura" name="test_use_source_for_filename_if_one_path_source" time="0.005" /><testcase classname="services.report.languages.tests.unit.test_cobertura.TestCobertura" name="test_use_source_for_filename_if_one_bad_source" time="0.004" /><testcase classname="services.report.languages.tests.unit.test_cobertura.TestCobertura" name="test_use_source_for_filename_if_multiple_sources_only_second_works" time="0.005" /><testcase classname="services.report.languages.tests.unit.test_cobertura.TestCobertura" name="test_use_source_for_filename_if_multiple_sources_works_without_base" time="0.005" /><testcase classname="services.report.languages.tests.unit.test_cobertura.TestCobertura" name="test_use_source_for_filename_if_multiple_sources_first_and_second_works" time="0.005" /><testcase classname="services.report.languages.tests.unit.test_coveralls.TestCoveralls" name="test_detect" time="0.004" /><testcase classname="services.report.languages.tests.unit.test_coveralls.TestCoveralls" name="test_report" time="0.004" /><testcase classname="services.report.languages.tests.unit.test_csharp.TestCSharp" name="test_report" time="0.005" /><testcase classname="services.report.languages.tests.unit.test_csharp2.TestCSharp2" name="test_report" time="0.005" /><testcase classname="services.report.languages.tests.unit.test_dlst.TestDLST" name="test_report[src/file.lst]" time="0.004" /><testcase classname="services.report.languages.tests.unit.test_dlst.TestDLST" name="test_report[bad/path.lst]" time="0.004" /><testcase classname="services.report.languages.tests.unit.test_dlst.TestDLST" name="test_report[]" time="0.004" /><testcase classname="services.report.languages.tests.unit.test_dlst.TestDLST" name="test_none" time="0.004" /><testcase classname="services.report.languages.tests.unit.test_dlst.TestDLST" name="test_matches_content" time="0.003" /><testcase classname="services.report.languages.tests.unit.test_flowcover.TestFlowCover" name="test_report" time="0.004" /><testcase classname="services.report.languages.tests.unit.test_gap.TestGap" name="test_report" time="0.004" /><testcase classname="services.report.languages.tests.unit.test_gap.TestGap" name="test_report_from_dict" time="0.004" /><testcase classname="services.report.languages.tests.unit.test_gap.TestGap" name="test_detect" time="0.004" /><testcase classname="services.report.languages.tests.unit.test_gcov.TestGcov" name="test_report" time="0.005" /><testcase classname="services.report.languages.tests.unit.test_gcov.TestGcov" name="test_report_duplicate_lines" time="0.005" /><testcase classname="services.report.languages.tests.unit.test_gcov.TestGcov" name="test_no_cond_branch_report" time="0.004" /><testcase classname="services.report.languages.tests.unit.test_gcov.TestGcov" name="test_single_line_report" time="0.004" /><testcase classname="services.report.languages.tests.unit.test_gcov.TestGcov" name="test_no_cond_loop_report" time="0.004" /><testcase classname="services.report.languages.tests.unit.test_gcov.TestGcov" name="test_track_macro_report" time="0.004" /><testcase classname="services.report.languages.tests.unit.test_gcov.TestGcov" name="test_no_yaml" time="0.006" /><testcase classname="services.report.languages.tests.unit.test_gcov.TestGcov" name="test_detect" time="0.004" /><testcase classname="services.report.languages.tests.unit.test_gcov.TestGcov" name="test_ignored" time="0.004" /><testcase classname="services.report.languages.tests.unit.test_go.TestGo" name="test_report" time="0.005" /><testcase classname="services.report.languages.tests.unit.test_go.TestGo" name="test_huge_report" time="0.011" /><testcase classname="services.report.languages.tests.unit.test_go.TestGo" name="test_huge_report_partials_as_hits" time="0.012" /><testcase classname="services.report.languages.tests.unit.test_go.TestGo" name="test_combine_partials" time="0.004" /><testcase classname="services.report.languages.tests.unit.test_go.TestGo" name="test_report_line_missing_number_of_statements_count_new_line" time="0.004" /><testcase classname="services.report.languages.tests.unit.test_jacoco.TestJacoco" name="test_report" time="0.005" /><testcase classname="services.report.languages.tests.unit.test_jacoco.TestJacoco" name="test_report_partials_as_hits" time="0.005" /><testcase classname="services.report.languages.tests.unit.test_jacoco.TestJacoco" name="test_multi_module[a-module_a/package/file]" time="0.004" /><testcase classname="services.report.languages.tests.unit.test_jacoco.TestJacoco" name="test_multi_module[b-module_b/src/main/java/package/file]" time="0.004" /><testcase classname="services.report.languages.tests.unit.test_jacoco.TestJacoco" name="test_expired[1713211200]" time="0.004" /><testcase classname="services.report.languages.tests.unit.test_jacoco.TestJacoco" name="test_expired[01-01-2014]" time="0.004" /><testcase classname="services.report.languages.tests.unit.test_lcov.TestLcov" name="test_report" time="0.005" /><testcase classname="services.report.languages.tests.unit.test_lcov.TestLcov" name="test_detect" time="0.004" /><testcase classname="services.report.languages.tests.unit.test_lcov.TestLcov" name="test_negative_execution_count" time="0.004" /><testcase classname="services.report.languages.tests.unit.test_lua.TestLua" name="test_report" time="0.004" /><testcase classname="services.report.languages.tests.unit.test_lua.TestLua" name="test_report_with_line_breaks_in_the_beginning" time="0.005" /><testcase classname="services.report.languages.tests.unit.test_lua.TestLua" name="test_detect" time="0.003" /><testcase classname="services.report.languages.tests.unit.test_node.TestNodeProcessor" name="test_get_location[location0-expected_result0]" time="0.004" /><testcase classname="services.report.languages.tests.unit.test_node.TestNodeProcessor" name="test_get_location[location1-expected_result1]" time="0.004" /><testcase classname="services.report.languages.tests.unit.test_node.TestNodeProcessor" name="test_get_location[location2-expected_result2]" time="0.004" /><testcase classname="services.report.languages.tests.unit.test_node.TestNodeProcessor" name="test_get_location[location3-expected_result3]" time="0.004" /><testcase classname="services.report.languages.tests.unit.test_node.TestNodeProcessor" name="test_location_to_int[location0-None]" time="0.004" /><testcase classname="services.report.languages.tests.unit.test_node.TestNodeProcessor" name="test_location_to_int[location1-None]" time="0.004" /><testcase classname="services.report.languages.tests.unit.test_node.TestNodeProcessor" name="test_location_to_int[location2-1]" time="0.004" /><testcase classname="services.report.languages.tests.unit.test_node.TestNodeProcessor" name="test_report[1]" time="0.115" /><testcase classname="services.report.languages.tests.unit.test_node.TestNodeProcessor" name="test_report[2]" time="0.024" /><testcase classname="services.report.languages.tests.unit.test_node.TestNodeProcessor" name="test_report[3]" time="0.185" /><testcase classname="services.report.languages.tests.unit.test_node.TestNodeProcessor" name="test_singles[inline]" time="0.005" /><testcase classname="services.report.languages.tests.unit.test_node.TestNodeProcessor" name="test_singles[ifbinary]" time="0.004" /><testcase classname="services.report.languages.tests.unit.test_node.TestNodeProcessor" name="test_singles[ifbinarymb]" time="0.004" /><testcase classname="services.report.languages.tests.unit.test_node.TestNodeProcessor" name="test_singles_no_partials_statement_map[inline-result0]" time="0.005" /><testcase classname="services.report.languages.tests.unit.test_node.TestNodeProcessor" name="test_singles_no_partials_statement_map[ifbinary-result1]" time="0.005" /><testcase classname="services.report.languages.tests.unit.test_node.TestNodeProcessor" name="test_singles_no_partials_branch_map[inline-result0]" time="0.005" /><testcase classname="services.report.languages.tests.unit.test_node.TestNodeProcessor" name="test_singles_no_partials_branch_map[ifbinary-result1]" time="0.005" /><testcase classname="services.report.languages.tests.unit.test_node.TestNodeProcessor" name="test_matches_content_bad_user_input" time="0.004" /><testcase classname="services.report.languages.tests.unit.test_node.TestNodeProcessor" name="test_matches_content_good_user_input" time="0.003" /><testcase classname="services.report.languages.tests.unit.test_node.TestNodeProcessor" name="test_no_statement_map" time="0.004" /><testcase classname="services.report.languages.tests.unit.test_pycoverage.TestPyCoverageProcessor" name="test_matches_content_pycoverage" time="0.004" /><testcase classname="services.report.languages.tests.unit.test_pycoverage.TestPyCoverageProcessor" name="test_process_pycoverage" time="0.006" /><testcase classname="services.report.languages.tests.unit.test_pycoverage.TestPyCoverageProcessor" name="test_process_compressed_report" time="0.005" /><testcase classname="services.report.languages.tests.unit.test_pycoverage_encoded_labels.TestPyCoverageProcessor" name="test_matches_content_pycoverage" time="0.004" /><testcase classname="services.report.languages.tests.unit.test_pycoverage_encoded_labels.TestPyCoverageProcessor" name="test__get_list_of_label_ids" time="0.004" /><testcase classname="services.report.languages.tests.unit.test_pycoverage_encoded_labels.TestPyCoverageProcessor" name="test__get_list_of_label_ids_already_encoded" time="0.004" /><testcase classname="services.report.languages.tests.unit.test_pycoverage_encoded_labels.TestPyCoverageProcessor" name="test_process_pycoverage" time="0.005" /><testcase classname="services.report.languages.tests.unit.test_pycoverage_encoded_labels.TestPyCoverageProcessor" name="test_process_compressed_report" time="0.004" /><testcase classname="services.report.languages.tests.unit.test_rlang.TestRlang" name="test_report" time="0.005" /><testcase classname="services.report.languages.tests.unit.test_salesforce.TestSalesforce" name="test_salesforce_processor_nones" time="0.004" /><testcase classname="services.report.languages.tests.unit.test_salesforce.TestSalesforce" name="test_salesforce_matcher" time="0.004" /><testcase classname="services.report.languages.tests.unit.test_salesforce.TestSalesforce" name="test_salesforce_matcher_detailed_file" time="0.004" /><testcase classname="services.report.languages.tests.unit.test_salesforce.TestSalesforce" name="test_salesforce_matcher_empty_array" time="0.004" /><testcase classname="services.report.languages.tests.unit.test_scala.TestScala" name="test_report" time="0.005" /><testcase classname="services.report.languages.tests.unit.test_scoverage.TestSCoverage" name="test_report" time="0.004" /><testcase classname="services.report.languages.tests.unit.test_simplecov.TestSimplecovProcessor" name="test_parse_simplecov" time="0.005" /><testcase classname="services.report.languages.tests.unit.test_simplecov.TestSimplecovProcessor" name="test_process" time="0.004" /><testcase classname="services.report.languages.tests.unit.test_v1.TestVOne" name="test_report" time="0.005" /><testcase classname="services.report.languages.tests.unit.test_v1.TestVOne" name="test_not_list" time="0.004" /><testcase classname="services.report.languages.tests.unit.test_v1.TestVOne" name="test_report_with_alternative_format" time="0.005" /><testcase classname="services.report.languages.tests.unit.test_v1.TestVOne" name="test_corrupted_report" time="0.004" /><testcase classname="services.report.languages.tests.unit.test_vb.TestVBOne" name="test_report" time="0.005" /><testcase classname="services.report.languages.tests.unit.test_vb2.TestVBTwo" name="test_report" time="0.005" /><testcase classname="services.report.languages.tests.unit.test_xcode.TestXCode" name="test_report" time="0.005" /><testcase classname="services.report.languages.tests.unit.test_xcode.TestXCode" name="test_removes_last" time="0.004" /><testcase classname="services.report.languages.tests.unit.test_xcode2.TestXCode2" name="test_report" time="0.005" /><testcase classname="services.report.languages.tests.unit.test_xcode2.TestXCode2" name="test_removes_last" time="0.004" /><testcase classname="services.report.languages.tests.unit.test_xcodeplist.TestXCodePlist" name="test_report" time="0.306" /><testcase classname="services.report.languages.tests.unit.test_xcodeplist.TestXCodePlist" name="test_detect" time="0.004" /><testcase classname="services.report.parser.tests.unit.test_version_one_parser" name="test_version_one_parser" time="0.004" /><testcase classname="services.report.parser.tests.unit.test_version_one_parser" name="test_version_one_parser_parse_coverage_file_contents_bad_format" time="0.004" /><testcase classname="services.report.parser.tests.unit.test_version_one_parser" name="test_version_one_parser_parse_coverage_file_contents_base64_zip_format" time="0.004" /><testcase classname="services.report.tests.unit.test_fixes.TestFixes" name="test_fixes" time="0.004" /><testcase classname="services.report.tests.unit.test_fixes.TestFixes" name="test_fixes_comment" time="0.004" /><testcase classname="services.report.tests.unit.test_fixes.TestFixes" name="test_fixes_lcov" time="0.004" /><testcase classname="services.report.tests.unit.test_fixes.TestFixes" name="test_fixes_multiple" time="0.004" /><testcase classname="services.report.tests.unit.test_fixes.TestFixes" name="test_fixes_single" time="0.004" /><testcase classname="services.report.tests.unit.test_fixes.TestFixes" name="test_get_fixes_from_raw_with_both_eof_and_lines" time="0.004" /><testcase classname="services.report.tests.unit.test_parser.TestParser" name="test_parser_with_toc" time="0.004" /><testcase classname="services.report.tests.unit.test_parser.TestParser" name="test_parser_no_toc" time="0.004" /><testcase classname="services.report.tests.unit.test_parser.TestParser" name="test_parser_more_complete" time="0.004" /><testcase classname="services.report.tests.unit.test_parser.TestParser" name="test_parser_more_complete_with_line_end" time="0.004" /><testcase classname="services.report.tests.unit.test_parser.TestParser" name="test_line_end_no_line_break" time="0.004" /><testcase classname="services.report.tests.unit.test_parser.TestParser" name="test_cases_little_mor_ridiculous" time="0.004" /><testcase classname="services.report.tests.unit.test_parser.TestParser" name="test_cases_no_eof_end" time="0.004" /><testcase classname="services.report.tests.unit.test_parser.TestParser" name="test_cases_emptylines_betweenpath_and_content" time="0.004" /><testcase classname="services.report.tests.unit.test_parser.TestParser" name="test_cases_compatibility_mode" time="0.004" /><testcase classname="services.report.tests.unit.test_parser.TestParser" name="test_cases_compatibility_mode_failed_case" time="0.004" /><testcase classname="services.report.tests.unit.test_process.TestProcessRawUpload" name="test_process_raw_upload[nm]" time="0.005" /><testcase classname="services.report.tests.unit.test_process.TestProcessRawUpload" name="test_process_raw_upload[n]" time="0.004" /><testcase classname="services.report.tests.unit.test_process.TestProcessRawUpload" name="test_process_raw_upload[m]" time="0.005" /><testcase classname="services.report.tests.unit.test_process.TestProcessRawUpload" name="test_process_raw_upload[nme]" time="0.004" /><testcase classname="services.report.tests.unit.test_process.TestProcessRawUpload" name="test_process_raw_upload[ne]" time="0.005" /><testcase classname="services.report.tests.unit.test_process.TestProcessRawUpload" name="test_process_raw_upload[M]" time="0.005" /><testcase classname="services.report.tests.unit.test_process.TestProcessRawUpload" name="test_process_raw_upload_skipped_files" time="0.005" /><testcase classname="services.report.tests.unit.test_process.TestProcessRawUpload" name="test_process_raw_upload_empty_report" time="0.005" /><testcase classname="services.report.tests.unit.test_process.TestProcessRawUpload" name="test_none" time="0.004" /><testcase classname="services.report.tests.unit.test_process.TestProcessRawUploadFixed" name="test_fixes" time="0.004" /><testcase classname="services.report.tests.unit.test_process.TestProcessRawUploadNotJoined" name="test_not_joined[nightly-False]" time="0.005" /><testcase classname="services.report.tests.unit.test_process.TestProcessRawUploadNotJoined" name="test_not_joined[unittests-True]" time="0.005" /><testcase classname="services.report.tests.unit.test_process.TestProcessRawUploadNotJoined" name="test_not_joined[ui-True]" time="0.005" /><testcase classname="services.report.tests.unit.test_process.TestProcessRawUploadNotJoined" name="test_not_joined[other-True]" time="0.004" /><testcase classname="services.report.tests.unit.test_process.TestProcessRawUploadFlags" name="test_flags[flag0]" time="0.004" /><testcase classname="services.report.tests.unit.test_process.TestProcessRawUploadFlags" name="test_flags[flag1]" time="0.004" /><testcase classname="services.report.tests.unit.test_process.TestProcessRawUploadFlags" name="test_flags[flag2]" time="0.005" /><testcase classname="services.report.tests.unit.test_process.TestProcessSessions" name="test_sessions" time="0.005" /><testcase classname="services.report.tests.unit.test_process.TestProcessReport" name="test_emptys[&lt;idk&gt;]" time="0.004" /><testcase classname="services.report.tests.unit.test_process.TestProcessReport" name="test_emptys[&lt;?xml]" time="0.004" /><testcase classname="services.report.tests.unit.test_process.TestProcessReport" name="test_emptys[]" time="0.004" /><testcase classname="services.report.tests.unit.test_process.TestProcessReport" name="test_fixes_paths" time="0.004" /><testcase classname="services.report.tests.unit.test_process.TestProcessReport" name="test_report_fixes_same_final_result" time="0.004" /><testcase classname="services.report.tests.unit.test_process.TestProcessReport" name="test_detect[go.from_txt-report0]" time="0.004" /><testcase classname="services.report.tests.unit.test_process.TestProcessReport" name="test_detect[xcode.from_txt-report1]" time="0.004" /><testcase classname="services.report.tests.unit.test_process.TestProcessReport" name="test_detect[xcode.from_txt-report2]" time="0.004" /><testcase classname="services.report.tests.unit.test_process.TestProcessReport" name="test_detect[xcode.from_txt-report3]" time="0.004" /><testcase classname="services.report.tests.unit.test_process.TestProcessReport" name="test_detect[xcode.from_txt-report4]" time="0.004" /><testcase classname="services.report.tests.unit.test_process.TestProcessReport" name="test_detect[xcode.from_txt-report5]" time="0.004" /><testcase classname="services.report.tests.unit.test_process.TestProcessReport" name="test_detect[xcode.from_txt-report6]" time="0.004" /><testcase classname="services.report.tests.unit.test_process.TestProcessReport" name="test_detect[xcode.from_txt-report7]" time="0.004" /><testcase classname="services.report.tests.unit.test_process.TestProcessReport" name="test_detect[dlst.from_string-report8]" time="0.004" /><testcase classname="services.report.tests.unit.test_process.TestProcessReport" name="test_detect[vb.from_xml-report9]" time="0.004" /><testcase classname="services.report.tests.unit.test_process.TestProcessReport" name="test_detect[lcov.from_txt-report10]" time="0.004" /><testcase classname="services.report.tests.unit.test_process.TestProcessReport" name="test_detect[gcov.from_txt-report11]" time="0.004" /><testcase classname="services.report.tests.unit.test_process.TestProcessReport" name="test_detect[lua.from_txt-report12]" time="0.004" /><testcase classname="services.report.tests.unit.test_process.TestProcessReport" name="test_detect[gap.from_string-report13]" time="0.004" /><testcase classname="services.report.tests.unit.test_process.TestProcessReport" name="test_detect[gap.from_string-report14]" time="0.004" /><testcase classname="services.report.tests.unit.test_process.TestProcessReport" name="test_detect[v1.from_json-report15]" time="0.004" /><testcase classname="services.report.tests.unit.test_process.TestProcessReport" name="test_detect[v1.from_json-report16]" time="0.004" /><testcase classname="services.report.tests.unit.test_process.TestProcessReport" name="test_detect[v1.from_json-report17]" time="0.004" /><testcase classname="services.report.tests.unit.test_process.TestProcessReport" name="test_detect[v1.from_json-report18]" time="0.004" /><testcase classname="services.report.tests.unit.test_process.TestProcessReport" name="test_detect[rlang.from_json-report19]" time="0.004" /><testcase classname="services.report.tests.unit.test_process.TestProcessReport" name="test_detect[scala.from_json-report20]" time="0.004" /><testcase classname="services.report.tests.unit.test_process.TestProcessReport" name="test_detect[coveralls.from_json-report21]" time="0.004" /><testcase classname="services.report.tests.unit.test_process.TestProcessReport" name="test_detect[node.from_json-report22]" time="0.004" /><testcase classname="services.report.tests.unit.test_process.TestProcessReport" name="test_detect[scoverage.from_xml-report23]" time="0.004" /><testcase classname="services.report.tests.unit.test_process.TestProcessReport" name="test_detect[clover.from_xml-report24]" time="0.004" /><testcase classname="services.report.tests.unit.test_process.TestProcessReport" name="test_detect[cobertura.from_xml-report25]" time="0.004" /><testcase classname="services.report.tests.unit.test_process.TestProcessReport" name="test_detect[csharp.from_xml-report26]" time="0.004" /><testcase classname="services.report.tests.unit.test_process.TestProcessReport" name="test_detect[jacoco.from_xml-report27]" time="0.004" /><testcase classname="services.report.tests.unit.test_process.TestProcessReport" name="test_detect[xcodeplist.from_xml-report28]" time="0.004" /><testcase classname="services.report.tests.unit.test_process.TestProcessReport" name="test_detect[xcodeplist.from_xml-report29]" time="0.004" /><testcase classname="services.report.tests.unit.test_process.TestProcessReport" name="test_detect[scoverage.from_xml-report30]" time="0.004" /><testcase classname="services.report.tests.unit.test_process.TestProcessReport" name="test_detect[clover.from_xml-report31]" time="0.005" /><testcase classname="services.report.tests.unit.test_process.TestProcessReport" name="test_detect[cobertura.from_xml-report32]" time="0.004" /><testcase classname="services.report.tests.unit.test_process.TestProcessReport" name="test_detect[csharp.from_xml-report33]" time="0.004" /><testcase classname="services.report.tests.unit.test_process.TestProcessReport" name="test_detect[jacoco.from_xml-report34]" time="0.004" /><testcase classname="services.report.tests.unit.test_process.TestProcessReport" name="test_detect[salesforce.from_json-report35]" time="0.004" /><testcase classname="services.report.tests.unit.test_process.TestProcessReport" name="test_detect[bullseye.from_xml-report36]" time="0.004" /><testcase classname="services.report.tests.unit.test_process.TestProcessReport" name="test_detect_nothing_found[report0]" time="0.004" /><testcase classname="services.report.tests.unit.test_process.TestProcessReport" name="test_xxe_entity_not_called" time="0.005" /><testcase classname="services.report.tests.unit.test_process.TestProcessReport" name="test_format_not_recognized" time="0.005" /><testcase classname="services.report.tests.unit.test_process.TestProcessReport" name="test_process_report_exception_raised" time="0.005" /><testcase classname="services.report.tests.unit.test_process.TestProcessReport" name="test_process_report_corrupt_format" time="0.006" /><testcase classname="services.report.tests.unit.test_process.TestProcessReport" name="test_process_raw_upload_multiple_raw_reports" time="0.007" /><testcase classname="services.report.tests.unit.test_process.TestProcessRawUploadCarryforwardFlags" name="test_process_raw_upload_with_carryforwarded_flags" time="0.006" /><testcase classname="services.report.tests.unit.test_process.TestProcessRawUploadCarryforwardFlags" name="test_process_raw_upload_carryforward_flag_empty_upload" time="0.005" /><testcase classname="services.report.tests.unit.test_report_builder" name="test_report_builder_simple_fields" time="0.004" /><testcase classname="services.report.tests.unit.test_report_builder" name="test_report_builder_generate_session" time="0.005" /><testcase classname="services.report.tests.unit.test_report_builder" name="test_report_builder_session" time="0.005" /><testcase classname="services.report.tests.unit.test_report_builder" name="test_report_builder_session_only_all_labels" time="0.004" /><testcase classname="services.report.tests.unit.test_report_builder" name="test_report_builder_session_create_line" time="0.004" /><testcase classname="services.report.tests.unit.test_report_builder" name="test_report_builder_session_create_line_mixed_labels" time="0.004" /><testcase classname="services.report.tests.unit.test_report_builder" name="test_report_builder_supports_flags[current_yaml0-False]" time="0.004" /><testcase classname="services.report.tests.unit.test_report_builder" name="test_report_builder_supports_flags[current_yaml1-False]" time="0.004" /><testcase classname="services.report.tests.unit.test_report_builder" name="test_report_builder_supports_flags[current_yaml2-True]" time="0.004" /><testcase classname="services.report.tests.unit.test_report_builder" name="test_report_builder_supports_flags[current_yaml3-True]" time="0.004" /><testcase classname="services.report.tests.unit.test_report_builder" name="test_report_builder_supports_flags[current_yaml4-False]" time="0.004" /><testcase classname="services.report.tests.unit.test_report_builder" name="test_report_builder_supports_flags[current_yaml5-True]" time="0.004" /><testcase classname="services.report.tests.unit.test_report_builder_encoded_labels" name="test_report_builder_simple_fields" time="0.005" /><testcase classname="services.report.tests.unit.test_report_builder_encoded_labels" name="test_report_builder_generate_session" time="0.005" /><testcase classname="services.report.tests.unit.test_report_builder_encoded_labels" name="test_report_builder_session" time="0.004" /><testcase classname="services.report.tests.unit.test_report_builder_encoded_labels" name="test_report_builder_session_only_all_labels" time="0.004" /><testcase classname="services.report.tests.unit.test_report_builder_encoded_labels" name="test_report_builder_session_create_line" time="0.004" /><testcase classname="services.report.tests.unit.test_report_builder_encoded_labels" name="test_report_builder_supports_flags[current_yaml0-False]" time="0.004" /><testcase classname="services.report.tests.unit.test_report_builder_encoded_labels" name="test_report_builder_supports_flags[current_yaml1-False]" time="0.004" /><testcase classname="services.report.tests.unit.test_report_builder_encoded_labels" name="test_report_builder_supports_flags[current_yaml2-True]" time="0.004" /><testcase classname="services.report.tests.unit.test_report_builder_encoded_labels" name="test_report_builder_supports_flags[current_yaml3-True]" time="0.004" /><testcase classname="services.report.tests.unit.test_report_builder_encoded_labels" name="test_report_builder_supports_flags[current_yaml4-False]" time="0.004" /><testcase classname="services.report.tests.unit.test_report_builder_encoded_labels" name="test_report_builder_supports_flags[current_yaml5-True]" time="0.004" /><testcase classname="services.report.tests.unit.test_report_processor.TestReportTypeMatching" name="test_report_type_matching" time="0.005" /><testcase classname="services.report.tests.unit.test_sessions.TestAdjustSession" name="test_adjust_sessions_no_cf" time="0.007" /><testcase classname="services.report.tests.unit.test_sessions.TestAdjustSession" name="test_adjust_sessions_full_cf_only" time="0.007" /><testcase classname="services.report.tests.unit.test_sessions.TestAdjustSession" name="test_adjust_sessions_partial_cf_only_no_changes" time="0.007" /><testcase classname="services.report.tests.unit.test_sessions.TestAdjustSession" name="test_adjust_sessions_partial_cf_only_no_changes_encoding_labels" time="0.011" /><testcase classname="services.report.tests.unit.test_sessions.TestAdjustSession" name="test_adjust_sessions_partial_cf_only_some_changes" time="0.007" /><testcase classname="services.report.tests.unit.test_sessions.TestAdjustSession" name="test_adjust_sessions_partial_cf_only_full_deletion_due_to_lost_labels" time="0.008" /><testcase classname="services.report.tests.unit.test_sessions_encoded_labels.TestAdjustSession" name="test_adjust_sessions_no_cf[0]" time="0.008" /><testcase classname="services.report.tests.unit.test_sessions_encoded_labels.TestAdjustSession" name="test_adjust_sessions_no_cf[1]" time="0.008" /><testcase classname="services.report.tests.unit.test_sessions_encoded_labels.TestAdjustSession" name="test_adjust_sessions_full_cf_only" time="0.006" /><testcase classname="services.report.tests.unit.test_sessions_encoded_labels.TestAdjustSession" name="test_adjust_sessions_partial_cf_only_no_changes[0]" time="0.011" /><testcase classname="services.report.tests.unit.test_sessions_encoded_labels.TestAdjustSession" name="test_adjust_sessions_partial_cf_only_no_changes[1]" time="0.010" /><testcase classname="services.report.tests.unit.test_sessions_encoded_labels.TestAdjustSession" name="test_make_sure_label_indexes_match" time="0.005" /><testcase classname="services.report.tests.unit.test_sessions_encoded_labels.TestAdjustSession" name="test_adjust_sessions_partial_cf_only_some_changes" time="0.009" /><testcase classname="services.report.tests.unit.test_sessions_encoded_labels.TestAdjustSession" name="test_adjust_sessions_partial_cf_only_full_deletion_due_to_lost_labels" time="0.009" /><testcase classname="services.static_analysis.tests.unit.test_git_diff_parser.TestDiffChange" name="test_line_mapping_modified_file" time="0.004" /><testcase classname="services.static_analysis.tests.unit.test_git_diff_parser.TestDiffChange" name="test_line_mapping_deleted_file" time="0.003" /><testcase classname="services.static_analysis.tests.unit.test_git_diff_parser.TestDiffChange" name="test_line_mapping_binary_file" time="0.004" /><testcase classname="services.static_analysis.tests.unit.test_git_diff_parser.TestDiffChange" name="test_line_mapping_new_file" time="0.004" /><testcase classname="services.static_analysis.tests.unit.test_git_diff_parser.TestParseGitDiffJson" name="test_parse_git_diff_json_single_file" time="0.004" /><testcase classname="services.static_analysis.tests.unit.test_git_diff_parser.TestParseGitDiffJson" name="test_parse_git_diff_json_multiple_files" time="0.003" /><testcase classname="services.static_analysis.tests.unit.test_single_file_analyzer" name="test_simple_single_file_snapshot_analyzer_get_corresponding_executable_line" time="0.004" /><testcase classname="services.static_analysis.tests.unit.test_single_file_analyzer" name="test_get_antecessor_executable_line" time="0.004" /><testcase classname="services.tests.test_ai_pr_review" name="test_review_index" time="0.004" /><testcase classname="services.tests.test_bots.TestBotsService" name="test_get_repo_appropriate_bot_token_public_bot" time="0.006" /><testcase classname="services.tests.test_bots.TestBotsService" name="test_get_repo_appropriate_bot_enterprise_yes_bot" time="0.007" /><testcase classname="services.tests.test_bots.TestBotsService" name="test_get_repo_appropriate_bot_enterprise_no_bot" time="0.008" /><testcase classname="services.tests.test_bots.TestBotsService" name="test_get_repo_appropriate_bot_token_public_bot_without_key" time="0.006" /><testcase classname="services.tests.test_bots.TestBotsService" name="test_get_repo_appropriate_bot_token_repo_with_valid_bot" time="0.006" /><testcase classname="services.tests.test_bots.TestBotsService" name="test_get_repo_appropriate_bot_token_repo_with_invalid_bot_valid_owner_bot" time="0.006" /><testcase classname="services.tests.test_bots.TestBotsService" name="test_get_repo_appropriate_bot_token_repo_with_no_bot_valid_owner_bot" time="0.005" /><testcase classname="services.tests.test_bots.TestBotsService" name="test_get_repo_appropriate_bot_token_repo_with_no_bot_invalid_owner_bot" time="0.005" /><testcase classname="services.tests.test_bots.TestBotsService" name="test_get_repo_appropriate_bot_token_repo_with_no_oauth_token_at_all" time="0.005" /><testcase classname="services.tests.test_bots.TestBotsService" name="test_get_repo_appropriate_bot_token_repo_with_user_with_integration_bot_not_using_it" time="0.005" /><testcase classname="services.tests.test_bots.TestBotsService" name="test_get_repo_appropriate_bot_token_repo_with_user_with_integration_bot_using_it" time="0.026" /><testcase classname="services.tests.test_bots.TestBotsService" name="test_get_owner_appropriate_bot_token_owner_no_bot_no_integration" time="0.005" /><testcase classname="services.tests.test_bots.TestBotsService" name="test_get_owner_appropriate_bot_token_owner_has_bot_no_integration" time="0.005" /><testcase classname="services.tests.test_bots.TestBotsService" name="test_get_owner_appropriate_bot_token_repo_with_no_oauth_token_at_all" time="0.005" /><testcase classname="services.tests.test_bots.TestBotsService" name="test_get_owner_appropriate_bot_token_with_user_with_integration_bot_using_it" time="0.131" /><testcase classname="services.tests.test_bundle_analysis" name="test_bytes_readable" time="0.004" /><testcase classname="services.tests.test_commit_status.TestCommitStatus" name="test_ci_providers_no_config" time="0.005" /><testcase classname="services.tests.test_commit_status.TestCommitStatus" name="test_ci_providers_config_list" time="0.005" /><testcase classname="services.tests.test_commit_status.TestCommitStatus" name="test_ci_providers_config_string" time="0.005" /><testcase classname="services.tests.test_commit_status.TestRepositoryCIFilter" name="test_filter" time="0.004" /><testcase classname="services.tests.test_commit_status.TestRepositoryCIFilter" name="test_filter_jenkins_excluded" time="0.004" /><testcase classname="services.tests.test_decoration.TestDecorationServiceTestCase" name="test_get_decoration_type_no_pull" time="0.004" /><testcase classname="services.tests.test_decoration.TestDecorationServiceTestCase" name="test_is_bot_account[True-email-dependabot[bot]@users.noreply.github.com]" time="0.004" /><testcase classname="services.tests.test_decoration.TestDecorationServiceTestCase" name="test_is_bot_account[True-email-29139614+renovate[bot]@users.noreply.github.com]" time="0.005" /><testcase classname="services.tests.test_decoration.TestDecorationServiceTestCase" name="test_is_bot_account[True-service_id-29139614]" time="0.004" /><testcase classname="services.tests.test_decoration.TestDecorationServiceTestCase" name="test_is_bot_account[False-None-None]" time="0.005" /><testcase classname="services.tests.test_failure_normalizer" name="test_failure_normalizer" time="0.010" /><testcase classname="services.tests.test_failure_normalizer" name="test_failure_normalizer_ignore_predefined" time="0.004" /><testcase classname="services.tests.test_failure_normalizer" name="test_failure_normalizer_append_predefined" time="0.004" /><testcase classname="services.tests.test_failure_normalizer" name="test_failure_normalizer_overwrite_predefined" time="0.004" /><testcase classname="services.tests.test_failure_normalizer" name="test_failure_normalizer_filepath" time="0.004" /><testcase classname="services.tests.test_failure_normalizer" name="test_from_random_cases[def test_subtract():\n&amp;gt;       assert Calculator.subtract(1, 2) == 1.0\nE       assert -1 == 1.0\nE        +  where -1 = &amp;lt;function Calculator.subtract at 0x7f43b21a3130&amp;gt;(1, 2)\nE        +    where &amp;lt;function Calculator.subtract at 0x7f43b21a3130&amp;gt; = Calculator.subtract\n\napp/test_calculator.py:12: AssertionError&quot;\n-def test_subtract():\n&amp;gt;       assert Calculator.subtract(NO, NO) == NO\nE       assert NO == NO\nE        +  where NO = &amp;lt;function Calculator.subtract at HEXNUMBER&amp;gt;(NO, NO)\nE        +    where &amp;lt;function Calculator.subtract at HEXNUMBER&amp;gt; = Calculator.subtract\n\napp/test_calculator.pyLINENO AssertionError&quot;\n]" time="0.004" /><testcase classname="services.tests.test_failure_normalizer" name="test_from_random_cases[mocker = &amp;lt;pytest_mock.plugin.MockFixture object at 0x6ddc0ae62550&amp;gt;\nmock_configuration = &amp;lt;shared.config.ConfigHelper object at 0x54dc9bb7c210&amp;gt;\nchain = mocker.patch(&quot;tasks.upload.chain&quot;)\nstorage_path = (\n    &quot;v1/repos/testing/ed1bdd67-8fd2-4cdb-ac9e-39b99e4a3892/bundle_report.sqlite&quot;\n)\nmessage=&quot;&quot;,\ncommitid=&quot;abf6d4df662c47e32460020ab14abf9303581429&quot;,\ns = b'\\x592f6b514678496f4333336a54314f71774c744f7934524d4479517778715270446678487459344769777458454a584d632b61633349432f35636c52635659473330782f7a496b7a5053542b426333454d614c5635673d3d'\naltchars = None, validate = False\n-mocker = &amp;lt;pytest_mock.plugin.MockFixture object at HEXNUMBER&amp;gt;\nmock_configuration = &amp;lt;shared.config.ConfigHelper object at HEXNUMBER&amp;gt;\nchain = mocker.patch(&quot;tasks.upload.chain&quot;)\nstorage_path = (\n    &quot;FILEPATH/testing/UUID/bundle_report.sqlite&quot;\n)\nmessage=&quot;&quot;,\ncommitid=&quot;HASH&quot;,\ns = b'\\xHASH'\naltchars = None, validate = False\n]" time="0.004" /><testcase classname="services.tests.test_license.TestLicenseService" name="test_requires_license" time="0.006" /><testcase classname="services.tests.test_redis.TestRedis" name="test_get_redis_connection" time="0.006" /><testcase classname="services.tests.test_smtp.TestSMTP" name="test_correct_init" time="0.008" /><testcase classname="services.tests.test_smtp.TestSMTP" name="test_idempotentconnectionection" time="0.022" /><testcase classname="services.tests.test_smtp.TestSMTP" name="test_empty_config" time="0.005" /><testcase classname="services.tests.test_smtp.TestSMTP" name="test_send" time="0.017" /><testcase classname="services.tests.test_storage.TestStorage" name="test_get_storage_client" time="0.004" /><testcase classname="services.tests.test_template.TestTemplate" name="test_get_template" time="0.004" /><testcase classname="services.tests.test_template.TestTemplate" name="test_get_template_html" time="0.004" /><testcase classname="services.tests.test_template.TestTemplate" name="test_get_template_no_kwargs" time="0.004" /><testcase classname="services.tests.test_template.TestTemplate" name="test_get_template_non_existing" time="0.004" /><testcase classname="services.tests.test_urls" name="test_append_tracking_params_to_urls" time="0.004" /><testcase classname="services.tests.unit.test_archive_service.TestArchiveService" name="test_read_file_hard_to_decode" time="0.005" /><testcase classname="services.tests.unit.test_archive_service.TestArchiveService" name="test_delete_repo_files" time="0.006" /><testcase classname="services.yaml.tests.test_yaml.TestYamlService" name="test_get_final_yaml_no_yaml_no_config_yaml" time="0.005" /><testcase classname="services.yaml.tests.test_yaml.TestYamlService" name="test_get_final_yaml_empty_yaml_no_config_yaml" time="0.005" /><testcase classname="services.yaml.tests.test_yaml.TestYamlService" name="test_get_final_yaml_no_yaml" time="0.005" /><testcase classname="services.yaml.tests.test_yaml.TestYamlService" name="test_get_final_yaml_no_thing_set_at_all" time="0.038" /><testcase classname="services.yaml.tests.test_yaml.TestYamlService" name="test_get_final_yaml_owner_yaml" time="0.005" /><testcase classname="services.yaml.tests.test_yaml.TestYamlService" name="test_get_final_yaml_both_repo_and_commit_yaml" time="0.005" /><testcase classname="services.yaml.tests.test_yaml.TestYamlService" name="test_get_current_yaml" time="0.021" /><testcase classname="services.yaml.tests.test_yaml.TestYamlService" name="test_get_current_yaml_with_owner_yaml" time="0.022" /><testcase classname="services.yaml.tests.test_yaml_fetching.TestYamlSavingService" name="test_fetch_commit_yaml_from_provider" time="0.020" /><testcase classname="services.yaml.tests.test_yaml_parsing.TestYamlSavingService" name="test_parse_empty_yaml" time="0.004" /><testcase classname="services.yaml.tests.test_yaml_parsing.TestYamlSavingService" name="test_parse_invalid_yaml" time="0.004" /><testcase classname="services.yaml.tests.test_yaml_parsing.TestYamlSavingService" name="test_parse_simple_yaml" time="0.018" /><testcase classname="services.yaml.tests.test_yaml_parsing.TestYamlSavingService" name="test_parse_big_yaml_file" time="0.033" /><testcase classname="services.yaml.tests.test_yaml_reader.TestYamlReader" name="test_round_number" time="0.004" /><testcase classname="services.yaml.tests.test_yaml_reader.TestYamlReader" name="test_get_paths_from_flags" time="0.004" /><testcase classname="services.yaml.tests.test_yaml_reader.TestYamlReader" name="test_get_components_no_default" time="0.004" /><testcase classname="services.yaml.tests.test_yaml_reader.TestYamlReader" name="test_get_components_default_no_components" time="0.004" /><testcase classname="services.yaml.tests.test_yaml_reader.TestYamlReader" name="test_get_components_default_only" time="0.003" /><testcase classname="services.yaml.tests.test_yaml_reader.TestYamlReader" name="test_get_components_all" time="0.004" /><testcase classname="services.yaml.tests.test_yaml_saving.TestYamlSavingService" name="test_save_repo_yaml_to_database_if_needed" time="0.006" /><testcase classname="services.yaml.tests.test_yaml_saving.TestYamlSavingService" name="test_save_repo_yaml_to_database_if_needed_with_new_branch" time="0.005" /><testcase classname="services.yaml.tests.test_yaml_saving.TestYamlSavingService" name="test_save_repo_yaml_to_database_not_needed" time="0.005" /><testcase classname="tasks.tests.unit.test_base.TestBaseCodecovRequest" name="test_sample_task_timeout" time="0.021" /><testcase classname="tasks.tests.unit.test_base.TestBaseCodecovRequest" name="test_sample_task_hard_timeout" time="0.031" /><testcase classname="tasks.tests.unit.test_base.TestBaseCodecovTaskApplyAsyncOverride" name="test_apply_async_override" time="0.023" /><testcase classname="tasks.tests.unit.test_base.TestBaseCodecovTaskApplyAsyncOverride" name="test_apply_async_override_with_chain" time="0.024" /><testcase classname="tasks.tests.unit.test_clean_labels_index.TestCleanLabelsIndexSyncronization" name="test__is_currently_processing[sha_1-True]" time="0.005" /><testcase classname="tasks.tests.unit.test_clean_labels_index.TestCleanLabelsIndexSyncronization" name="test__is_currently_processing[sha_2-False]" time="0.005" /><testcase classname="tasks.tests.unit.test_find_uncollected_profiling_uploads.TestFindUncollectedProfilingsTask" name="test_get_min_seconds_interval_between_executions" time="0.004" /><testcase classname="tasks.tests.unit.test_github_app_webhooks_check.TestGHAppWebhooksTask" name="test_apply_time_filter" time="0.004" /><testcase classname="tasks.tests.unit.test_github_app_webhooks_check.TestGHAppWebhooksTask" name="test_apply_event_filter" time="0.004" /><testcase classname="tasks.tests.unit.test_github_app_webhooks_check.TestGHAppWebhooksTask" name="test_apply_status_filter" time="0.004" /><testcase classname="tasks.tests.unit.test_github_app_webhooks_check.TestGHAppWebhooksTask" name="test_apply_filters_to_deliveries" time="0.004" /><testcase classname="tasks.tests.unit.test_github_app_webhooks_check.TestGHAppWebhooksTask" name="test_request_redeliveries_return_early" time="0.006" /><testcase classname="tasks.tests.unit.test_healthcheck_task.TestHealthCheckTask" name="test_get_queue_names_default" time="0.005" /><testcase classname="tasks.tests.unit.test_healthcheck_task.TestHealthCheckTask" name="test_get_queue_names_some_config" time="0.005" /><testcase classname="tasks.tests.unit.test_healthcheck_task.TestHealthCheckTask" name="test_get_redis_config_celery_broker" time="0.006" /><testcase classname="tasks.tests.unit.test_healthcheck_task.TestHealthCheckTask" name="test_get_redis_no_celery_broker" time="0.007" /><testcase classname="tasks.tests.unit.test_label_analysis" name="test_get_executable_lines_labels_all_labels" time="0.004" /><testcase classname="tasks.tests.unit.test_label_analysis" name="test_get_executable_lines_labels_all_labels_in_one_file" time="0.004" /><testcase classname="tasks.tests.unit.test_label_analysis" name="test_get_executable_lines_labels_some_labels_in_one_file" time="0.004" /><testcase classname="tasks.tests.unit.test_label_analysis" name="test_get_executable_lines_labels_some_labels_in_one_file_with_globals" time="0.004" /><testcase classname="tasks.tests.unit.test_label_analysis" name="test_get_executable_lines_labels_some_labels_in_one_file_other_null" time="0.004" /><testcase classname="tasks.tests.unit.test_label_analysis" name="test_get_all_labels_one_session" time="0.004" /><testcase classname="tasks.tests.unit.test_label_analysis_encoded_labels" name="test_get_executable_lines_labels_all_labels" time="0.004" /><testcase classname="tasks.tests.unit.test_label_analysis_encoded_labels" name="test_get_executable_lines_labels_all_labels_in_one_file" time="0.004" /><testcase classname="tasks.tests.unit.test_label_analysis_encoded_labels" name="test_get_executable_lines_labels_some_labels_in_one_file" time="0.004" /><testcase classname="tasks.tests.unit.test_label_analysis_encoded_labels" name="test_get_executable_lines_labels_some_labels_in_one_file_with_globals" time="0.004" /><testcase classname="tasks.tests.unit.test_label_analysis_encoded_labels" name="test_get_executable_lines_labels_some_labels_in_one_file_other_null" time="0.004" /><testcase classname="tasks.tests.unit.test_label_analysis_encoded_labels" name="test_get_all_labels_one_session" time="0.004" /><testcase classname="tasks.tests.unit.test_label_analysis_encoded_labels" name="test___get_existing_labels_no_labels_in_report" time="0.004" /><testcase classname="tasks.tests.unit.test_preprocess_upload.TestPreProcessUpload" name="test_is_running" time="0.005" /><testcase classname="tasks.tests.unit.test_profiling_summarization" name="test_summarize_simple_case" time="0.004" /><testcase classname="tasks.tests.unit.test_sync_pull.TestPullSyncTask" name="test_was_pr_merged_with_squash" time="0.004" /><testcase classname="tasks.tests.unit.test_upload_finisher_task.TestShouldCleanLabelsIndex" name="test_should_clean_labels_index[processing_results0-True]" time="0.004" /><testcase classname="tasks.tests.unit.test_upload_finisher_task.TestShouldCleanLabelsIndex" name="test_should_clean_labels_index[processing_results1-False]" time="0.004" /><testcase classname="tasks.tests.unit.test_upload_finisher_task.TestShouldCleanLabelsIndex" name="test_should_clean_labels_index[processing_results2-True]" time="0.004" /><testcase classname="tasks.tests.unit.test_upload_finisher_task.TestShouldCleanLabelsIndex" name="test_should_clean_labels_index[processing_results3-False]" time="0.004" /><testcase classname="tasks.tests.unit.test_upload_finisher_task.TestShouldCleanLabelsIndex" name="test_should_clean_labels_index[processing_results4-True]" time="0.004" /><testcase classname="tasks.tests.unit.test_upload_processing_task" name="test_default_acks_late" time="0.004" /><testcase classname="tasks.tests.unit.test_upload_processing_task.TestUploadProcessorTask" name="test_schedule_for_later_try" time="0.005" /><testcase classname="tasks.tests.unit.test_upload_task.TestUploadTaskUnit" name="test_list_of_arguments" time="0.005" /><testcase classname="tasks.tests.unit.test_upload_task.TestUploadTaskUnit" name="test_is_currently_processing" time="0.005" /><testcase classname="tasks.tests.unit.test_upload_task.TestUploadTaskUnit" name="test_possibly_setup_webhooks_public_repo" time="0.012" /><testcase classname="tests.unit.test_main" name="test_get_queues_param_from_queue_input" time="0.004" /><testcase classname="tests.unit.test_main" name="test_run_empty_config" time="0.007" /><testcase classname="tests.unit.test_main" name="test_sys_path_append_on_enterprise" time="0.006" /><testcase classname="tests.unit.test_main" name="test_run_already_existing_root_storage" time="0.006" /><testcase classname="tests.unit.test_main" name="test_get_cli_help" time="0.005" /><testcase classname="tests.unit.test_main" name="test_deal_unsupported_commands" time="0.004" /><testcase classname="tests.unit.test_main" name="test_deal_worker_command_default" time="0.010" /><testcase classname="tests.unit.test_main" name="test_deal_worker_command" time="0.009" /><testcase classname="tests.unit.test_main" name="test_main" time="5.552" /></testsuite></testsuites>